<html>
<body>
<pre>
<h1>礦ision Build Log</h1>
<h2>Tool Versions:</h2>
IDE-Version: μVision V5.21.1.0
Copyright (C) 2016 ARM Ltd and ARM Germany GmbH. All rights reserved.
License Information: jokie leung, jokie, LIC=KRMKP-MJIGP-KBCER-KBEV8-WPZ1V-NSZ1F
 
Tool Versions:
Toolchain:       MDK-ARM Plus  Version: 5.21a
Toolchain Path:  D:\Keil_v5\ARM\ARMCC\Bin
C Compiler:      Armcc.exe V5.06 update 3 (build 300)
Assembler:       Armasm.exe V5.06 update 3 (build 300)
Linker/Locator:  ArmLink.exe V5.06 update 3 (build 300)
Library Manager: ArmAr.exe V5.06 update 3 (build 300)
Hex Converter:   FromElf.exe V5.06 update 3 (build 300)
CPU DLL:         SARMCM3.DLL V5.21a
Dialog DLL:      DARMSTM.DLL V1.66.0.1
Target DLL:      CMSIS_AGDI.dll V1.26.5.0
Dialog DLL:      TARMSTM.DLL V1.65.0.0
 
<h2>Project:</h2>
D:\ProjectPlus\Keil 32Program\烘洗机相关工程\机智云IOT-Washer\USER\IOT_WASHER.uvprojx
Project File Date:  03/05/2018

<h2>Output:</h2>
*** Using Compiler 'V5.06 update 3 (build 300)', folder: 'D:\Keil_v5\ARM\ARMCC\Bin'
Build target 'IOT_BEEP'
compiling gizwits_product.c...
linking...
Program Size: Code=29438 RO-data=422 RW-data=300 ZI-data=10068  
FromELF: creating hex file...
"..\OBJ\IOT_BEEP.axf" - 0 Error(s), 0 Warning(s).

<h2>Collection of Component include folders:</h2>
  D:\ProjectPlus\Keil 32Program\烘洗机相关工程\机智云IOT-Washer\USER\RTE

<h2>Collection of Component Files used:</h2>
Build Time Elapsed:  00:00:02
</pre>
</body>
</html>
