Component: ARM Compiler 5.06 update 3 (build 300) Tool: armlink [4d35c9]

==============================================================================

Section Cross References

    main.o(.text) refers to timer.o(.text) for TIM3_Int_Init
    main.o(.text) refers to usart3.o(.text) for usart3_init
    main.o(.text) refers to rt_memclr.o(.text) for __aeabi_memclr
    main.o(.text) refers to gizwits_protocol.o(.text) for gizwitsInit
    main.o(.text) refers to ffix.o(x$fpl$ffix) for __aeabi_f2iz
    main.o(.text) refers to delay.o(.text) for delay_init
    main.o(.text) refers to misc.o(.text) for NVIC_PriorityGroupConfig
    main.o(.text) refers to adc.o(.text) for Adc_Init
    main.o(.text) refers to sht2x.o(.text) for SHT2x_Init
    main.o(.text) refers to usart_to_lcd.o(.text) for USART2_Init
    main.o(.text) refers to relay.o(.text) for RELAY_Init
    main.o(.text) refers to tim4.o(.text) for TIM4_Int_Init
    main.o(.text) refers to usart.o(.text) for uart_init
    main.o(.text) refers to beep.o(.text) for BEEP_Init
    main.o(.text) refers to tim5.o(.text) for TIM5_Int_Init
    main.o(.text) refers to voice.o(.text) for Voice_Init
    main.o(.text) refers to noretval__2printf.o(.text) for __2printf
    main.o(.text) refers to washer.o(.text) for wash_func
    main.o(.text) refers to dry.o(.text) for dry_func
    main.o(.text) refers to main.o(.bss) for currentDataPoint
    main.o(.text) refers to main.o(.data) for washing_flag
    main.o(.text) refers to usart_to_lcd.o(.data) for Pres
    main.o(.text) refers to washer.o(.data) for WASH_TIME
    main.o(.text) refers to tim4.o(.data) for START_W_ARY
    system_stm32f10x.o(.text) refers to system_stm32f10x.o(.data) for SystemCoreClock
    led.o(.text) refers to stm32f10x_rcc.o(.text) for RCC_APB2PeriphClockCmd
    led.o(.text) refers to stm32f10x_gpio.o(.text) for GPIO_Init
    key.o(.text) refers to stm32f10x_rcc.o(.text) for RCC_APB2PeriphClockCmd
    key.o(.text) refers to stm32f10x_gpio.o(.text) for GPIO_Init
    key.o(.text) refers to delay.o(.text) for delay_ms
    key.o(.text) refers to key.o(.data) for key_up
    timer.o(.text) refers to stm32f10x_rcc.o(.text) for RCC_APB1PeriphClockCmd
    timer.o(.text) refers to stm32f10x_tim.o(.text) for TIM_TimeBaseInit
    timer.o(.text) refers to misc.o(.text) for NVIC_Init
    timer.o(.text) refers to gizwits_product.o(.text) for gizTimerMs
    usart3.o(.text) refers to stm32f10x_usart.o(.text) for USART_GetITStatus
    usart3.o(.text) refers to gizwits_protocol.o(.text) for gizPutData
    usart3.o(.text) refers to stm32f10x_rcc.o(.text) for RCC_APB2PeriphClockCmd
    usart3.o(.text) refers to stm32f10x_gpio.o(.text) for GPIO_Init
    usart3.o(.text) refers to misc.o(.text) for NVIC_Init
    beep.o(.text) refers to stm32f10x_rcc.o(.text) for RCC_APB2PeriphClockCmd
    beep.o(.text) refers to stm32f10x_gpio.o(.text) for GPIO_Init
    adc.o(.text) refers to stm32f10x_rcc.o(.text) for RCC_APB2PeriphClockCmd
    adc.o(.text) refers to stm32f10x_gpio.o(.text) for GPIO_Init
    adc.o(.text) refers to stm32f10x_adc.o(.text) for ADC_DeInit
    adc.o(.text) refers to delay.o(.text) for delay_ms
    adc.o(.text) refers to dflt_clz.o(x$fpl$dfltu) for __aeabi_ui2d
    adc.o(.text) refers to dmul.o(x$fpl$dmul) for __aeabi_dmul
    adc.o(.text) refers to daddsub_clz.o(x$fpl$dsub) for __aeabi_dsub
    myiic.o(.text) refers to stm32f10x_rcc.o(.text) for RCC_APB2PeriphClockCmd
    myiic.o(.text) refers to stm32f10x_gpio.o(.text) for GPIO_Init
    myiic.o(.text) refers to delay.o(.text) for delay_us
    relay.o(.text) refers to stm32f10x_rcc.o(.text) for RCC_APB2PeriphClockCmd
    relay.o(.text) refers to stm32f10x_gpio.o(.text) for GPIO_Init
    sht2x.o(.text) refers to myiic.o(.text) for I2C_Start
    sht2x.o(.text) refers to delay.o(.text) for delay_ms
    sht2x.o(.text) refers to fflt_clz.o(x$fpl$ffltu) for __aeabi_ui2f
    sht2x.o(.text) refers to f2d.o(x$fpl$f2d) for __aeabi_f2d
    sht2x.o(.text) refers to dmul.o(x$fpl$dmul) for __aeabi_dmul
    sht2x.o(.text) refers to daddsub_clz.o(x$fpl$dsub) for __aeabi_dsub
    sht2x.o(.text) refers to d2f.o(x$fpl$d2f) for __aeabi_d2f
    tim4.o(.text) refers to stm32f10x_rcc.o(.text) for RCC_APB1PeriphClockCmd
    tim4.o(.text) refers to stm32f10x_tim.o(.text) for TIM_TimeBaseInit
    tim4.o(.text) refers to misc.o(.text) for NVIC_Init
    tim4.o(.text) refers to main.o(.text) for userHandle
    tim4.o(.text) refers to gizwits_protocol.o(.text) for gizwitsHandle
    tim4.o(.text) refers to usart_to_lcd.o(.text) for GetEveryDisPara
    tim4.o(.text) refers to voice.o(.text) for VoiceDetect
    tim4.o(.text) refers to washer.o(.text) for Rst_Wash
    tim4.o(.text) refers to delay.o(.text) for delay_us
    tim4.o(.text) refers to dry.o(.text) for Rst_Dry
    tim4.o(.text) refers to tim4.o(.data) for TenMsCnt
    tim4.o(.text) refers to main.o(.bss) for currentDataPoint
    tim4.o(.text) refers to usart_to_lcd.o(.data) for WashDryTime
[...]
    .text                                    0x08003208   Section        0  stm32f10x_usart.o(.text)
    .text                                    0x08003610   Section        0  stm32f10x_adc.o(.text)
    .text                                    0x08003a60   Section        0  gizwits_product.o(.text)
    .text                                    0x08003de4   Section        0  gizwits_protocol.o(.text)
    rbCreate                                 0x08003de5   Thumb Code    26  gizwits_protocol.o(.text)
    rbDelete                                 0x08003dff   Thumb Code    28  gizwits_protocol.o(.text)
    rbCapacity                               0x08003e1b   Thumb Code    22  gizwits_protocol.o(.text)
    rbCanRead                                0x08003e31   Thumb Code    62  gizwits_protocol.o(.text)
    rbCanWrite                               0x08003e6f   Thumb Code    36  gizwits_protocol.o(.text)
    rbRead                                   0x08003e93   Thumb Code   174  gizwits_protocol.o(.text)
    rbWrite                                  0x08003f41   Thumb Code   186  gizwits_protocol.o(.text)
    gizProtocolSum                           0x0800402f   Thumb Code    52  gizwits_protocol.o(.text)
    gizProtocolExchangeBytes                 0x08004063   Thumb Code    22  gizwits_protocol.o(.text)
    gizExchangeWord                          0x08004079   Thumb Code    26  gizwits_protocol.o(.text)
    gizByteOrderExchange                     0x08004093   Thumb Code    64  gizwits_protocol.o(.text)
    gizY2X                                   0x080040d3   Thumb Code    14  gizwits_protocol.o(.text)
    gizX2Y                                   0x080040e1   Thumb Code    12  gizwits_protocol.o(.text)
    gizY2XFloat                              0x080040ed   Thumb Code    42  gizwits_protocol.o(.text)
    gizX2YFloat                              0x08004117   Thumb Code    42  gizwits_protocol.o(.text)
    gizAcrossByteJudge                       0x08004141   Thumb Code    42  gizwits_protocol.o(.text)
    gizProtocolHeadInit                      0x0800416b   Thumb Code    34  gizwits_protocol.o(.text)
    gizProtocolWaitAck                       0x0800418d   Thumb Code   416  gizwits_protocol.o(.text)
    gizDecompressionValue                    0x0800432d   Thumb Code   202  gizwits_protocol.o(.text)
    gizCompressValue                         0x080043f7   Thumb Code   136  gizwits_protocol.o(.text)
    gizDataPoint2Event                       0x08004499   Thumb Code   306  gizwits_protocol.o(.text)
    gizCheckReport                           0x080045cb   Thumb Code   278  gizwits_protocol.o(.text)
    gizDataPoints2ReportData                 0x080046e1   Thumb Code   694  gizwits_protocol.o(.text)
    gizProtocolIssuedProcess                 0x08004997   Thumb Code   214  gizwits_protocol.o(.text)
    gizProtocolIssuedDataAck                 0x08004a6d   Thumb Code   204  gizwits_protocol.o(.text)
    gizReportData                            0x08004b39   Thumb Code   134  gizwits_protocol.o(.text)
    gizDevReportPolicy                       0x08004bbf   Thumb Code   120  gizwits_protocol.o(.text)
    gizProtocolGetOnePacket                  0x08004c37   Thumb Code   672  gizwits_protocol.o(.text)
    gizProtocolResendData                    0x08004ed7   Thumb Code    66  gizwits_protocol.o(.text)
    gizProtocolWaitAckCheck                  0x08004f19   Thumb Code    48  gizwits_protocol.o(.text)
    gizProtocolCommonAck                     0x08004f49   Thumb Code    88  gizwits_protocol.o(.text)
    gizProtocolAckHandle                     0x08004fa1   Thumb Code    98  gizwits_protocol.o(.text)
    gizProtocolGetDeviceInfo                 0x08005003   Thumb Code   184  gizwits_protocol.o(.text)
    gizProtocolErrorCmd                      0x080050bb   Thumb Code    92  gizwits_protocol.o(.text)
    gizProtocolNTP                           0x08005117   Thumb Code   104  gizwits_protocol.o(.text)
    gizProtocolReboot                        0x0800517f   Thumb Code    28  gizwits_protocol.o(.text)
    gizProtocolModuleStatus                  0x0800519b   Thumb Code  1400  gizwits_protocol.o(.text)
    .text                                    0x08005e8c   Section        0  dry.o(.text)
    .text                                    0x08005fec   Section        0  washer.o(.text)
    .text                                    0x08006284   Section        2  use_no_semi_2.o(.text)
    .text                                    0x08006288   Section        0  noretval__2printf.o(.text)
    .text                                    0x080062a0   Section        0  _printf_pad.o(.text)
    .text                                    0x080062f0   Section        0  _printf_dec.o(.text)
    .text                                    0x08006368   Section        0  __printf_flags_wp.o(.text)
    .text                                    0x080064a0   Section      138  rt_memcpy_v6.o(.text)
    .text                                    0x0800652a   Section      100  rt_memcpy_w.o(.text)
    .text                                    0x0800658e   Section       68  rt_memclr.o(.text)
    .text                                    0x080065d2   Section       78  rt_memclr_w.o(.text)
    .text                                    0x08006620   Section        0  heapauxi.o(.text)
    .text                                    0x08006626   Section        2  use_no_semi.o(.text)
    .text                                    0x08006628   Section        0  _printf_intcommon.o(.text)
    .text                                    0x080066dc   Section        0  _printf_char_file.o(.text)
    .text                                    0x08006700   Section        0  _printf_char_common.o(.text)
    _printf_input_char                       0x08006701   Thumb Code    10  _printf_char_common.o(.text)
    .text                                    0x08006730   Section        0  ferror.o(.text)
    .text                                    0x08006738   Section       74  sys_stackheap_outer.o(.text)
    .text                                    0x08006782   Section        0  exit.o(.text)
    .text                                    0x08006794   Section        8  libspace.o(.text)
    i._is_digit                              0x0800679c   Section        0  __printf_wp.o(i._is_digit)
    x$fpl$d2f                                0x080067ac   Section       98  d2f.o(x$fpl$d2f)
    x$fpl$dadd                               0x08006810   Section      336  daddsub_clz.o(x$fpl$dadd)
    _dadd1                                   0x08006821   Thumb Code     0  daddsub_clz.o(x$fpl$dadd)
    x$fpl$dcmpinf                            0x08006960   Section       24  dcmpi.o(x$fpl$dcmpinf)
    x$fpl$dfltu                              0x08006978   Section       38  dflt_clz.o(x$fpl$dfltu)
    x$fpl$dleqf                              0x080069a0   Section      120  dleqf.o(x$fpl$dleqf)
    x$fpl$dmul                               0x08006a18   Section      340  dmul.o(x$fpl$dmul)
    x$fpl$dnaninf                            0x08006b6c   Section      156  dnaninf.o(x$fpl$dnaninf)
    x$fpl$dretinf                            0x08006c08   Section       12  dretinf.o(x$fpl$dretinf)
    x$fpl$drleqf                             0x08006c14   Section      108  drleqf.o(x$fpl$drleqf)
    x$fpl$dsub                               0x08006c80   Section      468  daddsub_clz.o(x$fpl$dsub)
    _dsub1                                   0x08006c91   Thumb Code     0  daddsub_clz.o(x$fpl$dsub)
    x$fpl$f2d                                0x08006e54   Section       86  f2d.o(x$fpl$f2d)
    x$fpl$fadd                               0x08006eac   Section      196  faddsub_clz.o(x$fpl$fadd)
    _fadd1                                   0x08006ebb   Thumb Code     0  faddsub_clz.o(x$fpl$fadd)
    x$fpl$fcmpinf                            0x08006f70   Section       24  fcmpi.o(x$fpl$fcmpinf)
    x$fpl$fdiv                               0x08006f88   Section      388  fdiv.o(x$fpl$fdiv)
    _fdiv1                                   0x08006f89   Thumb Code     0  fdiv.o(x$fpl$fdiv)
    x$fpl$feqf                               0x0800710c   Section      104  feqf.o(x$fpl$feqf)
    x$fpl$ffix                               0x08007174   Section       54  ffix.o(x$fpl$ffix)
    x$fpl$ffixu                              0x080071ac   Section       62  ffixu.o(x$fpl$ffixu)
    x$fpl$ffltu                              0x080071ec   Section       38  fflt_clz.o(x$fpl$ffltu)
    x$fpl$fmul                               0x08007214   Section      258  fmul.o(x$fpl$fmul)
    x$fpl$fnaninf                            0x08007316   Section      140  fnaninf.o(x$fpl$fnaninf)
    x$fpl$fretinf                            0x080073a2   Section       10  fretinf.o(x$fpl$fretinf)
    x$fpl$fsub                               0x080073ac   Section      234  faddsub_clz.o(x$fpl$fsub)
    _fsub1                                   0x080073bb   Thumb Code     0  faddsub_clz.o(x$fpl$fsub)
    .constdata                               0x08007496   Section       17  __printf_flags_wp.o(.constdata)
    x$fpl$usenofp                            0x08007496   Section        0  usenofp.o(x$fpl$usenofp)
    maptable                                 0x08007496   Data          17  __printf_flags_wp.o(.constdata)
    .conststring                             0x080074a8   Section       65  gizwits_protocol.o(.conststring)
    .data                                    0x20000000   Section        3  main.o(.data)
    .data                                    0x20000004   Section       20  system_stm32f10x.o(.data)
    .data                                    0x20000018   Section       24  tim4.o(.data)
    .data                                    0x20000030   Section       11  tim5.o(.data)
    .data                                    0x2000003c   Section      216  usart_to_lcd.o(.data)
    .data                                    0x20000114   Section        4  delay.o(.data)
    fac_us                                   0x20000114   Data           1  delay.o(.data)
    fac_ms                                   0x20000116   Data           2  delay.o(.data)
    .data                                    0x20000118   Section        6  usart.o(.data)
    .data                                    0x2000011e   Section       20  stm32f10x_rcc.o(.data)
    APBAHBPrescTable                         0x2000011e   Data          16  stm32f10x_rcc.o(.data)
    ADCPrescTable                            0x2000012e   Data           4  stm32f10x_rcc.o(.data)
    .data                                    0x20000134   Section        4  gizwits_product.o(.data)
    timerMsCount                             0x20000134   Data           4  gizwits_product.o(.data)
    .data                                    0x20000138   Section       12  gizwits_protocol.o(.data)
    lastReportTime                           0x20000138   Data           4  gizwits_protocol.o(.data)
    protocolFlag                             0x2000013c   Data           1  gizwits_protocol.o(.data)
    protocolCount                            0x2000013e   Data           2  gizwits_protocol.o(.data)
    lastData                                 0x20000140   Data           1  gizwits_protocol.o(.data)
    debugCount                               0x20000141   Data           1  gizwits_protocol.o(.data)
    lastStatus                               0x20000142   Data           2  gizwits_protocol.o(.data)
    .data                                    0x20000144   Section        2  dry.o(.data)
    .data                                    0x20000148   Section       10  washer.o(.data)
    .bss                                     0x20000154   Section       27  main.o(.bss)
    .bss                                     0x2000016f   Section      200  usart_to_lcd.o(.bss)
    .bss                                     0x20000237   Section      200  usart.o(.bss)
    .bss                                     0x20000300   Section     4936  gizwits_protocol.o(.bss)
    rbBuf                                    0x20000edc   Data        1900  gizwits_protocol.o(.bss)
    .bss                                     0x20001648   Section       96  libspace.o(.bss)
    HEAP                                     0x200016a8   Section      512  startup_stm32f10x_hd.o(HEAP)
    Heap_Mem                                 0x200016a8   Data         512  startup_stm32f10x_hd.o(HEAP)
    STACK                                    0x200018a8   Section     4096  startup_stm32f10x_hd.o(STACK)
    Stack_Mem                                0x200018a8   Data        4096  startup_stm32f10x_hd.o(STACK)
    __initial_sp                             0x200028a8   Data           0  startup_stm32f10x_hd.o(STACK)

    Global Symbols

    Symbol Name                              Value     Ov Type        Size  Object(Section)

    BuildAttributes$$THM_ISAv4$P$D$K$B$S$PE$A:L22UL41UL21$X:L11$S22US41US21$IEEE1$IW$USESV6$~STKCKD$USESV7$~SHL$OSPACE$ROPI$EBA8$UX$STANDARDLIB$REQ8$PRES8$EABIv2 0x00000000   Number         0  anon$$obj.o ABSOLUTE
    __ARM_use_no_argv                        0x00000000   Number         0  main.o ABSOLUTE
    _printf_flags                            0x00000000   Number         0  printf_stubs.o ABSOLUTE
    _printf_return_value                     0x00000000   Number         0  printf_stubs.o ABSOLUTE
    _printf_sizespec                         0x00000000   Number         0  printf_stubs.o ABSOLUTE
    _printf_widthprec                        0x00000000   Number         0  printf_stubs.o ABSOLUTE
    __ARM_exceptions_init                     - Undefined Weak Reference
    __alloca_initialize                       - Undefined Weak Reference
    __arm_preinit_                            - Undefined Weak Reference
    __cpp_initialize__aeabi_                  - Undefined Weak Reference
    __cxa_finalize                            - Undefined Weak Reference
    __rt_locale                               - Undefined Weak Reference
    __sigvec_lookup                           - Undefined Weak Reference
    _atexit_init                              - Undefined Weak Reference
    _call_atexit_fns                          - Undefined Weak Reference
    _clock_init                               - Undefined Weak Reference
    _fp_trap_init                             - Undefined Weak Reference
    _fp_trap_shutdown                         - Undefined Weak Reference
    _get_lc_collate                           - Undefined Weak Reference
    _get_lc_ctype                             - Undefined Weak Reference
    _get_lc_monetary                          - Undefined Weak Reference
    _get_lc_numeric                           - Undefined Weak Reference
    _get_lc_time                              - Undefined Weak Reference
    _getenv_init                              - Undefined Weak Reference
    _handle_redirection                       - Undefined Weak Reference
    _init_alloc                               - Undefined Weak Reference
    _init_user_alloc                          - Undefined Weak Reference
    _initio                                   - Undefined Weak Reference
    _mutex_acquire                            - Undefined Weak Reference
    _mutex_release                            - Undefined Weak Reference
    _printf_truncate_signed                   - Undefined Weak Reference
    _printf_truncate_unsigned                 - Undefined Weak Reference
    _rand_init                                - Undefined Weak Reference
    _signal_finish                            - Undefined Weak Reference
    _signal_init                              - Undefined Weak Reference
    _terminate_alloc                          - Undefined Weak Reference
    _terminate_user_alloc                     - Undefined Weak Reference
    _terminateio                              - Undefined Weak Reference
    __Vectors_Size                           0x00000130   Number         0  startup_stm32f10x_hd.o ABSOLUTE
    __Vectors                                0x08000000   Data           4  startup_stm32f10x_hd.o(RESET)
    __Vectors_End                            0x08000130   Data           0  startup_stm32f10x_hd.o(RESET)
    __main                                   0x08000131   Thumb Code     8  __main.o(!!!main)
    __scatterload                            0x08000139   Thumb Code     0  __scatter.o(!!!scatter)
    __scatterload_rt2                        0x08000139   Thumb Code    44  __scatter.o(!!!scatter)
    __scatterload_rt2_thumb_only             0x08000139   Thumb Code     0  __scatter.o(!!!scatter)
    __scatterload_null                       0x08000147   Thumb Code     0  __scatter.o(!!!scatter)
    __decompress                             0x0800016d   Thumb Code    90  __dczerorl2.o(!!dczerorl2)
    __decompress1                            0x0800016d   Thumb Code     0  __dczerorl2.o(!!dczerorl2)
    __scatterload_zeroinit                   0x080001c9   Thumb Code    28  __scatter_zi.o(!!handler_zi)
    _printf_d                                0x080001e5   Thumb Code     0  _printf_d.o(.ARM.Collect$$_printf_percent$$00000009)
    _printf_percent                          0x080001e5   Thumb Code     0  _printf_percent.o(.ARM.Collect$$_printf_percent$$00000000)
    _printf_percent_end                      0x080001eb   Thumb Code     0  _printf_percent_end.o(.ARM.Collect$$_printf_percent$$00000017)
    __rt_lib_init                            0x080001ef   Thumb Code     0  libinit.o(.ARM.Collect$$libinit$$00000000)
    __rt_lib_init_alloca_1                   0x080001f1   Thumb Code     0  libinit2.o(.ARM.Collect$$libinit$$0000002E)
    __rt_lib_init_argv_1                     0x080001f1   Thumb Code     0  libinit2.o(.ARM.Collect$$libinit$$0000002C)
    __rt_lib_init_atexit_1                   0x080001f1   Thumb Code     0  libinit2.o(.ARM.Collect$$libinit$$0000001B)
    __rt_lib_init_clock_1                    0x080001f1   Thumb Code     0  libinit2.o(.ARM.Collect$$libinit$$00000021)
    __rt_lib_init_cpp_1                      0x080001f1   Thumb Code     0  libinit2.o(.ARM.Collect$$libinit$$00000032)
    __rt_lib_init_exceptions_1               0x080001f1   Thumb Code     0  libinit2.o(.ARM.Collect$$libinit$$00000030)
    __rt_lib_init_fp_1                       0x080001f1   Thumb Code     0  libinit2.o(.ARM.Collect$$libinit$$00000002)
    __rt_lib_init_fp_trap_1                  0x080001f1   Thumb Code     0  libinit2.o(.ARM.Collect$$libinit$$0000001F)
    __rt_lib_init_getenv_1                   0x080001f1   Thumb Code     0  libinit2.o(.ARM.Collect$$libinit$$00000023)
    __rt_lib_init_heap_1                     0x080001f1   Thumb Code     0  libinit2.o(.ARM.Collect$$libinit$$0000000A)
    __rt_lib_init_lc_collate_1               0x080001f1   Thumb Code     0  libinit2.o(.ARM.Collect$$libinit$$00000011)
    __rt_lib_init_lc_ctype_1                 0x080001f1   Thumb Code     0  libinit2.o(.ARM.Collect$$libinit$$00000013)
    __rt_lib_init_lc_monetary_1              0x080001f1   Thumb Code     0  libinit2.o(.ARM.Collect$$libinit$$00000015)
    __rt_lib_init_lc_numeric_1               0x080001f1   Thumb Code     0  libinit2.o(.ARM.Collect$$libinit$$00000017)
    __rt_lib_init_lc_time_1                  0x080001f1   Thumb Code     0  libinit2.o(.ARM.Collect$$libinit$$00000019)
    __rt_lib_init_preinit_1                  0x080001f1   Thumb Code     0  libinit2.o(.ARM.Collect$$libinit$$00000004)
    __rt_lib_init_rand_1                     0x080001f1   Thumb Code     0  libinit2.o(.ARM.Collect$$libinit$$0000000E)
    __rt_lib_init_return                     0x080001f1   Thumb Code     0  libinit2.o(.ARM.Collect$$libinit$$00000033)
    __rt_lib_init_signal_1                   0x080001f1   Thumb Code     0  libinit2.o(.ARM.Collect$$libinit$$0000001D)
    __rt_lib_init_stdio_1                    0x080001f1   Thumb Code     0  libinit2.o(.ARM.Collect$$libinit$$00000025)
    __rt_lib_init_user_alloc_1               0x080001f1   Thumb Code     0  libinit2.o(.ARM.Collect$$libinit$$0000000C)
    __rt_lib_shutdown                        0x080001f3   Thumb Code     0  libshutdown.o(.ARM.Collect$$libshutdown$$00000000)
    __rt_lib_shutdown_cpp_1                  0x080001f5   Thumb Code     0  libshutdown2.o(.ARM.Collect$$libshutdown$$00000002)
    __rt_lib_shutdown_fp_trap_1              0x080001f5   Thumb Code     0  libshutdown2.o(.ARM.Collect$$libshutdown$$00000007)
    __rt_lib_shutdown_heap_1                 0x080001f5   Thumb Code     0  libshutdown2.o(.ARM.Collect$$libshutdown$$0000000F)
    __rt_lib_shutdown_return                 0x080001f5   Thumb Code     0  libshutdown2.o(.ARM.Collect$$libshutdown$$00000010)
    __rt_lib_shutdown_signal_1               0x080001f5   Thumb Code     0  libshutdown2.o(.ARM.Collect$$libshutdown$$0000000A)
    __rt_lib_shutdown_stdio_1                0x080001f5   Thumb Code     0  libshutdown2.o(.ARM.Collect$$libshutdown$$00000004)
    __rt_lib_shutdown_user_alloc_1           0x080001f5   Thumb Code     0  libshutdown2.o(.ARM.Collect$$libshutdown$$0000000C)
    __rt_entry                               0x080001f7   Thumb Code     0  __rtentry.o(.ARM.Collect$$rtentry$$00000000)
    __rt_entry_presh_1                       0x080001f7   Thumb Code     0  __rtentry2.o(.ARM.Collect$$rtentry$$00000002)
    __rt_entry_sh                            0x080001f7   Thumb Code     0  __rtentry4.o(.ARM.Collect$$rtentry$$00000004)
    __rt_entry_li                            0x080001fd   Thumb Code     0  __rtentry2.o(.ARM.Collect$$rtentry$$0000000A)
    __rt_entry_postsh_1                      0x080001fd   Thumb Code     0  __rtentry2.o(.ARM.Collect$$rtentry$$00000009)
    __rt_entry_main                          0x08000201   Thumb Code     0  __rtentry2.o(.ARM.Collect$$rtentry$$0000000D)
    __rt_entry_postli_1                      0x08000201   Thumb Code     0  __rtentry2.o(.ARM.Collect$$rtentry$$0000000C)
    __rt_exit                                0x08000209   Thumb Code     0  rtexit.o(.ARM.Collect$$rtexit$$00000000)
    __rt_exit_ls                             0x0800020b   Thumb Code     0  rtexit2.o(.ARM.Collect$$rtexit$$00000003)
    __rt_exit_prels_1                        0x0800020b   Thumb Code     0  rtexit2.o(.ARM.Collect$$rtexit$$00000002)
    __rt_exit_exit                           0x0800020f   Thumb Code     0  rtexit2.o(.ARM.Collect$$rtexit$$00000004)
    Gizwits_Init                             0x08000215   Thumb Code    34  main.o(.text)
    userHandle                               0x08000237   Thumb Code   126  main.o(.text)
    main                                     0x080002b5   Thumb Code   200  main.o(.text)
    NMI_Handler                              0x08000409   Thumb Code     2  stm32f10x_it.o(.text)
    HardFault_Handler                        0x0800040b   Thumb Code     4  stm32f10x_it.o(.text)
    MemManage_Handler                        0x0800040f   Thumb Code     4  stm32f10x_it.o(.text)
    BusFault_Handler                         0x08000413   Thumb Code     4  stm32f10x_it.o(.text)
    UsageFault_Handler                       0x08000417   Thumb Code     4  stm32f10x_it.o(.text)
    SVC_Handler                              0x0800041b   Thumb Code     2  stm32f10x_it.o(.text)
    DebugMon_Handler                         0x0800041d   Thumb Code     2  stm32f10x_it.o(.text)
    PendSV_Handler                           0x0800041f   Thumb Code     2  stm32f10x_it.o(.text)
    SysTick_Handler                          0x08000421   Thumb Code     2  stm32f10x_it.o(.text)
    SystemInit                               0x08000503   Thumb Code    78  system_stm32f10x.o(.text)
    SystemCoreClockUpdate                    0x08000551   Thumb Code   142  system_stm32f10x.o(.text)
    TIM3_Int_Init                            0x08000605   Thumb Code    90  timer.o(.text)
    TIM3_IRQHandler                          0x0800065f   Thumb Code    26  timer.o(.text)
    USART3_IRQHandler                        0x0800067d   Thumb Code    34  usart3.o(.text)
    usart3_init                              0x0800069f   Thumb Code   166  usart3.o(.text)
    BEEP_Init                                0x0800074d   Thumb Code    50  beep.o(.text)
    Adc_Init                                 0x08000785   Thumb Code   132  adc.o(.text)
    Get_Adc                                  0x08000809   Thumb Code    46  adc.o(.text)
    Get_Adc_Average                          0x08000837   Thumb Code    46  adc.o(.text)
    GetPresAverage                           0x08000865   Thumb Code    80  adc.o(.text)
    Adc3_Init                                0x080008b5   Thumb Code   132  adc.o(.text)
    Get_Adc3                                 0x08000939   Thumb Code    46  adc.o(.text)
    Get_Adc3_Average                         0x08000967   Thumb Code    46  adc.o(.text)
    GetGravAverage                           0x08000995   Thumb Code    80  adc.o(.text)
    I2C_INIT                                 0x08000a05   Thumb Code    60  myiic.o(.text)
    I2C_SDA_OUT                              0x08000a41   Thumb Code    32  myiic.o(.text)
    I2C_SDA_IN                               0x08000a61   Thumb Code    26  myiic.o(.text)
    I2C_Start                                0x08000a7b   Thumb Code    60  myiic.o(.text)
    I2C_Stop                                 0x08000ab7   Thumb Code    60  myiic.o(.text)
    I2C_Ack                                  0x08000af3   Thumb Code    60  myiic.o(.text)
    I2C_NAck                                 0x08000b2f   Thumb Code    60  myiic.o(.text)
    I2C_Wait_Ack                             0x08000b6b   Thumb Code    86  myiic.o(.text)
    I2C_Send_Byte                            0x08000bc1   Thumb Code   100  myiic.o(.text)
    I2C_Read_Byte                            0x08000c25   Thumb Code    92  myiic.o(.text)
    RELAY_Init                               0x08000c85   Thumb Code   102  relay.o(.text)
    SHT2x_SoftReset                          0x08000cf1   Thumb Code    40  sht2x.o(.text)
    SHT2x_Init                               0x08000d19   Thumb Code    16  sht2x.o(.text)
    SHT2x_GetTempPoll                        0x08000d29   Thumb Code   172  sht2x.o(.text)
    SHT2x_GetHumiPoll                        0x08000dd5   Thumb Code   172  sht2x.o(.text)
    TIM4_Int_Init                            0x08000e9d   Thumb Code    88  tim4.o(.text)
    TIM4_IRQHandler                          0x08000ef5   Thumb Code   352  tim4.o(.text)
    TIM5_Int_Init                            0x080010a1   Thumb Code    90  tim5.o(.text)
    TIM5_IRQHandler                          0x080010fb   Thumb Code   148  tim5.o(.text)
    USART2_Init                              0x080011c1   Thumb Code   154  usart_to_lcd.o(.text)
    JumpToUI                                 0x0800125b   Thumb Code    42  usart_to_lcd.o(.text)
    Rst_Screen                               0x08001285   Thumb Code    18  usart_to_lcd.o(.text)
    UpdateDisTemp                            0x08001297   Thumb Code    80  usart_to_lcd.o(.text)
    UpdateDisHumi                            0x080012e7   Thumb Code    80  usart_to_lcd.o(.text)
    UpdateDisPres                            0x08001337   Thumb Code    72  usart_to_lcd.o(.text)
    UpdateRemainingWashTim                   0x0800137f   Thumb Code   146  usart_to_lcd.o(.text)
    UpdateWashInAndOut                       0x08001411   Thumb Code   132  usart_to_lcd.o(.text)
    UpdateUsedDryTim                         0x08001495   Thumb Code   146  usart_to_lcd.o(.text)
    UpdateUsedWholeTim                       0x08001527   Thumb Code   146  usart_to_lcd.o(.text)
    JumpToFinishedUI                         0x080015b9   Thumb Code   122  usart_to_lcd.o(.text)
    GetEveryDisPara                          0x08001633   Thumb Code    92  usart_to_lcd.o(.text)
    UpdateEveryDisPara                       0x0800168f   Thumb Code    62  usart_to_lcd.o(.text)
    ifButtonDown                             0x080016cd   Thumb Code   528  usart_to_lcd.o(.text)
    USART2_IRQHandler                        0x080018dd   Thumb Code    58  usart_to_lcd.o(.text)
    Voice_Init                               0x08001991   Thumb Code    38  voice.o(.text)
    VoiceDetect                              0x080019b7   Thumb Code     2  voice.o(.text)
    delay_init                               0x080019bd   Thumb Code    50  delay.o(.text)
    delay_us                                 0x080019ef   Thumb Code    72  delay.o(.text)
    delay_ms                                 0x08001a37   Thumb Code    72  delay.o(.text)
    _sys_exit                                0x08001a91   Thumb Code     4  usart.o(.text)
    fputc                                    0x08001a95   Thumb Code    24  usart.o(.text)
    uart_init                                0x08001aad   Thumb Code   152  usart.o(.text)
    USART1_IRQHandler                        0x08001b45   Thumb Code   122  usart.o(.text)
    Reset_Handler                            0x08001bd1   Thumb Code     8  startup_stm32f10x_hd.o(.text)
    ADC1_2_IRQHandler                        0x08001beb   Thumb Code     0  startup_stm32f10x_hd.o(.text)
    ADC3_IRQHandler                          0x08001beb   Thumb Code     0  startup_stm32f10x_hd.o(.text)
    CAN1_RX1_IRQHandler                      0x08001beb   Thumb Code     0  startup_stm32f10x_hd.o(.text)
    CAN1_SCE_IRQHandler                      0x08001beb   Thumb Code     0  startup_stm32f10x_hd.o(.text)
    DMA1_Channel1_IRQHandler                 0x08001beb   Thumb Code     0  startup_stm32f10x_hd.o(.text)
    DMA1_Channel2_IRQHandler                 0x08001beb   Thumb Code     0  startup_stm32f10x_hd.o(.text)
    DMA1_Channel3_IRQHandler                 0x08001beb   Thumb Code     0  startup_stm32f10x_hd.o(.text)
    DMA1_Channel4_IRQHandler                 0x08001beb   Thumb Code     0  startup_stm32f10x_hd.o(.text)
    DMA1_Channel5_IRQHandler                 0x08001beb   Thumb Code     0  startup_stm32f10x_hd.o(.text)
    DMA1_Channel6_IRQHandler                 0x08001beb   Thumb Code     0  startup_stm32f10x_hd.o(.text)
    DMA1_Channel7_IRQHandler                 0x08001beb   Thumb Code     0  startup_stm32f10x_hd.o(.text)
    DMA2_Channel1_IRQHandler                 0x08001beb   Thumb Code     0  startup_stm32f10x_hd.o(.text)
    DMA2_Channel2_IRQHandler                 0x08001beb   Thumb Code     0  startup_stm32f10x_hd.o(.text)
    DMA2_Channel3_IRQHandler                 0x08001beb   Thumb Code     0  startup_stm32f10x_hd.o(.text)
    DMA2_Channel4_5_IRQHandler               0x08001beb   Thumb Code     0  startup_stm32f10x_hd.o(.text)
    EXTI0_IRQHandler                         0x08001beb   Thumb Code     0  startup_stm32f10x_hd.o(.text)
    EXTI15_10_IRQHandler                     0x08001beb   Thumb Code     0  startup_stm32f10x_hd.o(.text)
    EXTI1_IRQHandler                         0x08001beb   Thumb Code     0  startup_stm32f10x_hd.o(.text)
    EXTI2_IRQHandler                         0x08001beb   Thumb Code     0  startup_stm32f10x_hd.o(.text)
    EXTI3_IRQHandler                         0x08001beb   Thumb Code     0  startup_stm32f10x_hd.o(.text)
    EXTI4_IRQHandler                         0x08001beb   Thumb Code     0  startup_stm32f10x_hd.o(.text)
    EXTI9_5_IRQHandler                       0x08001beb   Thumb Code     0  startup_stm32f10x_hd.o(.text)
    FLASH_IRQHandler                         0x08001beb   Thumb Code     0  startup_stm32f10x_hd.o(.text)
    FSMC_IRQHandler                          0x08001beb   Thumb Code     0  startup_stm32f10x_hd.o(.text)
    I2C1_ER_IRQHandler                       0x08001beb   Thumb Code     0  startup_stm32f10x_hd.o(.text)
    I2C1_EV_IRQHandler                       0x08001beb   Thumb Code     0  startup_stm32f10x_hd.o(.text)
    I2C2_ER_IRQHandler                       0x08001beb   Thumb Code     0  startup_stm32f10x_hd.o(.text)
    I2C2_EV_IRQHandler                       0x08001beb   Thumb Code     0  startup_stm32f10x_hd.o(.text)
    PVD_IRQHandler                           0x08001beb   Thumb Code     0  startup_stm32f10x_hd.o(.text)
    RCC_IRQHandler                           0x08001beb   Thumb Code     0  startup_stm32f10x_hd.o(.text)
    RTCAlarm_IRQHandler                      0x08001beb   Thumb Code     0  startup_stm32f10x_hd.o(.text)
    RTC_IRQHandler                           0x08001beb   Thumb Code     0  startup_stm32f10x_hd.o(.text)
    SDIO_IRQHandler                          0x08001beb   Thumb Code     0  startup_stm32f10x_hd.o(.text)
    SPI1_IRQHandler                          0x08001beb   Thumb Code     0  startup_stm32f10x_hd.o(.text)
    SPI2_IRQHandler                          0x08001beb   Thumb Code     0  startup_stm32f10x_hd.o(.text)
    SPI3_IRQHandler                          0x08001beb   Thumb Code     0  startup_stm32f10x_hd.o(.text)
    TAMPER_IRQHandler                        0x08001beb   Thumb Code     0  startup_stm32f10x_hd.o(.text)
    TIM1_BRK_IRQHandler                      0x08001beb   Thumb Code     0  startup_stm32f10x_hd.o(.text)
    TIM1_CC_IRQHandler                       0x08001beb   Thumb Code     0  startup_stm32f10x_hd.o(.text)
    TIM1_TRG_COM_IRQHandler                  0x08001beb   Thumb Code     0  startup_stm32f10x_hd.o(.text)
    TIM1_UP_IRQHandler                       0x08001beb   Thumb Code     0  startup_stm32f10x_hd.o(.text)
    TIM2_IRQHandler                          0x08001beb   Thumb Code     0  startup_stm32f10x_hd.o(.text)
    TIM6_IRQHandler                          0x08001beb   Thumb Code     0  startup_stm32f10x_hd.o(.text)
    TIM7_IRQHandler                          0x08001beb   Thumb Code     0  startup_stm32f10x_hd.o(.text)
    TIM8_BRK_IRQHandler                      0x08001beb   Thumb Code     0  startup_stm32f10x_hd.o(.text)
    TIM8_CC_IRQHandler                       0x08001beb   Thumb Code     0  startup_stm32f10x_hd.o(.text)
    TIM8_TRG_COM_IRQHandler                  0x08001beb   Thumb Code     0  startup_stm32f10x_hd.o(.text)
    TIM8_UP_IRQHandler                       0x08001beb   Thumb Code     0  startup_stm32f10x_hd.o(.text)
    UART4_IRQHandler                         0x08001beb   Thumb Code     0  startup_stm32f10x_hd.o(.text)
    UART5_IRQHandler                         0x08001beb   Thumb Code     0  startup_stm32f10x_hd.o(.text)
    USBWakeUp_IRQHandler                     0x08001beb   Thumb Code     0  startup_stm32f10x_hd.o(.text)
    USB_HP_CAN1_TX_IRQHandler                0x08001beb   Thumb Code     0  startup_stm32f10x_hd.o(.text)
    USB_LP_CAN1_RX0_IRQHandler               0x08001beb   Thumb Code     0  startup_stm32f10x_hd.o(.text)
    WWDG_IRQHandler                          0x08001beb   Thumb Code     0  startup_stm32f10x_hd.o(.text)
    __user_initial_stackheap                 0x08001bed   Thumb Code     0  startup_stm32f10x_hd.o(.text)
    NVIC_PriorityGroupConfig                 0x08001c11   Thumb Code    10  misc.o(.text)
    NVIC_Init                                0x08001c1b   Thumb Code   100  misc.o(.text)
    NVIC_SetVectorTable                      0x08001c7f   Thumb Code    14  misc.o(.text)
    NVIC_SystemLPConfig                      0x08001c8d   Thumb Code    34  misc.o(.text)
    SysTick_CLKSourceConfig                  0x08001caf   Thumb Code    40  misc.o(.text)
    GPIO_DeInit                              0x08001ced   Thumb Code   172  stm32f10x_gpio.o(.text)
    GPIO_AFIODeInit                          0x08001d99   Thumb Code    20  stm32f10x_gpio.o(.text)
    GPIO_Init                                0x08001dad   Thumb Code   278  stm32f10x_gpio.o(.text)
    GPIO_StructInit                          0x08001ec3   Thumb Code    16  stm32f10x_gpio.o(.text)
    GPIO_ReadInputDataBit                    0x08001ed3   Thumb Code    18  stm32f10x_gpio.o(.text)
    GPIO_ReadInputData                       0x08001ee5   Thumb Code     8  stm32f10x_gpio.o(.text)
    GPIO_ReadOutputDataBit                   0x08001eed   Thumb Code    18  stm32f10x_gpio.o(.text)
    GPIO_ReadOutputData                      0x08001eff   Thumb Code     8  stm32f10x_gpio.o(.text)
    GPIO_SetBits                             0x08001f07   Thumb Code     4  stm32f10x_gpio.o(.text)
    GPIO_ResetBits                           0x08001f0b   Thumb Code     4  stm32f10x_gpio.o(.text)
    GPIO_WriteBit                            0x08001f0f   Thumb Code    10  stm32f10x_gpio.o(.text)
    GPIO_Write                               0x08001f19   Thumb Code     4  stm32f10x_gpio.o(.text)
    GPIO_PinLockConfig                       0x08001f1d   Thumb Code    18  stm32f10x_gpio.o(.text)
    GPIO_EventOutputConfig                   0x08001f2f   Thumb Code    26  stm32f10x_gpio.o(.text)
    GPIO_EventOutputCmd                      0x08001f49   Thumb Code     6  stm32f10x_gpio.o(.text)
    GPIO_PinRemapConfig                      0x08001f4f   Thumb Code   138  stm32f10x_gpio.o(.text)
    GPIO_EXTILineConfig                      0x08001fd9   Thumb Code    66  stm32f10x_gpio.o(.text)
    GPIO_ETH_MediaInterfaceConfig            0x0800201b   Thumb Code     8  stm32f10x_gpio.o(.text)
    RCC_DeInit                               0x08002049   Thumb Code    64  stm32f10x_rcc.o(.text)
    RCC_HSEConfig                            0x08002089   Thumb Code    70  stm32f10x_rcc.o(.text)
    RCC_GetFlagStatus                        0x080020cf   Thumb Code    56  stm32f10x_rcc.o(.text)
    RCC_WaitForHSEStartUp                    0x08002107   Thumb Code    56  stm32f10x_rcc.o(.text)
    RCC_AdjustHSICalibrationValue            0x0800213f   Thumb Code    20  stm32f10x_rcc.o(.text)
    RCC_HSICmd                               0x08002153   Thumb Code     6  stm32f10x_rcc.o(.text)
    RCC_PLLConfig                            0x08002159   Thumb Code    24  stm32f10x_rcc.o(.text)
    RCC_PLLCmd                               0x08002171   Thumb Code     6  stm32f10x_rcc.o(.text)
    RCC_SYSCLKConfig                         0x08002177   Thumb Code    18  stm32f10x_rcc.o(.text)
    RCC_GetSYSCLKSource                      0x08002189   Thumb Code    10  stm32f10x_rcc.o(.text)
    RCC_HCLKConfig                           0x08002193   Thumb Code    18  stm32f10x_rcc.o(.text)
    RCC_PCLK1Config                          0x080021a5   Thumb Code    18  stm32f10x_rcc.o(.text)
    RCC_PCLK2Config                          0x080021b7   Thumb Code    20  stm32f10x_rcc.o(.text)
    RCC_ITConfig                             0x080021cb   Thumb Code    26  stm32f10x_rcc.o(.text)
    RCC_USBCLKConfig                         0x080021e5   Thumb Code     8  stm32f10x_rcc.o(.text)
    RCC_ADCCLKConfig                         0x080021ed   Thumb Code    18  stm32f10x_rcc.o(.text)
    RCC_LSEConfig                            0x080021ff   Thumb Code    50  stm32f10x_rcc.o(.text)
    RCC_LSICmd                               0x08002231   Thumb Code     6  stm32f10x_rcc.o(.text)
    RCC_RTCCLKConfig                         0x08002237   Thumb Code    12  stm32f10x_rcc.o(.text)
    RCC_RTCCLKCmd                            0x08002243   Thumb Code     8  stm32f10x_rcc.o(.text)
    RCC_GetClocksFreq                        0x0800224b   Thumb Code   192  stm32f10x_rcc.o(.text)
    RCC_AHBPeriphClockCmd                    0x0800230b   Thumb Code    26  stm32f10x_rcc.o(.text)
    RCC_APB2PeriphClockCmd                   0x08002325   Thumb Code    26  stm32f10x_rcc.o(.text)
    RCC_APB1PeriphClockCmd                   0x0800233f   Thumb Code    26  stm32f10x_rcc.o(.text)
    RCC_APB2PeriphResetCmd                   0x08002359   Thumb Code    26  stm32f10x_rcc.o(.text)
    RCC_APB1PeriphResetCmd                   0x08002373   Thumb Code    26  stm32f10x_rcc.o(.text)
    RCC_BackupResetCmd                       0x0800238d   Thumb Code     8  stm32f10x_rcc.o(.text)
    RCC_ClockSecuritySystemCmd               0x08002395   Thumb Code     6  stm32f10x_rcc.o(.text)
    RCC_MCOConfig                            0x0800239b   Thumb Code     6  stm32f10x_rcc.o(.text)
    RCC_ClearFlag                            0x080023a1   Thumb Code    14  stm32f10x_rcc.o(.text)
    RCC_GetITStatus                          0x080023af   Thumb Code    20  stm32f10x_rcc.o(.text)
    RCC_ClearITPendingBit                    0x080023c3   Thumb Code     6  stm32f10x_rcc.o(.text)
    TIM_DeInit                               0x080023ed   Thumb Code   424  stm32f10x_tim.o(.text)
    TIM_TimeBaseInit                         0x08002595   Thumb Code   122  stm32f10x_tim.o(.text)
    TIM_OC1Init                              0x0800260f   Thumb Code   132  stm32f10x_tim.o(.text)
    TIM_OC2Init                              0x08002693   Thumb Code   154  stm32f10x_tim.o(.text)
    TIM_OC3Init                              0x0800272d   Thumb Code   150  stm32f10x_tim.o(.text)
    TIM_OC4Init                              0x080027c3   Thumb Code   182  stm32f10x_tim.o(.text)
    TIM_SetIC4Prescaler                      0x08002879   Thumb Code    26  stm32f10x_tim.o(.text)
    TIM_SetIC3Prescaler                      0x08002915   Thumb Code    18  stm32f10x_tim.o(.text)
    TIM_SetIC2Prescaler                      0x080029a1   Thumb Code    26  stm32f10x_tim.o(.text)
    TIM_SetIC1Prescaler                      0x08002a3d   Thumb Code    18  stm32f10x_tim.o(.text)
    TIM_ICInit                               0x08002abb   Thumb Code   150  stm32f10x_tim.o(.text)
    TIM_PWMIConfig                           0x08002b51   Thumb Code   124  stm32f10x_tim.o(.text)
    TIM_BDTRConfig                           0x08002bcd   Thumb Code    32  stm32f10x_tim.o(.text)
    TIM_TimeBaseStructInit                   0x08002bed   Thumb Code    18  stm32f10x_tim.o(.text)
    TIM_OCStructInit                         0x08002bff   Thumb Code    20  stm32f10x_tim.o(.text)
    TIM_ICStructInit                         0x08002c13   Thumb Code    18  stm32f10x_tim.o(.text)
    TIM_BDTRStructInit                       0x08002c25   Thumb Code    40  stm32f10x_tim.o(.text)
    TIM_Cmd                                  0x08002c4d   Thumb Code    24  stm32f10x_tim.o(.text)
    TIM_CtrlPWMOutputs                       0x08002c65   Thumb Code    30  stm32f10x_tim.o(.text)
    TIM_ITConfig                             0x08002c83   Thumb Code    18  stm32f10x_tim.o(.text)
    TIM_GenerateEvent                        0x08002c95   Thumb Code     4  stm32f10x_tim.o(.text)
    TIM_DMAConfig                            0x08002c99   Thumb Code    10  stm32f10x_tim.o(.text)
    TIM_DMACmd                               0x08002ca3   Thumb Code    18  stm32f10x_tim.o(.text)
    TIM_InternalClockConfig                  0x08002cb5   Thumb Code    12  stm32f10x_tim.o(.text)
    TIM_SelectInputTrigger                   0x08002cc1   Thumb Code    18  stm32f10x_tim.o(.text)
    TIM_ITRxExternalClockConfig              0x08002cd3   Thumb Code    24  stm32f10x_tim.o(.text)
    TIM_TIxExternalClockConfig               0x08002ceb   Thumb Code    62  stm32f10x_tim.o(.text)
    TIM_ETRConfig                            0x08002d29   Thumb Code    28  stm32f10x_tim.o(.text)
    TIM_ETRClockMode1Config                  0x08002d45   Thumb Code    54  stm32f10x_tim.o(.text)
    TIM_ETRClockMode2Config                  0x08002d7b   Thumb Code    32  stm32f10x_tim.o(.text)
    TIM_PrescalerConfig                      0x08002d9b   Thumb Code     6  stm32f10x_tim.o(.text)
    TIM_CounterModeConfig                    0x08002da1   Thumb Code    18  stm32f10x_tim.o(.text)
    TIM_EncoderInterfaceConfig               0x08002db3   Thumb Code    66  stm32f10x_tim.o(.text)
    TIM_ForcedOC1Config                      0x08002df5   Thumb Code    18  stm32f10x_tim.o(.text)
    TIM_ForcedOC2Config                      0x08002e07   Thumb Code    26  stm32f10x_tim.o(.text)
    TIM_ForcedOC3Config                      0x08002e21   Thumb Code    18  stm32f10x_tim.o(.text)
    TIM_ForcedOC4Config                      0x08002e33   Thumb Code    26  stm32f10x_tim.o(.text)
    TIM_ARRPreloadConfig                     0x08002e4d   Thumb Code    24  stm32f10x_tim.o(.text)
    TIM_SelectCOM                            0x08002e65   Thumb Code    24  stm32f10x_tim.o(.text)
    TIM_SelectCCDMA                          0x08002e7d   Thumb Code    24  stm32f10x_tim.o(.text)
    TIM_CCPreloadControl                     0x08002e95   Thumb Code    24  stm32f10x_tim.o(.text)
    TIM_OC1PreloadConfig                     0x08002ead   Thumb Code    18  stm32f10x_tim.o(.text)
    TIM_OC2PreloadConfig                     0x08002ebf   Thumb Code    26  stm32f10x_tim.o(.text)
    TIM_OC3PreloadConfig                     0x08002ed9   Thumb Code    18  stm32f10x_tim.o(.text)
    TIM_OC4PreloadConfig                     0x08002eeb   Thumb Code    26  stm32f10x_tim.o(.text)
    TIM_OC1FastConfig                        0x08002f05   Thumb Code    18  stm32f10x_tim.o(.text)
    TIM_OC2FastConfig                        0x08002f17   Thumb Code    26  stm32f10x_tim.o(.text)
    TIM_OC3FastConfig                        0x08002f31   Thumb Code    18  stm32f10x_tim.o(.text)
    TIM_OC4FastConfig                        0x08002f43   Thumb Code    26  stm32f10x_tim.o(.text)
    TIM_ClearOC1Ref                          0x08002f5d   Thumb Code    18  stm32f10x_tim.o(.text)
    TIM_ClearOC2Ref                          0x08002f6f   Thumb Code    24  stm32f10x_tim.o(.text)
    TIM_ClearOC3Ref                          0x08002f87   Thumb Code    18  stm32f10x_tim.o(.text)
    TIM_ClearOC4Ref                          0x08002f99   Thumb Code    24  stm32f10x_tim.o(.text)
    TIM_OC1PolarityConfig                    0x08002fb1   Thumb Code    18  stm32f10x_tim.o(.text)
    TIM_OC1NPolarityConfig                   0x08002fc3   Thumb Code    18  stm32f10x_tim.o(.text)
    TIM_OC2PolarityConfig                    0x08002fd5   Thumb Code    26  stm32f10x_tim.o(.text)
    TIM_OC2NPolarityConfig                   0x08002fef   Thumb Code    26  stm32f10x_tim.o(.text)
    TIM_OC3PolarityConfig                    0x08003009   Thumb Code    26  stm32f10x_tim.o(.text)
    TIM_OC3NPolarityConfig                   0x08003023   Thumb Code    26  stm32f10x_tim.o(.text)
    TIM_OC4PolarityConfig                    0x0800303d   Thumb Code    26  stm32f10x_tim.o(.text)
    TIM_CCxCmd                               0x08003057   Thumb Code    30  stm32f10x_tim.o(.text)
    TIM_CCxNCmd                              0x08003075   Thumb Code    30  stm32f10x_tim.o(.text)
    TIM_SelectOCxM                           0x08003093   Thumb Code    82  stm32f10x_tim.o(.text)
    TIM_UpdateDisableConfig                  0x080030e5   Thumb Code    24  stm32f10x_tim.o(.text)
    TIM_UpdateRequestConfig                  0x080030fd   Thumb Code    24  stm32f10x_tim.o(.text)
    TIM_SelectHallSensor                     0x08003115   Thumb Code    24  stm32f10x_tim.o(.text)
    TIM_SelectOnePulseMode                   0x0800312d   Thumb Code    18  stm32f10x_tim.o(.text)
    TIM_SelectOutputTrigger                  0x0800313f   Thumb Code    18  stm32f10x_tim.o(.text)
    TIM_SelectSlaveMode                      0x08003151   Thumb Code    18  stm32f10x_tim.o(.text)
    TIM_SelectMasterSlaveMode                0x08003163   Thumb Code    18  stm32f10x_tim.o(.text)
    TIM_SetCounter                           0x08003175   Thumb Code     4  stm32f10x_tim.o(.text)
    TIM_SetAutoreload                        0x08003179   Thumb Code     4  stm32f10x_tim.o(.text)
    TIM_SetCompare1                          0x0800317d   Thumb Code     4  stm32f10x_tim.o(.text)
    TIM_SetCompare2                          0x08003181   Thumb Code     4  stm32f10x_tim.o(.text)
    TIM_SetCompare3                          0x08003185   Thumb Code     4  stm32f10x_tim.o(.text)
    TIM_SetCompare4                          0x08003189   Thumb Code     6  stm32f10x_tim.o(.text)
    TIM_SetClockDivision                     0x0800318f   Thumb Code    18  stm32f10x_tim.o(.text)
    TIM_GetCapture1                          0x080031a1   Thumb Code     6  stm32f10x_tim.o(.text)
    TIM_GetCapture2                          0x080031a7   Thumb Code     6  stm32f10x_tim.o(.text)
    TIM_GetCapture3                          0x080031ad   Thumb Code     6  stm32f10x_tim.o(.text)
    TIM_GetCapture4                          0x080031b3   Thumb Code     8  stm32f10x_tim.o(.text)
    TIM_GetCounter                           0x080031bb   Thumb Code     6  stm32f10x_tim.o(.text)
    TIM_GetPrescaler                         0x080031c1   Thumb Code     6  stm32f10x_tim.o(.text)
    TIM_GetFlagStatus                        0x080031c7   Thumb Code    18  stm32f10x_tim.o(.text)
    TIM_ClearFlag                            0x080031d9   Thumb Code     6  stm32f10x_tim.o(.text)
    TIM_GetITStatus                          0x080031df   Thumb Code    34  stm32f10x_tim.o(.text)
    TIM_ClearITPendingBit                    0x08003201   Thumb Code     6  stm32f10x_tim.o(.text)
    USART_DeInit                             0x08003209   Thumb Code   134  stm32f10x_usart.o(.text)
    USART_Init                               0x0800328f   Thumb Code   210  stm32f10x_usart.o(.text)
    USART_StructInit                         0x08003361   Thumb Code    24  stm32f10x_usart.o(.text)
    USART_ClockInit                          0x08003379   Thumb Code    34  stm32f10x_usart.o(.text)
    USART_ClockStructInit                    0x0800339b   Thumb Code    12  stm32f10x_usart.o(.text)
    USART_Cmd                                0x080033a7   Thumb Code    24  stm32f10x_usart.o(.text)
    USART_ITConfig                           0x080033bf   Thumb Code    74  stm32f10x_usart.o(.text)
    USART_DMACmd                             0x08003409   Thumb Code    18  stm32f10x_usart.o(.text)
    USART_SetAddress                         0x0800341b   Thumb Code    18  stm32f10x_usart.o(.text)
    USART_WakeUpConfig                       0x0800342d   Thumb Code    18  stm32f10x_usart.o(.text)
    USART_ReceiverWakeUpCmd                  0x0800343f   Thumb Code    24  stm32f10x_usart.o(.text)
    USART_LINBreakDetectLengthConfig         0x08003457   Thumb Code    18  stm32f10x_usart.o(.text)
    USART_LINCmd                             0x08003469   Thumb Code    24  stm32f10x_usart.o(.text)
    USART_SendData                           0x08003481   Thumb Code     8  stm32f10x_usart.o(.text)
    USART_ReceiveData                        0x08003489   Thumb Code    10  stm32f10x_usart.o(.text)
    USART_SendBreak                          0x08003493   Thumb Code    10  stm32f10x_usart.o(.text)
    USART_SetGuardTime                       0x0800349d   Thumb Code    16  stm32f10x_usart.o(.text)
    USART_SetPrescaler                       0x080034ad   Thumb Code    16  stm32f10x_usart.o(.text)
    USART_SmartCardCmd                       0x080034bd   Thumb Code    24  stm32f10x_usart.o(.text)
    USART_SmartCardNACKCmd                   0x080034d5   Thumb Code    24  stm32f10x_usart.o(.text)
    USART_HalfDuplexCmd                      0x080034ed   Thumb Code    24  stm32f10x_usart.o(.text)
    USART_OverSampling8Cmd                   0x08003505   Thumb Code    22  stm32f10x_usart.o(.text)
    USART_OneBitMethodCmd                    0x0800351b   Thumb Code    24  stm32f10x_usart.o(.text)
    USART_IrDAConfig                         0x08003533   Thumb Code    18  stm32f10x_usart.o(.text)
    USART_IrDACmd                            0x08003545   Thumb Code    24  stm32f10x_usart.o(.text)
    USART_GetFlagStatus                      0x0800355d   Thumb Code    26  stm32f10x_usart.o(.text)
    USART_ClearFlag                          0x08003577   Thumb Code    18  stm32f10x_usart.o(.text)
    USART_GetITStatus                        0x08003589   Thumb Code    84  stm32f10x_usart.o(.text)
    USART_ClearITPendingBit                  0x080035dd   Thumb Code    52  stm32f10x_usart.o(.text)
    ADC_DeInit                               0x08003611   Thumb Code    78  stm32f10x_adc.o(.text)
    ADC_Init                                 0x0800365f   Thumb Code    70  stm32f10x_adc.o(.text)
    ADC_StructInit                           0x080036a5   Thumb Code    18  stm32f10x_adc.o(.text)
    ADC_Cmd                                  0x080036b7   Thumb Code    22  stm32f10x_adc.o(.text)
    ADC_DMACmd                               0x080036cd   Thumb Code    22  stm32f10x_adc.o(.text)
    ADC_ITConfig                             0x080036e3   Thumb Code    24  stm32f10x_adc.o(.text)
    ADC_ResetCalibration                     0x080036fb   Thumb Code    10  stm32f10x_adc.o(.text)
    ADC_GetResetCalibrationStatus            0x08003705   Thumb Code    20  stm32f10x_adc.o(.text)
    ADC_StartCalibration                     0x08003719   Thumb Code    10  stm32f10x_adc.o(.text)
    ADC_GetCalibrationStatus                 0x08003723   Thumb Code    20  stm32f10x_adc.o(.text)
    ADC_SoftwareStartConvCmd                 0x08003737   Thumb Code    22  stm32f10x_adc.o(.text)
    ADC_GetSoftwareStartConvStatus           0x0800374d   Thumb Code    20  stm32f10x_adc.o(.text)
    ADC_DiscModeChannelCountConfig           0x08003761   Thumb Code    24  stm32f10x_adc.o(.text)
    ADC_DiscModeCmd                          0x08003779   Thumb Code    22  stm32f10x_adc.o(.text)
    ADC_RegularChannelConfig                 0x0800378f   Thumb Code   184  stm32f10x_adc.o(.text)
    ADC_ExternalTrigConvCmd                  0x08003847   Thumb Code    22  stm32f10x_adc.o(.text)
    ADC_GetConversionValue                   0x0800385d   Thumb Code     8  stm32f10x_adc.o(.text)
    ADC_GetDualModeConversionValue           0x08003865   Thumb Code     8  stm32f10x_adc.o(.text)
    ADC_AutoInjectedConvCmd                  0x0800386d   Thumb Code    22  stm32f10x_adc.o(.text)
    ADC_InjectedDiscModeCmd                  0x08003883   Thumb Code    22  stm32f10x_adc.o(.text)
    ADC_ExternalTrigInjectedConvConfig       0x08003899   Thumb Code    16  stm32f10x_adc.o(.text)
    ADC_ExternalTrigInjectedConvCmd          0x080038a9   Thumb Code    22  stm32f10x_adc.o(.text)
    ADC_SoftwareStartInjectedConvCmd         0x080038bf   Thumb Code    22  stm32f10x_adc.o(.text)
    ADC_GetSoftwareStartInjectedConvCmdStatus 0x080038d5   Thumb Code    20  stm32f10x_adc.o(.text)
    ADC_InjectedChannelConfig                0x080038e9   Thumb Code   130  stm32f10x_adc.o(.text)
    ADC_InjectedSequencerLengthConfig        0x0800396b   Thumb Code    24  stm32f10x_adc.o(.text)
    ADC_SetInjectedOffset                    0x08003983   Thumb Code    20  stm32f10x_adc.o(.text)
    ADC_GetInjectedConversionValue           0x08003997   Thumb Code    28  stm32f10x_adc.o(.text)
    ADC_AnalogWatchdogCmd                    0x080039b3   Thumb Code    16  stm32f10x_adc.o(.text)
    ADC_AnalogWatchdogThresholdsConfig       0x080039c3   Thumb Code     6  stm32f10x_adc.o(.text)
    ADC_AnalogWatchdogSingleChannelConfig    0x080039c9   Thumb Code    16  stm32f10x_adc.o(.text)
    ADC_TempSensorVrefintCmd                 0x080039d9   Thumb Code    64  stm32f10x_adc.o(.text)
    ADC_GetFlagStatus                        0x08003a19   Thumb Code    18  stm32f10x_adc.o(.text)
    ADC_ClearFlag                            0x08003a2b   Thumb Code     6  stm32f10x_adc.o(.text)
    ADC_GetITStatus                          0x08003a31   Thumb Code    36  stm32f10x_adc.o(.text)
    ADC_ClearITPendingBit                    0x08003a55   Thumb Code    10  stm32f10x_adc.o(.text)
    gizwitsEventProcess                      0x08003a61   Thumb Code   412  gizwits_product.o(.text)
    mcuRestart                               0x08003bfd   Thumb Code     2  gizwits_product.o(.text)
    gizTimerMs                               0x08003bff   Thumb Code    12  gizwits_product.o(.text)
    gizGetTimerCount                         0x08003c0b   Thumb Code     6  gizwits_product.o(.text)
    TIMER_IRQ_FUN                            0x08003c11   Thumb Code     8  gizwits_product.o(.text)
    UART_IRQ_FUN                             0x08003c19   Thumb Code    16  gizwits_product.o(.text)
    uartWrite                                0x08003c29   Thumb Code    82  gizwits_product.o(.text)
    gizPutData                               0x08003ffb   Thumb Code    52  gizwits_protocol.o(.text)
    exchangeBytes                            0x0800447f   Thumb Code    26  gizwits_protocol.o(.text)
    gizwitsInit                              0x08005713   Thumb Code    32  gizwits_protocol.o(.text)
    gizwitsSetMode                           0x08005733   Thumb Code   856  gizwits_protocol.o(.text)
    gizwitsGetNTP                            0x08005a8b   Thumb Code    94  gizwits_protocol.o(.text)
    gizwitsHandle                            0x08005ae9   Thumb Code   460  gizwits_protocol.o(.text)
    gizwitsPassthroughData                   0x08005cb5   Thumb Code   172  gizwits_protocol.o(.text)
    stop_dry                                 0x08005e8d   Thumb Code   112  dry.o(.text)
    dry_func                                 0x08005efd   Thumb Code   144  dry.o(.text)
    Rst_Dry                                  0x08005f8d   Thumb Code    46  dry.o(.text)
    stop_wash                                0x08005fed   Thumb Code    54  washer.o(.text)
    wash_func                                0x08006023   Thumb Code   166  washer.o(.text)
    Rst_Wash                                 0x080060c9   Thumb Code    54  washer.o(.text)
    WashDryfunc                              0x080060ff   Thumb Code   320  washer.o(.text)
    __use_no_semihosting                     0x08006285   Thumb Code     2  use_no_semi_2.o(.text)
    __2printf                                0x08006289   Thumb Code    20  noretval__2printf.o(.text)
    _printf_pre_padding                      0x080062a1   Thumb Code    44  _printf_pad.o(.text)
    _printf_post_padding                     0x080062cd   Thumb Code    34  _printf_pad.o(.text)
    _printf_int_dec                          0x080062f1   Thumb Code   104  _printf_dec.o(.text)
    __printf                                 0x08006369   Thumb Code   308  __printf_flags_wp.o(.text)
    __aeabi_memcpy                           0x080064a1   Thumb Code     0  rt_memcpy_v6.o(.text)
    __rt_memcpy                              0x080064a1   Thumb Code   138  rt_memcpy_v6.o(.text)
    _memcpy_lastbytes                        0x08006507   Thumb Code     0  rt_memcpy_v6.o(.text)
    __aeabi_memcpy4                          0x0800652b   Thumb Code     0  rt_memcpy_w.o(.text)
    __aeabi_memcpy8                          0x0800652b   Thumb Code     0  rt_memcpy_w.o(.text)
    __rt_memcpy_w                            0x0800652b   Thumb Code   100  rt_memcpy_w.o(.text)
    _memcpy_lastbytes_aligned                0x08006573   Thumb Code     0  rt_memcpy_w.o(.text)
    __aeabi_memclr                           0x0800658f   Thumb Code     0  rt_memclr.o(.text)
    __rt_memclr                              0x0800658f   Thumb Code    68  rt_memclr.o(.text)
    _memset                                  0x08006593   Thumb Code     0  rt_memclr.o(.text)
    __aeabi_memclr4                          0x080065d3   Thumb Code     0  rt_memclr_w.o(.text)
    __aeabi_memclr8                          0x080065d3   Thumb Code     0  rt_memclr_w.o(.text)
    __rt_memclr_w                            0x080065d3   Thumb Code    78  rt_memclr_w.o(.text)
    _memset_w                                0x080065d7   Thumb Code     0  rt_memclr_w.o(.text)
    __use_two_region_memory                  0x08006621   Thumb Code     2  heapauxi.o(.text)
    __rt_heap_escrow$2region                 0x08006623   Thumb Code     2  heapauxi.o(.text)
    __rt_heap_expand$2region                 0x08006625   Thumb Code     2  heapauxi.o(.text)
    __I$use$semihosting                      0x08006627   Thumb Code     0  use_no_semi.o(.text)
    __use_no_semihosting_swi                 0x08006627   Thumb Code     2  use_no_semi.o(.text)
    _printf_int_common                       0x08006629   Thumb Code   178  _printf_intcommon.o(.text)
    _printf_char_file                        0x080066dd   Thumb Code    32  _printf_char_file.o(.text)
    _printf_char_common                      0x0800670b   Thumb Code    32  _printf_char_common.o(.text)
    ferror                                   0x08006731   Thumb Code     8  ferror.o(.text)
    __user_setup_stackheap                   0x08006739   Thumb Code    74  sys_stackheap_outer.o(.text)
    exit                                     0x08006783   Thumb Code    18  exit.o(.text)
    __user_libspace                          0x08006795   Thumb Code     8  libspace.o(.text)
    __user_perproc_libspace                  0x08006795   Thumb Code     0  libspace.o(.text)
    __user_perthread_libspace                0x08006795   Thumb Code     0  libspace.o(.text)
    _is_digit                                0x0800679d   Thumb Code    14  __printf_wp.o(i._is_digit)
    __aeabi_d2f                              0x080067ad   Thumb Code     0  d2f.o(x$fpl$d2f)
    _d2f                                     0x080067ad   Thumb Code    98  d2f.o(x$fpl$d2f)
    __aeabi_dadd                             0x08006811   Thumb Code     0  daddsub_clz.o(x$fpl$dadd)
    _dadd                                    0x08006811   Thumb Code   332  daddsub_clz.o(x$fpl$dadd)
    __fpl_dcmp_Inf                           0x08006961   Thumb Code    24  dcmpi.o(x$fpl$dcmpinf)
    __aeabi_ui2d                             0x08006979   Thumb Code     0  dflt_clz.o(x$fpl$dfltu)
    _dfltu                                   0x08006979   Thumb Code    38  dflt_clz.o(x$fpl$dfltu)
    __aeabi_cdcmple                          0x080069a1   Thumb Code     0  dleqf.o(x$fpl$dleqf)
    _dcmple                                  0x080069a1   Thumb Code   120  dleqf.o(x$fpl$dleqf)
    __fpl_dcmple_InfNaN                      0x08006a03   Thumb Code     0  dleqf.o(x$fpl$dleqf)
    __aeabi_dmul                             0x08006a19   Thumb Code     0  dmul.o(x$fpl$dmul)
    _dmul                                    0x08006a19   Thumb Code   332  dmul.o(x$fpl$dmul)
    __fpl_dnaninf                            0x08006b6d   Thumb Code   156  dnaninf.o(x$fpl$dnaninf)
    __fpl_dretinf                            0x08006c09   Thumb Code    12  dretinf.o(x$fpl$dretinf)
    __aeabi_cdrcmple                         0x08006c15   Thumb Code     0  drleqf.o(x$fpl$drleqf)
    _drcmple                                 0x08006c15   Thumb Code   108  drleqf.o(x$fpl$drleqf)
    __aeabi_dsub                             0x08006c81   Thumb Code     0  daddsub_clz.o(x$fpl$dsub)
    _dsub                                    0x08006c81   Thumb Code   464  daddsub_clz.o(x$fpl$dsub)
    __aeabi_f2d                              0x08006e55   Thumb Code     0  f2d.o(x$fpl$f2d)
    _f2d                                     0x08006e55   Thumb Code    86  f2d.o(x$fpl$f2d)
    __aeabi_fadd                             0x08006ead   Thumb Code     0  faddsub_clz.o(x$fpl$fadd)
    _fadd                                    0x08006ead   Thumb Code   196  faddsub_clz.o(x$fpl$fadd)
    __fpl_fcmp_Inf                           0x08006f71   Thumb Code    24  fcmpi.o(x$fpl$fcmpinf)
    __aeabi_fdiv                             0x08006f89   Thumb Code     0  fdiv.o(x$fpl$fdiv)
    _fdiv                                    0x08006f89   Thumb Code   384  fdiv.o(x$fpl$fdiv)
    __aeabi_cfcmpeq                          0x0800710d   Thumb Code     0  feqf.o(x$fpl$feqf)
    _fcmpeq                                  0x0800710d   Thumb Code   104  feqf.o(x$fpl$feqf)
    __aeabi_f2iz                             0x08007175   Thumb Code     0  ffix.o(x$fpl$ffix)
    _ffix                                    0x08007175   Thumb Code    54  ffix.o(x$fpl$ffix)
    __aeabi_f2uiz                            0x080071ad   Thumb Code     0  ffixu.o(x$fpl$ffixu)
    _ffixu                                   0x080071ad   Thumb Code    62  ffixu.o(x$fpl$ffixu)
    __aeabi_ui2f                             0x080071ed   Thumb Code     0  fflt_clz.o(x$fpl$ffltu)
    _ffltu                                   0x080071ed   Thumb Code    38  fflt_clz.o(x$fpl$ffltu)
    __aeabi_fmul                             0x08007215   Thumb Code     0  fmul.o(x$fpl$fmul)
    _fmul                                    0x08007215   Thumb Code   258  fmul.o(x$fpl$fmul)
    __fpl_fnaninf                            0x08007317   Thumb Code   140  fnaninf.o(x$fpl$fnaninf)
    __fpl_fretinf                            0x080073a3   Thumb Code    10  fretinf.o(x$fpl$fretinf)
    __aeabi_fsub                             0x080073ad   Thumb Code     0  faddsub_clz.o(x$fpl$fsub)
    _fsub                                    0x080073ad   Thumb Code   234  faddsub_clz.o(x$fpl$fsub)
    __I$use$fp                               0x08007496   Number         0  usenofp.o(x$fpl$usenofp)
    Region$$Table$$Base                      0x080074ec   Number         0  anon$$obj.o(Region$$Table)
    Region$$Table$$Limit                     0x0800750c   Number         0  anon$$obj.o(Region$$Table)
    washing_flag                             0x20000000   Data           1  main.o(.data)
    drying_flag                              0x20000001   Data           1  main.o(.data)
    washDrying_flag                          0x20000002   Data           1  main.o(.data)
    SystemCoreClock                          0x20000004   Data           4  system_stm32f10x.o(.data)
    AHBPrescTable                            0x20000008   Data          16  system_stm32f10x.o(.data)
    KeyDownNum                               0x20000018   Data           1  tim4.o(.data)
    START_W_ARY                              0x20000019   Data           7  tim4.o(.data)
    START_D_ARY                              0x20000020   Data           7  tim4.o(.data)
    START_WD_ARY                             0x20000027   Data           7  tim4.o(.data)
    TenMsCnt                                 0x2000002e   Data           1  tim4.o(.data)
    Cnt200Ms                                 0x2000002f   Data           1  tim4.o(.data)
    waterin_count                            0x20000030   Data           2  tim5.o(.data)
    wash_count                               0x20000032   Data           2  tim5.o(.data)
    waterout_count                           0x20000034   Data           2  tim5.o(.data)
    dry_count                                0x20000036   Data           2  tim5.o(.data)
    work_count                               0x20000038   Data           2  tim5.o(.data)
    microwave_cnt                            0x2000003a   Data           1  tim5.o(.data)
    USART2_RX_STA                            0x2000003c   Data           2  usart_to_lcd.o(.data)
    GASIN_BT                                 0x2000003e   Data           9  usart_to_lcd.o(.data)
    FAN_BT                                   0x20000047   Data           9  usart_to_lcd.o(.data)
    WASH_BT                                  0x20000050   Data           9  usart_to_lcd.o(.data)
    DRY_BT                                   0x20000059   Data           9  usart_to_lcd.o(.data)
    WSH_D_B                                  0x20000062   Data           9  usart_to_lcd.o(.data)
    START_W                                  0x2000006b   Data           9  usart_to_lcd.o(.data)
    START_D                                  0x20000074   Data           9  usart_to_lcd.o(.data)
    START_WD                                 0x2000007d   Data           9  usart_to_lcd.o(.data)
    END                                      0x20000086   Data           9  usart_to_lcd.o(.data)
    WSH_TIM                                  0x2000008f   Data           7  usart_to_lcd.o(.data)
    WATER_IN_TIME                            0x20000096   Data           7  usart_to_lcd.o(.data)
    WATER_OUT_TIME                           0x2000009d   Data           7  usart_to_lcd.o(.data)
    PRE_ARY                                  0x200000a4   Data           8  usart_to_lcd.o(.data)
    TMP_ARY                                  0x200000ac   Data           8  usart_to_lcd.o(.data)
    HUM_ARY                                  0x200000b4   Data           8  usart_to_lcd.o(.data)
    WSH_ARY_M                                0x200000bc   Data           8  usart_to_lcd.o(.data)
    WSH_ARY_S                                0x200000c4   Data           8  usart_to_lcd.o(.data)
    WSH_IN_S                                 0x200000cc   Data           8  usart_to_lcd.o(.data)
    WSH_OUT_S                                0x200000d4   Data           8  usart_to_lcd.o(.data)
    DRY_ARY_M                                0x200000dc   Data           8  usart_to_lcd.o(.data)
    DRY_ARY_S                                0x200000e4   Data           8  usart_to_lcd.o(.data)
    WLE_ARY_M                                0x200000ec   Data           8  usart_to_lcd.o(.data)
    WLE_ARY_S                                0x200000f4   Data           8  usart_to_lcd.o(.data)
    Temp                                     0x200000fc   Data           4  usart_to_lcd.o(.data)
    Humi                                     0x20000100   Data           4  usart_to_lcd.o(.data)
    Pres                                     0x20000104   Data           4  usart_to_lcd.o(.data)
    RemainWashTime                           0x20000108   Data           4  usart_to_lcd.o(.data)
    DryTime                                  0x2000010c   Data           4  usart_to_lcd.o(.data)
    WashDryTime                              0x20000110   Data           4  usart_to_lcd.o(.data)
    __stdout                                 0x20000118   Data           4  usart.o(.data)
    USART_RX_STA                             0x2000011c   Data           2  usart.o(.data)
    microwave_mode                           0x20000144   Data           1  dry.o(.data)
    Dry_Mode                                 0x20000145   Data           1  dry.o(.data)
    Washer_Mode                              0x20000148   Data           1  washer.o(.data)
    WATERIN_TIME                             0x2000014a   Data           2  washer.o(.data)
    WASH_TIME                                0x2000014c   Data           4  washer.o(.data)
    WATEROUT_TIME                            0x20000150   Data           2  washer.o(.data)
    currentDataPoint                         0x20000154   Data          27  main.o(.bss)
    USART2_RX_BUF                            0x2000016f   Data         200  usart_to_lcd.o(.bss)
    USART_RX_BUF                             0x20000237   Data         200  usart.o(.bss)
    gizwitsProtocol                          0x20000300   Data        3020  gizwits_protocol.o(.bss)
    pRb                                      0x20000ecc   Data          16  gizwits_protocol.o(.bss)
    __libspace_start                         0x20001648   Data          96  libspace.o(.bss)
    __temporary_stack_top$libspace           0x200016a8   Data           0  libspace.o(.bss)



==============================================================================

Memory Map of the image

  Image Entry point : 0x08000131

  Load Region LR_IROM1 (Base: 0x08000000, Size: 0x00007660, Max: 0x00080000, ABSOLUTE, COMPRESSED[0x00007598])

    Execution Region ER_IROM1 (Base: 0x08000000, Size: 0x0000750c, Max: 0x00080000, ABSOLUTE)

    Base Addr    Size         Type   Attr      Idx    E Section Name        Object

    0x08000000   0x00000130   Data   RO          490    RESET               startup_stm32f10x_hd.o
    0x08000130   0x00000008   Code   RO          883  * !!!main             c_w.l(__main.o)
    0x08000138   0x00000034   Code   RO         1116    !!!scatter          c_w.l(__scatter.o)
    0x0800016c   0x0000005a   Code   RO         1114    !!dczerorl2         c_w.l(__dczerorl2.o)
    0x080001c6   0x00000002   PAD
    0x080001c8   0x0000001c   Code   RO         1118    !!handler_zi        c_w.l(__scatter_zi.o)
    0x080001e4   0x00000000   Code   RO          872    .ARM.Collect$$_printf_percent$$00000000  c_w.l(_printf_percent.o)
    0x080001e4   0x00000006   Code   RO          871    .ARM.Collect$$_printf_percent$$00000009  c_w.l(_printf_d.o)
    0x080001ea   0x00000004   Code   RO          942    .ARM.Collect$$_printf_percent$$00000017  c_w.l(_printf_percent_end.o)
    0x080001ee   0x00000002   Code   RO          988    .ARM.Collect$$libinit$$00000000  c_w.l(libinit.o)
    0x080001f0   0x00000000   Code   RO          995    .ARM.Collect$$libinit$$00000002  c_w.l(libinit2.o)
    0x080001f0   0x00000000   Code   RO          997    .ARM.Collect$$libinit$$00000004  c_w.l(libinit2.o)
    0x080001f0   0x00000000   Code   RO         1000    .ARM.Collect$$libinit$$0000000A  c_w.l(libinit2.o)
    0x080001f0   0x00000000   Code   RO         1002    .ARM.Collect$$libinit$$0000000C  c_w.l(libinit2.o)
    0x080001f0   0x00000000   Code   RO         1004    .ARM.Collect$$libinit$$0000000E  c_w.l(libinit2.o)
    0x080001f0   0x00000000   Code   RO         1007    .ARM.Collect$$libinit$$00000011  c_w.l(libinit2.o)
    0x080001f0   0x00000000   Code   RO         1009    .ARM.Collect$$libinit$$00000013  c_w.l(libinit2.o)
    0x080001f0   0x00000000   Code   RO         1011    .ARM.Collect$$libinit$$00000015  c_w.l(libinit2.o)
    0x080001f0   0x00000000   Code   RO         1013    .ARM.Collect$$libinit$$00000017  c_w.l(libinit2.o)
    0x080001f0   0x00000000   Code   RO         1015    .ARM.Collect$$libinit$$00000019  c_w.l(libinit2.o)
    0x080001f0   0x00000000   Code   RO         1017    .ARM.Collect$$libinit$$0000001B  c_w.l(libinit2.o)
    0x080001f0   0x00000000   Code   RO         1019    .ARM.Collect$$libinit$$0000001D  c_w.l(libinit2.o)
    0x080001f0   0x00000000   Code   RO         1021    .ARM.Collect$$libinit$$0000001F  c_w.l(libinit2.o)
    0x080001f0   0x00000000   Code   RO         1023    .ARM.Collect$$libinit$$00000021  c_w.l(libinit2.o)
    0x080001f0   0x00000000   Code   RO         1025    .ARM.Collect$$libinit$$00000023  c_w.l(libinit2.o)
    0x080001f0   0x00000000   Code   RO         1027    .ARM.Collect$$libinit$$00000025  c_w.l(libinit2.o)
    0x080001f0   0x00000000   Code   RO         1031    .ARM.Collect$$libinit$$0000002C  c_w.l(libinit2.o)
    0x080001f0   0x00000000   Code   RO         1033    .ARM.Collect$$libinit$$0000002E  c_w.l(libinit2.o)
    0x080001f0   0x00000000   Code   RO         1035    .ARM.Collect$$libinit$$00000030  c_w.l(libinit2.o)
    0x080001f0   0x00000000   Code   RO         1037    .ARM.Collect$$libinit$$00000032  c_w.l(libinit2.o)
    0x080001f0   0x00000002   Code   RO         1038    .ARM.Collect$$libinit$$00000033  c_w.l(libinit2.o)
    0x080001f2   0x00000002   Code   RO         1056    .ARM.Collect$$libshutdown$$00000000  c_w.l(libshutdown.o)
    0x080001f4   0x00000000   Code   RO         1066    .ARM.Collect$$libshutdown$$00000002  c_w.l(libshutdown2.o)
    0x080001f4   0x00000000   Code   RO         1068    .ARM.Collect$$libshutdown$$00000004  c_w.l(libshutdown2.o)
    0x080001f4   0x00000000   Code   RO         1071    .ARM.Collect$$libshutdown$$00000007  c_w.l(libshutdown2.o)
    0x080001f4   0x00000000   Code   RO         1074    .ARM.Collect$$libshutdown$$0000000A  c_w.l(libshutdown2.o)
    0x080001f4   0x00000000   Code   RO         1076    .ARM.Collect$$libshutdown$$0000000C  c_w.l(libshutdown2.o)
    0x080001f4   0x00000000   Code   RO         1079    .ARM.Collect$$libshutdown$$0000000F  c_w.l(libshutdown2.o)
    0x080001f4   0x00000002   Code   RO         1080    .ARM.Collect$$libshutdown$$00000010  c_w.l(libshutdown2.o)
    0x080001f6   0x00000000   Code   RO          937    .ARM.Collect$$rtentry$$00000000  c_w.l(__rtentry.o)
    0x080001f6   0x00000000   Code   RO          957    .ARM.Collect$$rtentry$$00000002  c_w.l(__rtentry2.o)
    0x080001f6   0x00000006   Code   RO          969    .ARM.Collect$$rtentry$$00000004  c_w.l(__rtentry4.o)
    0x080001fc   0x00000000   Code   RO          959    .ARM.Collect$$rtentry$$00000009  c_w.l(__rtentry2.o)
    0x080001fc   0x00000004   Code   RO          960    .ARM.Collect$$rtentry$$0000000A  c_w.l(__rtentry2.o)
    0x08000200   0x00000000   Code   RO          962    .ARM.Collect$$rtentry$$0000000C  c_w.l(__rtentry2.o)
    0x08000200   0x00000008   Code   RO          963    .ARM.Collect$$rtentry$$0000000D  c_w.l(__rtentry2.o)
    0x08000208   0x00000002   Code   RO          992    .ARM.Collect$$rtexit$$00000000  c_w.l(rtexit.o)
    0x0800020a   0x00000000   Code   RO         1040    .ARM.Collect$$rtexit$$00000002  c_w.l(rtexit2.o)
    0x0800020a   0x00000004   Code   RO         1041    .ARM.Collect$$rtexit$$00000003  c_w.l(rtexit2.o)
    0x0800020e   0x00000006   Code   RO         1042    .ARM.Collect$$rtexit$$00000004  c_w.l(rtexit2.o)
    0x08000214   0x000001f4   Code   RO            1    .text               main.o
    0x08000408   0x0000001a   Code   RO          179    .text               stm32f10x_it.o
    0x08000422   0x00000002   PAD
    0x08000424   0x000001e0   Code   RO          220    .text               system_stm32f10x.o
    0x08000604   0x00000078   Code   RO          263    .text               timer.o
    0x0800067c   0x000000d0   Code   RO          275    .text               usart3.o
    0x0800074c   0x00000038   Code   RO          287    .text               beep.o
    0x08000784   0x00000280   Code   RO          299    .text               adc.o
    0x08000a04   0x00000280   Code   RO          311    .text               myiic.o
    0x08000c84   0x0000006c   Code   RO          326    .text               relay.o
    0x08000cf0   0x000001ac   Code   RO          338    .text               sht2x.o
    0x08000e9c   0x00000204   Code   RO          356    .text               tim4.o
    0x080010a0   0x00000120   Code   RO          372    .text               tim5.o
    0x080011c0   0x000007d0   Code   RO          388    .text               usart_to_lcd.o
    0x08001990   0x0000002c   Code   RO          408    .text               voice.o
    0x080019bc   0x000000d4   Code   RO          424    .text               delay.o
    0x08001a90   0x00000140   Code   RO          455    .text               usart.o
    0x08001bd0   0x00000040   Code   RO          491    .text               startup_stm32f10x_hd.o
    0x08001c10   0x000000dc   Code   RO          495    .text               misc.o
    0x08001cec   0x0000035c   Code   RO          507    .text               stm32f10x_gpio.o
    0x08002048   0x000003a4   Code   RO          519    .text               stm32f10x_rcc.o
    0x080023ec   0x00000e1a   Code   RO          533    .text               stm32f10x_tim.o
    0x08003206   0x00000002   PAD
    0x08003208   0x00000408   Code   RO          545    .text               stm32f10x_usart.o
    0x08003610   0x0000044e   Code   RO          557    .text               stm32f10x_adc.o
    0x08003a5e   0x00000002   PAD
    0x08003a60   0x00000384   Code   RO          773    .text               gizwits_product.o
    0x08003de4   0x000020a8   Code   RO          788    .text               gizwits_protocol.o
    0x08005e8c   0x00000160   Code   RO          805    .text               dry.o
    0x08005fec   0x00000298   Code   RO          821    .text               washer.o
    0x08006284   0x00000002   Code   RO          839    .text               c_w.l(use_no_semi_2.o)
    0x08006286   0x00000002   PAD
    0x08006288   0x00000018   Code   RO          843    .text               c_w.l(noretval__2printf.o)
    0x080062a0   0x0000004e   Code   RO          847    .text               c_w.l(_printf_pad.o)
    0x080062ee   0x00000002   PAD
    0x080062f0   0x00000078   Code   RO          849    .text               c_w.l(_printf_dec.o)
    0x08006368   0x00000138   Code   RO          863    .text               c_w.l(__printf_flags_wp.o)
    0x080064a0   0x0000008a   Code   RO          873    .text               c_w.l(rt_memcpy_v6.o)
    0x0800652a   0x00000064   Code   RO          875    .text               c_w.l(rt_memcpy_w.o)
    0x0800658e   0x00000044   Code   RO          877    .text               c_w.l(rt_memclr.o)
    0x080065d2   0x0000004e   Code   RO          879    .text               c_w.l(rt_memclr_w.o)
    0x08006620   0x00000006   Code   RO          881    .text               c_w.l(heapauxi.o)
    0x08006626   0x00000002   Code   RO          935    .text               c_w.l(use_no_semi.o)
    0x08006628   0x000000b2   Code   RO          938    .text               c_w.l(_printf_intcommon.o)
    0x080066da   0x00000002   PAD
    0x080066dc   0x00000024   Code   RO          940    .text               c_w.l(_printf_char_file.o)
    0x08006700   0x00000030   Code   RO          971    .text               c_w.l(_printf_char_common.o)
    0x08006730   0x00000008   Code   RO          973    .text               c_w.l(ferror.o)
    0x08006738   0x0000004a   Code   RO          977    .text               c_w.l(sys_stackheap_outer.o)
    0x08006782   0x00000012   Code   RO          981    .text               c_w.l(exit.o)
    0x08006794   0x00000008   Code   RO          989    .text               c_w.l(libspace.o)
    0x0800679c   0x0000000e   Code   RO          861    i._is_digit         c_w.l(__printf_wp.o)
    0x080067aa   0x00000002   PAD
    0x080067ac   0x00000062   Code   RO          885    x$fpl$d2f           fz_ws.l(d2f.o)
    0x0800680e   0x00000002   PAD
    0x08006810   0x00000150   Code   RO          887    x$fpl$dadd          fz_ws.l(daddsub_clz.o)
    0x08006960   0x00000018   Code   RO          943    x$fpl$dcmpinf       fz_ws.l(dcmpi.o)
    0x08006978   0x00000026   Code   RO          893    x$fpl$dfltu         fz_ws.l(dflt_clz.o)
    0x0800699e   0x00000002   PAD
    0x080069a0   0x00000078   Code   RO          899    x$fpl$dleqf         fz_ws.l(dleqf.o)
    0x08006a18   0x00000154   Code   RO          901    x$fpl$dmul          fz_ws.l(dmul.o)
    0x08006b6c   0x0000009c   Code   RO          945    x$fpl$dnaninf       fz_ws.l(dnaninf.o)
    0x08006c08   0x0000000c   Code   RO          947    x$fpl$dretinf       fz_ws.l(dretinf.o)
    0x08006c14   0x0000006c   Code   RO          903    x$fpl$drleqf        fz_ws.l(drleqf.o)
    0x08006c80   0x000001d4   Code   RO          889    x$fpl$dsub          fz_ws.l(daddsub_clz.o)
    0x08006e54   0x00000056   Code   RO          905    x$fpl$f2d           fz_ws.l(f2d.o)
    0x08006eaa   0x00000002   PAD
    0x08006eac   0x000000c4   Code   RO          907    x$fpl$fadd          fz_ws.l(faddsub_clz.o)
    0x08006f70   0x00000018   Code   RO          949    x$fpl$fcmpinf       fz_ws.l(fcmpi.o)
    0x08006f88   0x00000184   Code   RO          914    x$fpl$fdiv          fz_ws.l(fdiv.o)
    0x0800710c   0x00000068   Code   RO          917    x$fpl$feqf          fz_ws.l(feqf.o)
    0x08007174   0x00000036   Code   RO          919    x$fpl$ffix          fz_ws.l(ffix.o)
    0x080071aa   0x00000002   PAD
    0x080071ac   0x0000003e   Code   RO          923    x$fpl$ffixu         fz_ws.l(ffixu.o)
    0x080071ea   0x00000002   PAD
    0x080071ec   0x00000026   Code   RO          927    x$fpl$ffltu         fz_ws.l(fflt_clz.o)
    0x08007212   0x00000002   PAD
    0x08007214   0x00000102   Code   RO          933    x$fpl$fmul          fz_ws.l(fmul.o)
    0x08007316   0x0000008c   Code   RO          951    x$fpl$fnaninf       fz_ws.l(fnaninf.o)
    0x080073a2   0x0000000a   Code   RO          953    x$fpl$fretinf       fz_ws.l(fretinf.o)
    0x080073ac   0x000000ea   Code   RO          909    x$fpl$fsub          fz_ws.l(faddsub_clz.o)
    0x08007496   0x00000000   Code   RO          955    x$fpl$usenofp       fz_ws.l(usenofp.o)
    0x08007496   0x00000011   Data   RO          864    .constdata          c_w.l(__printf_flags_wp.o)
    0x080074a7   0x00000001   PAD
    0x080074a8   0x00000041   Data   RO          790    .conststring        gizwits_protocol.o
    0x080074e9   0x00000003   PAD
    0x080074ec   0x00000020   Data   RO         1112    Region$$Table       anon$$obj.o


    Execution Region RW_IRAM1 (Base: 0x20000000, Size: 0x000028a8, Max: 0x00010000, ABSOLUTE, COMPRESSED[0x0000008c])

    Base Addr    Size         Type   Attr      Idx    E Section Name        Object

    0x20000000   0x00000003   Data   RW            3    .data               main.o
    0x20000003   0x00000001   PAD
    0x20000004   0x00000014   Data   RW          221    .data               system_stm32f10x.o
    0x20000018   0x00000018   Data   RW          357    .data               tim4.o
    0x20000030   0x0000000b   Data   RW          373    .data               tim5.o
    0x2000003b   0x00000001   PAD
    0x2000003c   0x000000d8   Data   RW          390    .data               usart_to_lcd.o
    0x20000114   0x00000004   Data   RW          425    .data               delay.o
    0x20000118   0x00000006   Data   RW          457    .data               usart.o
    0x2000011e   0x00000014   Data   RW          520    .data               stm32f10x_rcc.o
    0x20000132   0x00000002   PAD
    0x20000134   0x00000004   Data   RW          774    .data               gizwits_product.o
    0x20000138   0x0000000c   Data   RW          791    .data               gizwits_protocol.o
    0x20000144   0x00000002   Data   RW          806    .data               dry.o
    0x20000146   0x00000002   PAD
    0x20000148   0x0000000a   Data   RW          822    .data               washer.o
    0x20000152   0x00000002   PAD
    0x20000154   0x0000001b   Zero   RW            2    .bss                main.o
    0x2000016f   0x000000c8   Zero   RW          389    .bss                usart_to_lcd.o
    0x20000237   0x000000c8   Zero   RW          456    .bss                usart.o
    0x200002ff   0x00000001   PAD
    0x20000300   0x00001348   Zero   RW          789    .bss                gizwits_protocol.o
    0x20001648   0x00000060   Zero   RW          990    .bss                c_w.l(libspace.o)
    0x200016a8   0x00000200   Zero   RW          489    HEAP                startup_stm32f10x_hd.o
    0x200018a8   0x00001000   Zero   RW          488    STACK               startup_stm32f10x_hd.o


==============================================================================

Image component sizes


      Code (inc. data)   RO Data    RW Data    ZI Data      Debug   Object Name

       640         32          0          0          0       2485   adc.o
        56          6          0          0          0        500   beep.o
       212         18          0          4          0       1067   delay.o
       352         50          0          2          0       1314   dry.o
       900        384          0          4          0       3402   gizwits_product.o
      8360       2330         65         12       4936      16883   gizwits_protocol.o
       500        140          0          3         27     270171   main.o
       220         22          0          0          0       1825   misc.o
       640          4          0          0          0       2147   myiic.o
       108          6          0          0          0        533   relay.o
       428         28          0          0          0       1461   sht2x.o
        64         26        304          0       4608        808   startup_stm32f10x_hd.o
      1102         26          0          0          0      11065   stm32f10x_adc.o
       860         38          0          0          0       5757   stm32f10x_gpio.o
        26          0          0          0          0       1190   stm32f10x_it.o
       932         36          0         20          0       8944   stm32f10x_rcc.o
      3610         88          0          0          0      22864   stm32f10x_tim.o
      1032         22          0          0          0       8480   stm32f10x_usart.o
         0          0          0          0          0         32   sys.o
       480         38          0         20          0       1775   system_stm32f10x.o
       516         76          0         24          0       2302   tim4.o
       288         50          0         11          0       1333   tim5.o
       120          4          0          0          0        800   timer.o
       320         18          0          6        200       3178   usart.o
       208          8          0          0          0        888   usart3.o
      2000        194          0        216        200       8254   usart_to_lcd.o
        44          4          0          0          0        641   voice.o
       664         70          0         10          0       1650   washer.o

    ----------------------------------------------------------------------
     24688       3718        404        340       9972     381749   Object Totals
         0          0         32          0          0          0   (incl. Generated)
         6          0          3          8          1          0   (incl. Padding)

    ----------------------------------------------------------------------

      Code (inc. data)   RO Data    RW Data    ZI Data      Debug   Library Member Name

        90          0          0          0          0          0   __dczerorl2.o
         8          0          0          0          0         68   __main.o
       312          4         17          0          0         92   __printf_flags_wp.o
        14          0          0          0          0         68   __printf_wp.o
         0          0          0          0          0          0   __rtentry.o
        12          0          0          0          0          0   __rtentry2.o
         6          0          0          0          0          0   __rtentry4.o
        52          8          0          0          0          0   __scatter.o
        28          0          0          0          0          0   __scatter_zi.o
        48          6          0          0          0         96   _printf_char_common.o
        36          4          0          0          0         80   _printf_char_file.o
         6          0          0          0          0          0   _printf_d.o
       120         16          0          0          0         92   _printf_dec.o
       178          0          0          0          0         88   _printf_intcommon.o
        78          0          0          0          0        108   _printf_pad.o
         0          0          0          0          0          0   _printf_percent.o
         4          0          0          0          0          0   _printf_percent_end.o
        18          0          0          0          0         80   exit.o
         8          0          0          0          0         68   ferror.o
         6          0          0          0          0        152   heapauxi.o
         2          0          0          0          0          0   libinit.o
         2          0          0          0          0          0   libinit2.o
         2          0          0          0          0          0   libshutdown.o
         2          0          0          0          0          0   libshutdown2.o
         8          4          0          0         96         68   libspace.o
        24          4          0          0          0         84   noretval__2printf.o
        68          0          0          0          0         68   rt_memclr.o
        78          0          0          0          0         80   rt_memclr_w.o
       138          0          0          0          0         68   rt_memcpy_v6.o
       100          0          0          0          0         80   rt_memcpy_w.o
         2          0          0          0          0          0   rtexit.o
        10          0          0          0          0          0   rtexit2.o
        74          0          0          0          0         80   sys_stackheap_outer.o
         2          0          0          0          0         68   use_no_semi.o
         2          0          0          0          0         68   use_no_semi_2.o
        98          4          0          0          0         92   d2f.o
       804         16          0          0          0        272   daddsub_clz.o
        24          0          0          0          0         68   dcmpi.o
        38          0          0          0          0         68   dflt_clz.o
       120          4          0          0          0         92   dleqf.o
       340         12          0          0          0        104   dmul.o
       156          4          0          0          0         92   dnaninf.o
        12          0          0          0          0         68   dretinf.o
       108          0          0          0          0         80   drleqf.o
        86          4          0          0          0         84   f2d.o
       430          8          0          0          0        168   faddsub_clz.o
        24          0          0          0          0         68   fcmpi.o
       388         76          0          0          0         96   fdiv.o
       104          4          0          0          0         84   feqf.o
        54          4          0          0          0         84   ffix.o
        62          4          0          0          0         84   ffixu.o
        38          0          0          0          0         68   fflt_clz.o
       258          4          0          0          0         84   fmul.o
       140          4          0          0          0         84   fnaninf.o
        10          0          0          0          0         68   fretinf.o
         0          0          0          0          0          0   usenofp.o

    ----------------------------------------------------------------------
      4854        194         18          0         96       3564   Library Totals
        22          0          1          0          0          0   (incl. Padding)

    ----------------------------------------------------------------------

      Code (inc. data)   RO Data    RW Data    ZI Data      Debug   Library Name

      1538         46         17          0         96       1656   c_w.l
      3294        148          0          0          0       1908   fz_ws.l

    ----------------------------------------------------------------------
      4854        194         18          0         96       3564   Library Totals

    ----------------------------------------------------------------------

==============================================================================


      Code (inc. data)   RO Data    RW Data    ZI Data      Debug   

     29542       3912        422        340      10068     381201   Grand Totals
     29542       3912        422        140      10068     381201   ELF Image Totals (compressed)
     29542       3912        422        140          0          0   ROM Totals

==============================================================================

    Total RO  Size (Code + RO Data)                29964 (  29.26kB)
    Total RW  Size (RW Data + ZI Data)             10408 (  10.16kB)
    Total ROM Size (Code + RO Data + RW Data)      30104 (  29.40kB)

==============================================================================

