Component: ARM Compiler 5.06 update 3 (build 300) Tool: armlink [4d35c9]

==============================================================================

Section Cross References

    main.o(.text) refers to timer.o(.text) for TIM3_Int_Init
    main.o(.text) refers to usart3.o(.text) for usart3_init
    main.o(.text) refers to rt_memclr.o(.text) for __aeabi_memclr
    main.o(.text) refers to gizwits_protocol.o(.text) for gizwitsInit
    main.o(.text) refers to ffix.o(x$fpl$ffix) for __aeabi_f2iz
    main.o(.text) refers to delay.o(.text) for delay_init
    main.o(.text) refers to misc.o(.text) for NVIC_PriorityGroupConfig
    main.o(.text) refers to adc.o(.text) for Adc_Init
    main.o(.text) refers to sht2x.o(.text) for SHT2x_Init
    main.o(.text) refers to usart_to_lcd.o(.text) for USART2_Init
    main.o(.text) refers to relay.o(.text) for RELAY_Init
    main.o(.text) refers to tim4.o(.text) for TIM4_Int_Init
    main.o(.text) refers to usart.o(.text) for uart_init
    main.o(.text) refers to led.o(.text) for LED_Init
    main.o(.text) refers to key.o(.text) for KEY_Init
    main.o(.text) refers to beep.o(.text) for BEEP_Init
    main.o(.text) refers to tim5.o(.text) for TIM5_Int_Init
    main.o(.text) refers to voice.o(.text) for Voice_Init
    main.o(.text) refers to noretval__2printf.o(.text) for __2printf
    main.o(.text) refers to washer.o(.text) for wash_func
    main.o(.text) refers to dry.o(.text) for dry_func
    main.o(.text) refers to main.o(.bss) for currentDataPoint
    main.o(.text) refers to main.o(.data) for washing_flag
    main.o(.text) refers to usart_to_lcd.o(.data) for Pres
    main.o(.text) refers to tim4.o(.data) for START_W_ARY
    system_stm32f10x.o(.text) refers to system_stm32f10x.o(.data) for SystemCoreClock
    led.o(.text) refers to stm32f10x_rcc.o(.text) for RCC_APB2PeriphClockCmd
    led.o(.text) refers to stm32f10x_gpio.o(.text) for GPIO_Init
    key.o(.text) refers to stm32f10x_rcc.o(.text) for RCC_APB2PeriphClockCmd
    key.o(.text) refers to stm32f10x_gpio.o(.text) for GPIO_Init
    key.o(.text) refers to delay.o(.text) for delay_ms
    key.o(.text) refers to key.o(.data) for key_up
    timer.o(.text) refers to stm32f10x_rcc.o(.text) for RCC_APB1PeriphClockCmd
    timer.o(.text) refers to stm32f10x_tim.o(.text) for TIM_TimeBaseInit
    timer.o(.text) refers to misc.o(.text) for NVIC_Init
    timer.o(.text) refers to gizwits_product.o(.text) for gizTimerMs
    usart3.o(.text) refers to stm32f10x_usart.o(.text) for USART_GetITStatus
    usart3.o(.text) refers to gizwits_protocol.o(.text) for gizPutData
    usart3.o(.text) refers to stm32f10x_rcc.o(.text) for RCC_APB2PeriphClockCmd
    usart3.o(.text) refers to stm32f10x_gpio.o(.text) for GPIO_Init
    usart3.o(.text) refers to misc.o(.text) for NVIC_Init
    beep.o(.text) refers to stm32f10x_rcc.o(.text) for RCC_APB2PeriphClockCmd
    beep.o(.text) refers to stm32f10x_gpio.o(.text) for GPIO_Init
    adc.o(.text) refers to stm32f10x_rcc.o(.text) for RCC_APB2PeriphClockCmd
    adc.o(.text) refers to stm32f10x_gpio.o(.text) for GPIO_Init
    adc.o(.text) refers to stm32f10x_adc.o(.text) for ADC_DeInit
    adc.o(.text) refers to delay.o(.text) for delay_ms
    adc.o(.text) refers to dflt_clz.o(x$fpl$dfltu) for __aeabi_ui2d
    adc.o(.text) refers to dmul.o(x$fpl$dmul) for __aeabi_dmul
    adc.o(.text) refers to daddsub_clz.o(x$fpl$dsub) for __aeabi_dsub
    myiic.o(.text) refers to stm32f10x_rcc.o(.text) for RCC_APB2PeriphClockCmd
    myiic.o(.text) refers to stm32f10x_gpio.o(.text) for GPIO_Init
    myiic.o(.text) refers to delay.o(.text) for delay_us
    relay.o(.text) refers to stm32f10x_rcc.o(.text) for RCC_APB2PeriphClockCmd
    relay.o(.text) refers to stm32f10x_gpio.o(.text) for GPIO_Init
    sht2x.o(.text) refers to myiic.o(.text) for I2C_Start
    sht2x.o(.text) refers to delay.o(.text) for delay_ms
    sht2x.o(.text) refers to fflt_clz.o(x$fpl$ffltu) for __aeabi_ui2f
    sht2x.o(.text) refers to f2d.o(x$fpl$f2d) for __aeabi_f2d
    sht2x.o(.text) refers to dmul.o(x$fpl$dmul) for __aeabi_dmul
    sht2x.o(.text) refers to daddsub_clz.o(x$fpl$dsub) for __aeabi_dsub
    sht2x.o(.text) refers to d2f.o(x$fpl$d2f) for __aeabi_d2f
    tim4.o(.text) refers to stm32f10x_rcc.o(.text) for RCC_APB1PeriphClockCmd
    tim4.o(.text) refers to stm32f10x_tim.o(.text) for TIM_TimeBaseInit
    tim4.o(.text) refers to misc.o(.text) for NVIC_Init
    tim4.o(.text) refers to main.o(.text) for userHandle
    tim4.o(.text) refers to gizwits_protocol.o(.text) for gizwitsHandle
    tim4.o(.text) refers to usart_to_lcd.o(.text) for GetEveryDisPara
    tim4.o(.text) refers to voice.o(.text) for VoiceDetect
    tim4.o(.text) refers to washer.o(.text) for Rst_Wash
    tim4.o(.text) refers to dry.o(.text) for Rst_Dry
    tim4.o(.text) refers to tim4.o(.data) for TenMsCnt
    tim4.o(.text) refers to main.o(.bss) for currentDataPoint
    tim4.o(.text) refers to usart_to_lcd.o(.data) for WashDryTime
[...]
    gizProtocolExchangeBytes                 0x08003fbf   Thumb Code    22  gizwits_protocol.o(.text)
    gizExchangeWord                          0x08003fd5   Thumb Code    26  gizwits_protocol.o(.text)
    gizByteOrderExchange                     0x08003fef   Thumb Code    64  gizwits_protocol.o(.text)
    gizY2X                                   0x0800402f   Thumb Code    14  gizwits_protocol.o(.text)
    gizX2Y                                   0x0800403d   Thumb Code    12  gizwits_protocol.o(.text)
    gizY2XFloat                              0x08004049   Thumb Code    42  gizwits_protocol.o(.text)
    gizX2YFloat                              0x08004073   Thumb Code    42  gizwits_protocol.o(.text)
    gizAcrossByteJudge                       0x0800409d   Thumb Code    42  gizwits_protocol.o(.text)
    gizProtocolHeadInit                      0x080040c7   Thumb Code    34  gizwits_protocol.o(.text)
    gizProtocolWaitAck                       0x080040e9   Thumb Code   416  gizwits_protocol.o(.text)
    gizDecompressionValue                    0x08004289   Thumb Code   202  gizwits_protocol.o(.text)
    gizCompressValue                         0x08004353   Thumb Code   136  gizwits_protocol.o(.text)
    gizDataPoint2Event                       0x080043f5   Thumb Code   306  gizwits_protocol.o(.text)
    gizCheckReport                           0x08004527   Thumb Code   278  gizwits_protocol.o(.text)
    gizDataPoints2ReportData                 0x0800463d   Thumb Code   694  gizwits_protocol.o(.text)
    gizProtocolIssuedProcess                 0x080048f3   Thumb Code   214  gizwits_protocol.o(.text)
    gizProtocolIssuedDataAck                 0x080049c9   Thumb Code   204  gizwits_protocol.o(.text)
    gizReportData                            0x08004a95   Thumb Code   134  gizwits_protocol.o(.text)
    gizDevReportPolicy                       0x08004b1b   Thumb Code   120  gizwits_protocol.o(.text)
    gizProtocolGetOnePacket                  0x08004b93   Thumb Code   672  gizwits_protocol.o(.text)
    gizProtocolResendData                    0x08004e33   Thumb Code    66  gizwits_protocol.o(.text)
    gizProtocolWaitAckCheck                  0x08004e75   Thumb Code    48  gizwits_protocol.o(.text)
    gizProtocolCommonAck                     0x08004ea5   Thumb Code    88  gizwits_protocol.o(.text)
    gizProtocolAckHandle                     0x08004efd   Thumb Code    98  gizwits_protocol.o(.text)
    gizProtocolGetDeviceInfo                 0x08004f5f   Thumb Code   184  gizwits_protocol.o(.text)
    gizProtocolErrorCmd                      0x08005017   Thumb Code    92  gizwits_protocol.o(.text)
    gizProtocolNTP                           0x08005073   Thumb Code   104  gizwits_protocol.o(.text)
    gizProtocolReboot                        0x080050db   Thumb Code    28  gizwits_protocol.o(.text)
    gizProtocolModuleStatus                  0x080050f7   Thumb Code  1400  gizwits_protocol.o(.text)
    .text                                    0x08005de8   Section        0  dry.o(.text)
    .text                                    0x08005f84   Section        0  washer.o(.text)
    .text                                    0x0800626c   Section        2  use_no_semi_2.o(.text)
    .text                                    0x08006270   Section        0  noretval__2printf.o(.text)
    .text                                    0x08006288   Section        0  _printf_pad.o(.text)
    .text                                    0x080062d8   Section        0  _printf_dec.o(.text)
    .text                                    0x08006350   Section        0  __printf_flags_wp.o(.text)
    .text                                    0x08006488   Section      138  rt_memcpy_v6.o(.text)
    .text                                    0x08006512   Section      100  rt_memcpy_w.o(.text)
    .text                                    0x08006576   Section       68  rt_memclr.o(.text)
    .text                                    0x080065ba   Section       78  rt_memclr_w.o(.text)
    .text                                    0x08006608   Section        0  heapauxi.o(.text)
    .text                                    0x0800660e   Section        2  use_no_semi.o(.text)
    .text                                    0x08006610   Section        0  _printf_intcommon.o(.text)
    .text                                    0x080066c4   Section        0  _printf_char_file.o(.text)
    .text                                    0x080066e8   Section        0  _printf_char_common.o(.text)
    _printf_input_char                       0x080066e9   Thumb Code    10  _printf_char_common.o(.text)
    .text                                    0x08006718   Section        0  ferror.o(.text)
    .text                                    0x08006720   Section       74  sys_stackheap_outer.o(.text)
    .text                                    0x0800676a   Section        0  exit.o(.text)
    .text                                    0x0800677c   Section        8  libspace.o(.text)
    i._is_digit                              0x08006784   Section        0  __printf_wp.o(i._is_digit)
    x$fpl$d2f                                0x08006794   Section       98  d2f.o(x$fpl$d2f)
    x$fpl$dadd                               0x080067f8   Section      336  daddsub_clz.o(x$fpl$dadd)
    _dadd1                                   0x08006809   Thumb Code     0  daddsub_clz.o(x$fpl$dadd)
    x$fpl$dcmpinf                            0x08006948   Section       24  dcmpi.o(x$fpl$dcmpinf)
    x$fpl$dfltu                              0x08006960   Section       38  dflt_clz.o(x$fpl$dfltu)
    x$fpl$dleqf                              0x08006988   Section      120  dleqf.o(x$fpl$dleqf)
    x$fpl$dmul                               0x08006a00   Section      340  dmul.o(x$fpl$dmul)
    x$fpl$dnaninf                            0x08006b54   Section      156  dnaninf.o(x$fpl$dnaninf)
    x$fpl$dretinf                            0x08006bf0   Section       12  dretinf.o(x$fpl$dretinf)
    x$fpl$drleqf                             0x08006bfc   Section      108  drleqf.o(x$fpl$drleqf)
    x$fpl$dsub                               0x08006c68   Section      468  daddsub_clz.o(x$fpl$dsub)
    _dsub1                                   0x08006c79   Thumb Code     0  daddsub_clz.o(x$fpl$dsub)
    x$fpl$f2d                                0x08006e3c   Section       86  f2d.o(x$fpl$f2d)
    x$fpl$fadd                               0x08006e94   Section      196  faddsub_clz.o(x$fpl$fadd)
    _fadd1                                   0x08006ea3   Thumb Code     0  faddsub_clz.o(x$fpl$fadd)
    x$fpl$fcmpinf                            0x08006f58   Section       24  fcmpi.o(x$fpl$fcmpinf)
    x$fpl$fdiv                               0x08006f70   Section      388  fdiv.o(x$fpl$fdiv)
    _fdiv1                                   0x08006f71   Thumb Code     0  fdiv.o(x$fpl$fdiv)
    x$fpl$feqf                               0x080070f4   Section      104  feqf.o(x$fpl$feqf)
    x$fpl$ffix                               0x0800715c   Section       54  ffix.o(x$fpl$ffix)
    x$fpl$ffixu                              0x08007194   Section       62  ffixu.o(x$fpl$ffixu)
    x$fpl$ffltu                              0x080071d4   Section       38  fflt_clz.o(x$fpl$ffltu)
    x$fpl$fleqf                              0x080071fc   Section      104  fleqf.o(x$fpl$fleqf)
    x$fpl$fmul                               0x08007264   Section      258  fmul.o(x$fpl$fmul)
    x$fpl$fnaninf                            0x08007366   Section      140  fnaninf.o(x$fpl$fnaninf)
    x$fpl$fretinf                            0x080073f2   Section       10  fretinf.o(x$fpl$fretinf)
    x$fpl$frleqf                             0x080073fc   Section       98  frleqf.o(x$fpl$frleqf)
    x$fpl$fsub                               0x08007460   Section      234  faddsub_clz.o(x$fpl$fsub)
    _fsub1                                   0x0800746f   Thumb Code     0  faddsub_clz.o(x$fpl$fsub)
    .constdata                               0x0800754a   Section       17  __printf_flags_wp.o(.constdata)
    x$fpl$usenofp                            0x0800754a   Section        0  usenofp.o(x$fpl$usenofp)
    maptable                                 0x0800754a   Data          17  __printf_flags_wp.o(.constdata)
    .conststring                             0x0800755c   Section       65  gizwits_protocol.o(.conststring)
    .data                                    0x20000000   Section        3  main.o(.data)
    .data                                    0x20000004   Section       20  system_stm32f10x.o(.data)
    .data                                    0x20000018   Section        1  key.o(.data)
    key_up                                   0x20000018   Data           1  key.o(.data)
    .data                                    0x20000019   Section       24  tim4.o(.data)
    .data                                    0x20000032   Section       10  tim5.o(.data)
    .data                                    0x2000003c   Section      180  usart_to_lcd.o(.data)
    .data                                    0x200000f0   Section        3  voice.o(.data)
    .data                                    0x200000f4   Section        4  delay.o(.data)
    fac_us                                   0x200000f4   Data           1  delay.o(.data)
    fac_ms                                   0x200000f6   Data           2  delay.o(.data)
    .data                                    0x200000f8   Section        6  usart.o(.data)
    .data                                    0x200000fe   Section       20  stm32f10x_rcc.o(.data)
    APBAHBPrescTable                         0x200000fe   Data          16  stm32f10x_rcc.o(.data)
    ADCPrescTable                            0x2000010e   Data           4  stm32f10x_rcc.o(.data)
    .data                                    0x20000114   Section        4  gizwits_product.o(.data)
    timerMsCount                             0x20000114   Data           4  gizwits_product.o(.data)
    .data                                    0x20000118   Section       12  gizwits_protocol.o(.data)
    lastReportTime                           0x20000118   Data           4  gizwits_protocol.o(.data)
    protocolFlag                             0x2000011c   Data           1  gizwits_protocol.o(.data)
    protocolCount                            0x2000011e   Data           2  gizwits_protocol.o(.data)
    lastData                                 0x20000120   Data           1  gizwits_protocol.o(.data)
    debugCount                               0x20000121   Data           1  gizwits_protocol.o(.data)
    lastStatus                               0x20000122   Data           2  gizwits_protocol.o(.data)
    .data                                    0x20000124   Section        1  dry.o(.data)
    .data                                    0x20000126   Section        8  washer.o(.data)
    .bss                                     0x20000130   Section       27  main.o(.bss)
    .bss                                     0x2000014b   Section      200  usart_to_lcd.o(.bss)
    .bss                                     0x20000213   Section      200  usart.o(.bss)
    .bss                                     0x200002dc   Section     4936  gizwits_protocol.o(.bss)
    rbBuf                                    0x20000eb8   Data        1900  gizwits_protocol.o(.bss)
    .bss                                     0x20001624   Section       96  libspace.o(.bss)
    HEAP                                     0x20001688   Section      512  startup_stm32f10x_hd.o(HEAP)
    Heap_Mem                                 0x20001688   Data         512  startup_stm32f10x_hd.o(HEAP)
    STACK                                    0x20001888   Section     4096  startup_stm32f10x_hd.o(STACK)
    Stack_Mem                                0x20001888   Data        4096  startup_stm32f10x_hd.o(STACK)
    __initial_sp                             0x20002888   Data           0  startup_stm32f10x_hd.o(STACK)

    Global Symbols

    Symbol Name                              Value     Ov Type        Size  Object(Section)

    BuildAttributes$$THM_ISAv4$P$D$K$B$S$PE$A:L22UL41UL21$X:L11$S22US41US21$IEEE1$IW$USESV6$~STKCKD$USESV7$~SHL$OSPACE$ROPI$EBA8$UX$STANDARDLIB$REQ8$PRES8$EABIv2 0x00000000   Number         0  anon$$obj.o ABSOLUTE
    __ARM_use_no_argv                        0x00000000   Number         0  main.o ABSOLUTE
    _printf_flags                            0x00000000   Number         0  printf_stubs.o ABSOLUTE
    _printf_return_value                     0x00000000   Number         0  printf_stubs.o ABSOLUTE
    _printf_sizespec                         0x00000000   Number         0  printf_stubs.o ABSOLUTE
    _printf_widthprec                        0x00000000   Number         0  printf_stubs.o ABSOLUTE
    __ARM_exceptions_init                     - Undefined Weak Reference
    __alloca_initialize                       - Undefined Weak Reference
    __arm_preinit_                            - Undefined Weak Reference
    __cpp_initialize__aeabi_                  - Undefined Weak Reference
    __cxa_finalize                            - Undefined Weak Reference
    __rt_locale                               - Undefined Weak Reference
    __sigvec_lookup                           - Undefined Weak Reference
    _atexit_init                              - Undefined Weak Reference
    _call_atexit_fns                          - Undefined Weak Reference
    _clock_init                               - Undefined Weak Reference
    _fp_trap_init                             - Undefined Weak Reference
    _fp_trap_shutdown                         - Undefined Weak Reference
    _get_lc_collate                           - Undefined Weak Reference
    _get_lc_ctype                             - Undefined Weak Reference
    _get_lc_monetary                          - Undefined Weak Reference
    _get_lc_numeric                           - Undefined Weak Reference
    _get_lc_time                              - Undefined Weak Reference
    _getenv_init                              - Undefined Weak Reference
    _handle_redirection                       - Undefined Weak Reference
    _init_alloc                               - Undefined Weak Reference
    _init_user_alloc                          - Undefined Weak Reference
    _initio                                   - Undefined Weak Reference
    _mutex_acquire                            - Undefined Weak Reference
    _mutex_release                            - Undefined Weak Reference
    _printf_truncate_signed                   - Undefined Weak Reference
    _printf_truncate_unsigned                 - Undefined Weak Reference
    _rand_init                                - Undefined Weak Reference
    _signal_finish                            - Undefined Weak Reference
    _signal_init                              - Undefined Weak Reference
    _terminate_alloc                          - Undefined Weak Reference
    _terminate_user_alloc                     - Undefined Weak Reference
    _terminateio                              - Undefined Weak Reference
    __Vectors_Size                           0x00000130   Number         0  startup_stm32f10x_hd.o ABSOLUTE
    __Vectors                                0x08000000   Data           4  startup_stm32f10x_hd.o(RESET)
    __Vectors_End                            0x08000130   Data           0  startup_stm32f10x_hd.o(RESET)
    __main                                   0x08000131   Thumb Code     8  __main.o(!!!main)
    __scatterload                            0x08000139   Thumb Code     0  __scatter.o(!!!scatter)
    __scatterload_rt2                        0x08000139   Thumb Code    44  __scatter.o(!!!scatter)
    __scatterload_rt2_thumb_only             0x08000139   Thumb Code     0  __scatter.o(!!!scatter)
    __scatterload_null                       0x08000147   Thumb Code     0  __scatter.o(!!!scatter)
    __decompress                             0x0800016d   Thumb Code    90  __dczerorl2.o(!!dczerorl2)
    __decompress1                            0x0800016d   Thumb Code     0  __dczerorl2.o(!!dczerorl2)
    __scatterload_zeroinit                   0x080001c9   Thumb Code    28  __scatter_zi.o(!!handler_zi)
    _printf_d                                0x080001e5   Thumb Code     0  _printf_d.o(.ARM.Collect$$_printf_percent$$00000009)
    _printf_percent                          0x080001e5   Thumb Code     0  _printf_percent.o(.ARM.Collect$$_printf_percent$$00000000)
    _printf_percent_end                      0x080001eb   Thumb Code     0  _printf_percent_end.o(.ARM.Collect$$_printf_percent$$00000017)
    __rt_lib_init                            0x080001ef   Thumb Code     0  libinit.o(.ARM.Collect$$libinit$$00000000)
    __rt_lib_init_alloca_1                   0x080001f1   Thumb Code     0  libinit2.o(.ARM.Collect$$libinit$$0000002E)
    __rt_lib_init_argv_1                     0x080001f1   Thumb Code     0  libinit2.o(.ARM.Collect$$libinit$$0000002C)
    __rt_lib_init_atexit_1                   0x080001f1   Thumb Code     0  libinit2.o(.ARM.Collect$$libinit$$0000001B)
    __rt_lib_init_clock_1                    0x080001f1   Thumb Code     0  libinit2.o(.ARM.Collect$$libinit$$00000021)
    __rt_lib_init_cpp_1                      0x080001f1   Thumb Code     0  libinit2.o(.ARM.Collect$$libinit$$00000032)
    __rt_lib_init_exceptions_1               0x080001f1   Thumb Code     0  libinit2.o(.ARM.Collect$$libinit$$00000030)
    __rt_lib_init_fp_1                       0x080001f1   Thumb Code     0  libinit2.o(.ARM.Collect$$libinit$$00000002)
    __rt_lib_init_fp_trap_1                  0x080001f1   Thumb Code     0  libinit2.o(.ARM.Collect$$libinit$$0000001F)
    __rt_lib_init_getenv_1                   0x080001f1   Thumb Code     0  libinit2.o(.ARM.Collect$$libinit$$00000023)
    __rt_lib_init_heap_1                     0x080001f1   Thumb Code     0  libinit2.o(.ARM.Collect$$libinit$$0000000A)
    __rt_lib_init_lc_collate_1               0x080001f1   Thumb Code     0  libinit2.o(.ARM.Collect$$libinit$$00000011)
    __rt_lib_init_lc_ctype_1                 0x080001f1   Thumb Code     0  libinit2.o(.ARM.Collect$$libinit$$00000013)
    __rt_lib_init_lc_monetary_1              0x080001f1   Thumb Code     0  libinit2.o(.ARM.Collect$$libinit$$00000015)
    __rt_lib_init_lc_numeric_1               0x080001f1   Thumb Code     0  libinit2.o(.ARM.Collect$$libinit$$00000017)
    __rt_lib_init_lc_time_1                  0x080001f1   Thumb Code     0  libinit2.o(.ARM.Collect$$libinit$$00000019)
    __rt_lib_init_preinit_1                  0x080001f1   Thumb Code     0  libinit2.o(.ARM.Collect$$libinit$$00000004)
    __rt_lib_init_rand_1                     0x080001f1   Thumb Code     0  libinit2.o(.ARM.Collect$$libinit$$0000000E)
    __rt_lib_init_return                     0x080001f1   Thumb Code     0  libinit2.o(.ARM.Collect$$libinit$$00000033)
    __rt_lib_init_signal_1                   0x080001f1   Thumb Code     0  libinit2.o(.ARM.Collect$$libinit$$0000001D)
    __rt_lib_init_stdio_1                    0x080001f1   Thumb Code     0  libinit2.o(.ARM.Collect$$libinit$$00000025)
    __rt_lib_init_user_alloc_1               0x080001f1   Thumb Code     0  libinit2.o(.ARM.Collect$$libinit$$0000000C)
    __rt_lib_shutdown                        0x080001f3   Thumb Code     0  libshutdown.o(.ARM.Collect$$libshutdown$$00000000)
    __rt_lib_shutdown_cpp_1                  0x080001f5   Thumb Code     0  libshutdown2.o(.ARM.Collect$$libshutdown$$00000002)
    __rt_lib_shutdown_fp_trap_1              0x080001f5   Thumb Code     0  libshutdown2.o(.ARM.Collect$$libshutdown$$00000007)
    __rt_lib_shutdown_heap_1                 0x080001f5   Thumb Code     0  libshutdown2.o(.ARM.Collect$$libshutdown$$0000000F)
    __rt_lib_shutdown_return                 0x080001f5   Thumb Code     0  libshutdown2.o(.ARM.Collect$$libshutdown$$00000010)
    __rt_lib_shutdown_signal_1               0x080001f5   Thumb Code     0  libshutdown2.o(.ARM.Collect$$libshutdown$$0000000A)
    __rt_lib_shutdown_stdio_1                0x080001f5   Thumb Code     0  libshutdown2.o(.ARM.Collect$$libshutdown$$00000004)
    __rt_lib_shutdown_user_alloc_1           0x080001f5   Thumb Code     0  libshutdown2.o(.ARM.Collect$$libshutdown$$0000000C)
    __rt_entry                               0x080001f7   Thumb Code     0  __rtentry.o(.ARM.Collect$$rtentry$$00000000)
    __rt_entry_presh_1                       0x080001f7   Thumb Code     0  __rtentry2.o(.ARM.Collect$$rtentry$$00000002)
    __rt_entry_sh                            0x080001f7   Thumb Code     0  __rtentry4.o(.ARM.Collect$$rtentry$$00000004)
    __rt_entry_li                            0x080001fd   Thumb Code     0  __rtentry2.o(.ARM.Collect$$rtentry$$0000000A)
    __rt_entry_postsh_1                      0x080001fd   Thumb Code     0  __rtentry2.o(.ARM.Collect$$rtentry$$00000009)
    __rt_entry_main                          0x08000201   Thumb Code     0  __rtentry2.o(.ARM.Collect$$rtentry$$0000000D)
    __rt_entry_postli_1                      0x08000201   Thumb Code     0  __rtentry2.o(.ARM.Collect$$rtentry$$0000000C)
    __rt_exit                                0x08000209   Thumb Code     0  rtexit.o(.ARM.Collect$$rtexit$$00000000)
    __rt_exit_ls                             0x0800020b   Thumb Code     0  rtexit2.o(.ARM.Collect$$rtexit$$00000003)
    __rt_exit_prels_1                        0x0800020b   Thumb Code     0  rtexit2.o(.ARM.Collect$$rtexit$$00000002)
    __rt_exit_exit                           0x0800020f   Thumb Code     0  rtexit2.o(.ARM.Collect$$rtexit$$00000004)
    Gizwits_Init                             0x08000215   Thumb Code    34  main.o(.text)
    userHandle                               0x08000237   Thumb Code   106  main.o(.text)
    main                                     0x080002a1   Thumb Code   198  main.o(.text)
    NMI_Handler                              0x080003e9   Thumb Code     2  stm32f10x_it.o(.text)
    HardFault_Handler                        0x080003eb   Thumb Code     4  stm32f10x_it.o(.text)
    MemManage_Handler                        0x080003ef   Thumb Code     4  stm32f10x_it.o(.text)
    BusFault_Handler                         0x080003f3   Thumb Code     4  stm32f10x_it.o(.text)
    UsageFault_Handler                       0x080003f7   Thumb Code     4  stm32f10x_it.o(.text)
    SVC_Handler                              0x080003fb   Thumb Code     2  stm32f10x_it.o(.text)
    DebugMon_Handler                         0x080003fd   Thumb Code     2  stm32f10x_it.o(.text)
    PendSV_Handler                           0x080003ff   Thumb Code     2  stm32f10x_it.o(.text)
    SysTick_Handler                          0x08000401   Thumb Code     2  stm32f10x_it.o(.text)
    SystemInit                               0x080004e3   Thumb Code    78  system_stm32f10x.o(.text)
    SystemCoreClockUpdate                    0x08000531   Thumb Code   142  system_stm32f10x.o(.text)
    LED_Init                                 0x080005e5   Thumb Code    84  led.o(.text)
    KEY_Init                                 0x08000641   Thumb Code    52  key.o(.text)
    KEY_Scan                                 0x08000675   Thumb Code   188  key.o(.text)
    TIM3_Int_Init                            0x0800073d   Thumb Code    90  timer.o(.text)
    TIM3_IRQHandler                          0x08000797   Thumb Code    26  timer.o(.text)
    USART3_IRQHandler                        0x080007b5   Thumb Code    34  usart3.o(.text)
    usart3_init                              0x080007d7   Thumb Code   166  usart3.o(.text)
    BEEP_Init                                0x08000885   Thumb Code    50  beep.o(.text)
    Adc_Init                                 0x080008bd   Thumb Code   132  adc.o(.text)
    Get_Adc                                  0x08000941   Thumb Code    46  adc.o(.text)
    Get_Adc_Average                          0x0800096f   Thumb Code    46  adc.o(.text)
    GetPresAverage                           0x0800099d   Thumb Code    80  adc.o(.text)
    I2C_INIT                                 0x08000a05   Thumb Code    60  myiic.o(.text)
    I2C_SDA_OUT                              0x08000a41   Thumb Code    32  myiic.o(.text)
    I2C_SDA_IN                               0x08000a61   Thumb Code    26  myiic.o(.text)
    I2C_Start                                0x08000a7b   Thumb Code    60  myiic.o(.text)
    I2C_Stop                                 0x08000ab7   Thumb Code    60  myiic.o(.text)
    I2C_Ack                                  0x08000af3   Thumb Code    60  myiic.o(.text)
    I2C_NAck                                 0x08000b2f   Thumb Code    60  myiic.o(.text)
    I2C_Wait_Ack                             0x08000b6b   Thumb Code    86  myiic.o(.text)
    I2C_Send_Byte                            0x08000bc1   Thumb Code   100  myiic.o(.text)
    I2C_Read_Byte                            0x08000c25   Thumb Code    92  myiic.o(.text)
    RELAY_Init                               0x08000c85   Thumb Code    94  relay.o(.text)
    SHT2x_SoftReset                          0x08000ce9   Thumb Code    40  sht2x.o(.text)
    SHT2x_Init                               0x08000d11   Thumb Code    16  sht2x.o(.text)
    SHT2x_GetTempPoll                        0x08000d21   Thumb Code   172  sht2x.o(.text)
    SHT2x_GetHumiPoll                        0x08000dcd   Thumb Code   172  sht2x.o(.text)
    TIM4_Int_Init                            0x08000e95   Thumb Code    88  tim4.o(.text)
    TIM4_IRQHandler                          0x08000eed   Thumb Code   264  tim4.o(.text)
    TIM5_Int_Init                            0x08001031   Thumb Code    90  tim5.o(.text)
    TIM5_IRQHandler                          0x0800108b   Thumb Code   148  tim5.o(.text)
    USART2_Init                              0x08001151   Thumb Code   154  usart_to_lcd.o(.text)
    UpdateDisTemp                            0x080011eb   Thumb Code    80  usart_to_lcd.o(.text)
    UpdateDisHumi                            0x0800123b   Thumb Code    80  usart_to_lcd.o(.text)
    UpdateDisPres                            0x0800128b   Thumb Code    72  usart_to_lcd.o(.text)
    UpdateRemainingWashTim                   0x080012d3   Thumb Code   146  usart_to_lcd.o(.text)
    UpdateUsedDryTim                         0x08001365   Thumb Code   146  usart_to_lcd.o(.text)
    UpdateUsedWholeTim                       0x080013f7   Thumb Code   146  usart_to_lcd.o(.text)
    JumpToFinishedUI                         0x08001489   Thumb Code    50  usart_to_lcd.o(.text)
    JumpToUI                                 0x080014bb   Thumb Code    42  usart_to_lcd.o(.text)
    GetEveryDisPara                          0x080014e5   Thumb Code    92  usart_to_lcd.o(.text)
    UpdateEveryDisPara                       0x08001541   Thumb Code   182  usart_to_lcd.o(.text)
    ifButtonDown                             0x080015f7   Thumb Code   398  usart_to_lcd.o(.text)
    USART2_IRQHandler                        0x08001785   Thumb Code    58  usart_to_lcd.o(.text)
    Voice_Init                               0x080017f5   Thumb Code    38  voice.o(.text)
    VoiceDetect                              0x0800181b   Thumb Code   148  voice.o(.text)
    delay_init                               0x080018d1   Thumb Code    50  delay.o(.text)
    delay_us                                 0x08001903   Thumb Code    72  delay.o(.text)
    delay_ms                                 0x0800194b   Thumb Code    72  delay.o(.text)
    _sys_exit                                0x080019a5   Thumb Code     4  usart.o(.text)
    fputc                                    0x080019a9   Thumb Code    24  usart.o(.text)
    uart_init                                0x080019c1   Thumb Code   152  usart.o(.text)
    USART1_IRQHandler                        0x08001a59   Thumb Code   122  usart.o(.text)
    Reset_Handler                            0x08001ae5   Thumb Code     8  startup_stm32f10x_hd.o(.text)
    ADC1_2_IRQHandler                        0x08001aff   Thumb Code     0  startup_stm32f10x_hd.o(.text)
    ADC3_IRQHandler                          0x08001aff   Thumb Code     0  startup_stm32f10x_hd.o(.text)
    CAN1_RX1_IRQHandler                      0x08001aff   Thumb Code     0  startup_stm32f10x_hd.o(.text)
    CAN1_SCE_IRQHandler                      0x08001aff   Thumb Code     0  startup_stm32f10x_hd.o(.text)
    DMA1_Channel1_IRQHandler                 0x08001aff   Thumb Code     0  startup_stm32f10x_hd.o(.text)
    DMA1_Channel2_IRQHandler                 0x08001aff   Thumb Code     0  startup_stm32f10x_hd.o(.text)
    DMA1_Channel3_IRQHandler                 0x08001aff   Thumb Code     0  startup_stm32f10x_hd.o(.text)
    DMA1_Channel4_IRQHandler                 0x08001aff   Thumb Code     0  startup_stm32f10x_hd.o(.text)
    DMA1_Channel5_IRQHandler                 0x08001aff   Thumb Code     0  startup_stm32f10x_hd.o(.text)
    DMA1_Channel6_IRQHandler                 0x08001aff   Thumb Code     0  startup_stm32f10x_hd.o(.text)
    DMA1_Channel7_IRQHandler                 0x08001aff   Thumb Code     0  startup_stm32f10x_hd.o(.text)
    DMA2_Channel1_IRQHandler                 0x08001aff   Thumb Code     0  startup_stm32f10x_hd.o(.text)
    DMA2_Channel2_IRQHandler                 0x08001aff   Thumb Code     0  startup_stm32f10x_hd.o(.text)
    DMA2_Channel3_IRQHandler                 0x08001aff   Thumb Code     0  startup_stm32f10x_hd.o(.text)
    DMA2_Channel4_5_IRQHandler               0x08001aff   Thumb Code     0  startup_stm32f10x_hd.o(.text)
    EXTI0_IRQHandler                         0x08001aff   Thumb Code     0  startup_stm32f10x_hd.o(.text)
    EXTI15_10_IRQHandler                     0x08001aff   Thumb Code     0  startup_stm32f10x_hd.o(.text)
    EXTI1_IRQHandler                         0x08001aff   Thumb Code     0  startup_stm32f10x_hd.o(.text)
    EXTI2_IRQHandler                         0x08001aff   Thumb Code     0  startup_stm32f10x_hd.o(.text)
    EXTI3_IRQHandler                         0x08001aff   Thumb Code     0  startup_stm32f10x_hd.o(.text)
    EXTI4_IRQHandler                         0x08001aff   Thumb Code     0  startup_stm32f10x_hd.o(.text)
    EXTI9_5_IRQHandler                       0x08001aff   Thumb Code     0  startup_stm32f10x_hd.o(.text)
    FLASH_IRQHandler                         0x08001aff   Thumb Code     0  startup_stm32f10x_hd.o(.text)
    FSMC_IRQHandler                          0x08001aff   Thumb Code     0  startup_stm32f10x_hd.o(.text)
    I2C1_ER_IRQHandler                       0x08001aff   Thumb Code     0  startup_stm32f10x_hd.o(.text)
    I2C1_EV_IRQHandler                       0x08001aff   Thumb Code     0  startup_stm32f10x_hd.o(.text)
    I2C2_ER_IRQHandler                       0x08001aff   Thumb Code     0  startup_stm32f10x_hd.o(.text)
    I2C2_EV_IRQHandler                       0x08001aff   Thumb Code     0  startup_stm32f10x_hd.o(.text)
    PVD_IRQHandler                           0x08001aff   Thumb Code     0  startup_stm32f10x_hd.o(.text)
    RCC_IRQHandler                           0x08001aff   Thumb Code     0  startup_stm32f10x_hd.o(.text)
    RTCAlarm_IRQHandler                      0x08001aff   Thumb Code     0  startup_stm32f10x_hd.o(.text)
    RTC_IRQHandler                           0x08001aff   Thumb Code     0  startup_stm32f10x_hd.o(.text)
    SDIO_IRQHandler                          0x08001aff   Thumb Code     0  startup_stm32f10x_hd.o(.text)
    SPI1_IRQHandler                          0x08001aff   Thumb Code     0  startup_stm32f10x_hd.o(.text)
    SPI2_IRQHandler                          0x08001aff   Thumb Code     0  startup_stm32f10x_hd.o(.text)
    SPI3_IRQHandler                          0x08001aff   Thumb Code     0  startup_stm32f10x_hd.o(.text)
    TAMPER_IRQHandler                        0x08001aff   Thumb Code     0  startup_stm32f10x_hd.o(.text)
    TIM1_BRK_IRQHandler                      0x08001aff   Thumb Code     0  startup_stm32f10x_hd.o(.text)
    TIM1_CC_IRQHandler                       0x08001aff   Thumb Code     0  startup_stm32f10x_hd.o(.text)
    TIM1_TRG_COM_IRQHandler                  0x08001aff   Thumb Code     0  startup_stm32f10x_hd.o(.text)
    TIM1_UP_IRQHandler                       0x08001aff   Thumb Code     0  startup_stm32f10x_hd.o(.text)
    TIM2_IRQHandler                          0x08001aff   Thumb Code     0  startup_stm32f10x_hd.o(.text)
    TIM6_IRQHandler                          0x08001aff   Thumb Code     0  startup_stm32f10x_hd.o(.text)
    TIM7_IRQHandler                          0x08001aff   Thumb Code     0  startup_stm32f10x_hd.o(.text)
    TIM8_BRK_IRQHandler                      0x08001aff   Thumb Code     0  startup_stm32f10x_hd.o(.text)
    TIM8_CC_IRQHandler                       0x08001aff   Thumb Code     0  startup_stm32f10x_hd.o(.text)
    TIM8_TRG_COM_IRQHandler                  0x08001aff   Thumb Code     0  startup_stm32f10x_hd.o(.text)
    TIM8_UP_IRQHandler                       0x08001aff   Thumb Code     0  startup_stm32f10x_hd.o(.text)
    UART4_IRQHandler                         0x08001aff   Thumb Code     0  startup_stm32f10x_hd.o(.text)
    UART5_IRQHandler                         0x08001aff   Thumb Code     0  startup_stm32f10x_hd.o(.text)
    USBWakeUp_IRQHandler                     0x08001aff   Thumb Code     0  startup_stm32f10x_hd.o(.text)
    USB_HP_CAN1_TX_IRQHandler                0x08001aff   Thumb Code     0  startup_stm32f10x_hd.o(.text)
    USB_LP_CAN1_RX0_IRQHandler               0x08001aff   Thumb Code     0  startup_stm32f10x_hd.o(.text)
    WWDG_IRQHandler                          0x08001aff   Thumb Code     0  startup_stm32f10x_hd.o(.text)
    __user_initial_stackheap                 0x08001b01   Thumb Code     0  startup_stm32f10x_hd.o(.text)
    NVIC_PriorityGroupConfig                 0x08001b25   Thumb Code    10  misc.o(.text)
    NVIC_Init                                0x08001b2f   Thumb Code   100  misc.o(.text)
    NVIC_SetVectorTable                      0x08001b93   Thumb Code    14  misc.o(.text)
    NVIC_SystemLPConfig                      0x08001ba1   Thumb Code    34  misc.o(.text)
    SysTick_CLKSourceConfig                  0x08001bc3   Thumb Code    40  misc.o(.text)
    GPIO_DeInit                              0x08001c01   Thumb Code   172  stm32f10x_gpio.o(.text)
    GPIO_AFIODeInit                          0x08001cad   Thumb Code    20  stm32f10x_gpio.o(.text)
    GPIO_Init                                0x08001cc1   Thumb Code   278  stm32f10x_gpio.o(.text)
    GPIO_StructInit                          0x08001dd7   Thumb Code    16  stm32f10x_gpio.o(.text)
    GPIO_ReadInputDataBit                    0x08001de7   Thumb Code    18  stm32f10x_gpio.o(.text)
    GPIO_ReadInputData                       0x08001df9   Thumb Code     8  stm32f10x_gpio.o(.text)
    GPIO_ReadOutputDataBit                   0x08001e01   Thumb Code    18  stm32f10x_gpio.o(.text)
    GPIO_ReadOutputData                      0x08001e13   Thumb Code     8  stm32f10x_gpio.o(.text)
    GPIO_SetBits                             0x08001e1b   Thumb Code     4  stm32f10x_gpio.o(.text)
    GPIO_ResetBits                           0x08001e1f   Thumb Code     4  stm32f10x_gpio.o(.text)
    GPIO_WriteBit                            0x08001e23   Thumb Code    10  stm32f10x_gpio.o(.text)
    GPIO_Write                               0x08001e2d   Thumb Code     4  stm32f10x_gpio.o(.text)
    GPIO_PinLockConfig                       0x08001e31   Thumb Code    18  stm32f10x_gpio.o(.text)
    GPIO_EventOutputConfig                   0x08001e43   Thumb Code    26  stm32f10x_gpio.o(.text)
    GPIO_EventOutputCmd                      0x08001e5d   Thumb Code     6  stm32f10x_gpio.o(.text)
    GPIO_PinRemapConfig                      0x08001e63   Thumb Code   138  stm32f10x_gpio.o(.text)
    GPIO_EXTILineConfig                      0x08001eed   Thumb Code    66  stm32f10x_gpio.o(.text)
    GPIO_ETH_MediaInterfaceConfig            0x08001f2f   Thumb Code     8  stm32f10x_gpio.o(.text)
    RCC_DeInit                               0x08001f5d   Thumb Code    64  stm32f10x_rcc.o(.text)
    RCC_HSEConfig                            0x08001f9d   Thumb Code    70  stm32f10x_rcc.o(.text)
    RCC_GetFlagStatus                        0x08001fe3   Thumb Code    56  stm32f10x_rcc.o(.text)
    RCC_WaitForHSEStartUp                    0x0800201b   Thumb Code    56  stm32f10x_rcc.o(.text)
    RCC_AdjustHSICalibrationValue            0x08002053   Thumb Code    20  stm32f10x_rcc.o(.text)
    RCC_HSICmd                               0x08002067   Thumb Code     6  stm32f10x_rcc.o(.text)
    RCC_PLLConfig                            0x0800206d   Thumb Code    24  stm32f10x_rcc.o(.text)
    RCC_PLLCmd                               0x08002085   Thumb Code     6  stm32f10x_rcc.o(.text)
    RCC_SYSCLKConfig                         0x0800208b   Thumb Code    18  stm32f10x_rcc.o(.text)
    RCC_GetSYSCLKSource                      0x0800209d   Thumb Code    10  stm32f10x_rcc.o(.text)
    RCC_HCLKConfig                           0x080020a7   Thumb Code    18  stm32f10x_rcc.o(.text)
    RCC_PCLK1Config                          0x080020b9   Thumb Code    18  stm32f10x_rcc.o(.text)
    RCC_PCLK2Config                          0x080020cb   Thumb Code    20  stm32f10x_rcc.o(.text)
    RCC_ITConfig                             0x080020df   Thumb Code    26  stm32f10x_rcc.o(.text)
    RCC_USBCLKConfig                         0x080020f9   Thumb Code     8  stm32f10x_rcc.o(.text)
    RCC_ADCCLKConfig                         0x08002101   Thumb Code    18  stm32f10x_rcc.o(.text)
    RCC_LSEConfig                            0x08002113   Thumb Code    50  stm32f10x_rcc.o(.text)
    RCC_LSICmd                               0x08002145   Thumb Code     6  stm32f10x_rcc.o(.text)
    RCC_RTCCLKConfig                         0x0800214b   Thumb Code    12  stm32f10x_rcc.o(.text)
    RCC_RTCCLKCmd                            0x08002157   Thumb Code     8  stm32f10x_rcc.o(.text)
    RCC_GetClocksFreq                        0x0800215f   Thumb Code   192  stm32f10x_rcc.o(.text)
    RCC_AHBPeriphClockCmd                    0x0800221f   Thumb Code    26  stm32f10x_rcc.o(.text)
    RCC_APB2PeriphClockCmd                   0x08002239   Thumb Code    26  stm32f10x_rcc.o(.text)
    RCC_APB1PeriphClockCmd                   0x08002253   Thumb Code    26  stm32f10x_rcc.o(.text)
    RCC_APB2PeriphResetCmd                   0x0800226d   Thumb Code    26  stm32f10x_rcc.o(.text)
    RCC_APB1PeriphResetCmd                   0x08002287   Thumb Code    26  stm32f10x_rcc.o(.text)
    RCC_BackupResetCmd                       0x080022a1   Thumb Code     8  stm32f10x_rcc.o(.text)
    RCC_ClockSecuritySystemCmd               0x080022a9   Thumb Code     6  stm32f10x_rcc.o(.text)
    RCC_MCOConfig                            0x080022af   Thumb Code     6  stm32f10x_rcc.o(.text)
    RCC_ClearFlag                            0x080022b5   Thumb Code    14  stm32f10x_rcc.o(.text)
    RCC_GetITStatus                          0x080022c3   Thumb Code    20  stm32f10x_rcc.o(.text)
    RCC_ClearITPendingBit                    0x080022d7   Thumb Code     6  stm32f10x_rcc.o(.text)
    TIM_DeInit                               0x08002301   Thumb Code   424  stm32f10x_tim.o(.text)
    TIM_TimeBaseInit                         0x080024a9   Thumb Code   122  stm32f10x_tim.o(.text)
    TIM_OC1Init                              0x08002523   Thumb Code   132  stm32f10x_tim.o(.text)
    TIM_OC2Init                              0x080025a7   Thumb Code   154  stm32f10x_tim.o(.text)
    TIM_OC3Init                              0x08002641   Thumb Code   150  stm32f10x_tim.o(.text)
    TIM_OC4Init                              0x080026d7   Thumb Code   182  stm32f10x_tim.o(.text)
    TIM_SetIC4Prescaler                      0x0800278d   Thumb Code    26  stm32f10x_tim.o(.text)
    TIM_SetIC3Prescaler                      0x08002829   Thumb Code    18  stm32f10x_tim.o(.text)
    TIM_SetIC2Prescaler                      0x080028b5   Thumb Code    26  stm32f10x_tim.o(.text)
    TIM_SetIC1Prescaler                      0x08002951   Thumb Code    18  stm32f10x_tim.o(.text)
    TIM_ICInit                               0x080029cf   Thumb Code   150  stm32f10x_tim.o(.text)
    TIM_PWMIConfig                           0x08002a65   Thumb Code   124  stm32f10x_tim.o(.text)
    TIM_BDTRConfig                           0x08002ae1   Thumb Code    32  stm32f10x_tim.o(.text)
    TIM_TimeBaseStructInit                   0x08002b01   Thumb Code    18  stm32f10x_tim.o(.text)
    TIM_OCStructInit                         0x08002b13   Thumb Code    20  stm32f10x_tim.o(.text)
    TIM_ICStructInit                         0x08002b27   Thumb Code    18  stm32f10x_tim.o(.text)
    TIM_BDTRStructInit                       0x08002b39   Thumb Code    40  stm32f10x_tim.o(.text)
    TIM_Cmd                                  0x08002b61   Thumb Code    24  stm32f10x_tim.o(.text)
    TIM_CtrlPWMOutputs                       0x08002b79   Thumb Code    30  stm32f10x_tim.o(.text)
    TIM_ITConfig                             0x08002b97   Thumb Code    18  stm32f10x_tim.o(.text)
    TIM_GenerateEvent                        0x08002ba9   Thumb Code     4  stm32f10x_tim.o(.text)
    TIM_DMAConfig                            0x08002bad   Thumb Code    10  stm32f10x_tim.o(.text)
    TIM_DMACmd                               0x08002bb7   Thumb Code    18  stm32f10x_tim.o(.text)
    TIM_InternalClockConfig                  0x08002bc9   Thumb Code    12  stm32f10x_tim.o(.text)
    TIM_SelectInputTrigger                   0x08002bd5   Thumb Code    18  stm32f10x_tim.o(.text)
    TIM_ITRxExternalClockConfig              0x08002be7   Thumb Code    24  stm32f10x_tim.o(.text)
    TIM_TIxExternalClockConfig               0x08002bff   Thumb Code    62  stm32f10x_tim.o(.text)
    TIM_ETRConfig                            0x08002c3d   Thumb Code    28  stm32f10x_tim.o(.text)
    TIM_ETRClockMode1Config                  0x08002c59   Thumb Code    54  stm32f10x_tim.o(.text)
    TIM_ETRClockMode2Config                  0x08002c8f   Thumb Code    32  stm32f10x_tim.o(.text)
    TIM_PrescalerConfig                      0x08002caf   Thumb Code     6  stm32f10x_tim.o(.text)
    TIM_CounterModeConfig                    0x08002cb5   Thumb Code    18  stm32f10x_tim.o(.text)
    TIM_EncoderInterfaceConfig               0x08002cc7   Thumb Code    66  stm32f10x_tim.o(.text)
    TIM_ForcedOC1Config                      0x08002d09   Thumb Code    18  stm32f10x_tim.o(.text)
    TIM_ForcedOC2Config                      0x08002d1b   Thumb Code    26  stm32f10x_tim.o(.text)
    TIM_ForcedOC3Config                      0x08002d35   Thumb Code    18  stm32f10x_tim.o(.text)
    TIM_ForcedOC4Config                      0x08002d47   Thumb Code    26  stm32f10x_tim.o(.text)
    TIM_ARRPreloadConfig                     0x08002d61   Thumb Code    24  stm32f10x_tim.o(.text)
    TIM_SelectCOM                            0x08002d79   Thumb Code    24  stm32f10x_tim.o(.text)
    TIM_SelectCCDMA                          0x08002d91   Thumb Code    24  stm32f10x_tim.o(.text)
    TIM_CCPreloadControl                     0x08002da9   Thumb Code    24  stm32f10x_tim.o(.text)
    TIM_OC1PreloadConfig                     0x08002dc1   Thumb Code    18  stm32f10x_tim.o(.text)
    TIM_OC2PreloadConfig                     0x08002dd3   Thumb Code    26  stm32f10x_tim.o(.text)
    TIM_OC3PreloadConfig                     0x08002ded   Thumb Code    18  stm32f10x_tim.o(.text)
    TIM_OC4PreloadConfig                     0x08002dff   Thumb Code    26  stm32f10x_tim.o(.text)
    TIM_OC1FastConfig                        0x08002e19   Thumb Code    18  stm32f10x_tim.o(.text)
    TIM_OC2FastConfig                        0x08002e2b   Thumb Code    26  stm32f10x_tim.o(.text)
    TIM_OC3FastConfig                        0x08002e45   Thumb Code    18  stm32f10x_tim.o(.text)
    TIM_OC4FastConfig                        0x08002e57   Thumb Code    26  stm32f10x_tim.o(.text)
    TIM_ClearOC1Ref                          0x08002e71   Thumb Code    18  stm32f10x_tim.o(.text)
    TIM_ClearOC2Ref                          0x08002e83   Thumb Code    24  stm32f10x_tim.o(.text)
    TIM_ClearOC3Ref                          0x08002e9b   Thumb Code    18  stm32f10x_tim.o(.text)
    TIM_ClearOC4Ref                          0x08002ead   Thumb Code    24  stm32f10x_tim.o(.text)
    TIM_OC1PolarityConfig                    0x08002ec5   Thumb Code    18  stm32f10x_tim.o(.text)
    TIM_OC1NPolarityConfig                   0x08002ed7   Thumb Code    18  stm32f10x_tim.o(.text)
    TIM_OC2PolarityConfig                    0x08002ee9   Thumb Code    26  stm32f10x_tim.o(.text)
    TIM_OC2NPolarityConfig                   0x08002f03   Thumb Code    26  stm32f10x_tim.o(.text)
    TIM_OC3PolarityConfig                    0x08002f1d   Thumb Code    26  stm32f10x_tim.o(.text)
    TIM_OC3NPolarityConfig                   0x08002f37   Thumb Code    26  stm32f10x_tim.o(.text)
    TIM_OC4PolarityConfig                    0x08002f51   Thumb Code    26  stm32f10x_tim.o(.text)
    TIM_CCxCmd                               0x08002f6b   Thumb Code    30  stm32f10x_tim.o(.text)
    TIM_CCxNCmd                              0x08002f89   Thumb Code    30  stm32f10x_tim.o(.text)
    TIM_SelectOCxM                           0x08002fa7   Thumb Code    82  stm32f10x_tim.o(.text)
    TIM_UpdateDisableConfig                  0x08002ff9   Thumb Code    24  stm32f10x_tim.o(.text)
    TIM_UpdateRequestConfig                  0x08003011   Thumb Code    24  stm32f10x_tim.o(.text)
    TIM_SelectHallSensor                     0x08003029   Thumb Code    24  stm32f10x_tim.o(.text)
    TIM_SelectOnePulseMode                   0x08003041   Thumb Code    18  stm32f10x_tim.o(.text)
    TIM_SelectOutputTrigger                  0x08003053   Thumb Code    18  stm32f10x_tim.o(.text)
    TIM_SelectSlaveMode                      0x08003065   Thumb Code    18  stm32f10x_tim.o(.text)
    TIM_SelectMasterSlaveMode                0x08003077   Thumb Code    18  stm32f10x_tim.o(.text)
    TIM_SetCounter                           0x08003089   Thumb Code     4  stm32f10x_tim.o(.text)
    TIM_SetAutoreload                        0x0800308d   Thumb Code     4  stm32f10x_tim.o(.text)
    TIM_SetCompare1                          0x08003091   Thumb Code     4  stm32f10x_tim.o(.text)
    TIM_SetCompare2                          0x08003095   Thumb Code     4  stm32f10x_tim.o(.text)
    TIM_SetCompare3                          0x08003099   Thumb Code     4  stm32f10x_tim.o(.text)
    TIM_SetCompare4                          0x0800309d   Thumb Code     6  stm32f10x_tim.o(.text)
    TIM_SetClockDivision                     0x080030a3   Thumb Code    18  stm32f10x_tim.o(.text)
    TIM_GetCapture1                          0x080030b5   Thumb Code     6  stm32f10x_tim.o(.text)
    TIM_GetCapture2                          0x080030bb   Thumb Code     6  stm32f10x_tim.o(.text)
    TIM_GetCapture3                          0x080030c1   Thumb Code     6  stm32f10x_tim.o(.text)
    TIM_GetCapture4                          0x080030c7   Thumb Code     8  stm32f10x_tim.o(.text)
    TIM_GetCounter                           0x080030cf   Thumb Code     6  stm32f10x_tim.o(.text)
    TIM_GetPrescaler                         0x080030d5   Thumb Code     6  stm32f10x_tim.o(.text)
    TIM_GetFlagStatus                        0x080030db   Thumb Code    18  stm32f10x_tim.o(.text)
    TIM_ClearFlag                            0x080030ed   Thumb Code     6  stm32f10x_tim.o(.text)
    TIM_GetITStatus                          0x080030f3   Thumb Code    34  stm32f10x_tim.o(.text)
    TIM_ClearITPendingBit                    0x08003115   Thumb Code     6  stm32f10x_tim.o(.text)
    USART_DeInit                             0x0800311d   Thumb Code   134  stm32f10x_usart.o(.text)
    USART_Init                               0x080031a3   Thumb Code   210  stm32f10x_usart.o(.text)
    USART_StructInit                         0x08003275   Thumb Code    24  stm32f10x_usart.o(.text)
    USART_ClockInit                          0x0800328d   Thumb Code    34  stm32f10x_usart.o(.text)
    USART_ClockStructInit                    0x080032af   Thumb Code    12  stm32f10x_usart.o(.text)
    USART_Cmd                                0x080032bb   Thumb Code    24  stm32f10x_usart.o(.text)
    USART_ITConfig                           0x080032d3   Thumb Code    74  stm32f10x_usart.o(.text)
    USART_DMACmd                             0x0800331d   Thumb Code    18  stm32f10x_usart.o(.text)
    USART_SetAddress                         0x0800332f   Thumb Code    18  stm32f10x_usart.o(.text)
    USART_WakeUpConfig                       0x08003341   Thumb Code    18  stm32f10x_usart.o(.text)
    USART_ReceiverWakeUpCmd                  0x08003353   Thumb Code    24  stm32f10x_usart.o(.text)
    USART_LINBreakDetectLengthConfig         0x0800336b   Thumb Code    18  stm32f10x_usart.o(.text)
    USART_LINCmd                             0x0800337d   Thumb Code    24  stm32f10x_usart.o(.text)
    USART_SendData                           0x08003395   Thumb Code     8  stm32f10x_usart.o(.text)
    USART_ReceiveData                        0x0800339d   Thumb Code    10  stm32f10x_usart.o(.text)
    USART_SendBreak                          0x080033a7   Thumb Code    10  stm32f10x_usart.o(.text)
    USART_SetGuardTime                       0x080033b1   Thumb Code    16  stm32f10x_usart.o(.text)
    USART_SetPrescaler                       0x080033c1   Thumb Code    16  stm32f10x_usart.o(.text)
    USART_SmartCardCmd                       0x080033d1   Thumb Code    24  stm32f10x_usart.o(.text)
    USART_SmartCardNACKCmd                   0x080033e9   Thumb Code    24  stm32f10x_usart.o(.text)
    USART_HalfDuplexCmd                      0x08003401   Thumb Code    24  stm32f10x_usart.o(.text)
    USART_OverSampling8Cmd                   0x08003419   Thumb Code    22  stm32f10x_usart.o(.text)
    USART_OneBitMethodCmd                    0x0800342f   Thumb Code    24  stm32f10x_usart.o(.text)
    USART_IrDAConfig                         0x08003447   Thumb Code    18  stm32f10x_usart.o(.text)
    USART_IrDACmd                            0x08003459   Thumb Code    24  stm32f10x_usart.o(.text)
    USART_GetFlagStatus                      0x08003471   Thumb Code    26  stm32f10x_usart.o(.text)
    USART_ClearFlag                          0x0800348b   Thumb Code    18  stm32f10x_usart.o(.text)
    USART_GetITStatus                        0x0800349d   Thumb Code    84  stm32f10x_usart.o(.text)
    USART_ClearITPendingBit                  0x080034f1   Thumb Code    52  stm32f10x_usart.o(.text)
    ADC_DeInit                               0x08003525   Thumb Code    78  stm32f10x_adc.o(.text)
    ADC_Init                                 0x08003573   Thumb Code    70  stm32f10x_adc.o(.text)
    ADC_StructInit                           0x080035b9   Thumb Code    18  stm32f10x_adc.o(.text)
    ADC_Cmd                                  0x080035cb   Thumb Code    22  stm32f10x_adc.o(.text)
    ADC_DMACmd                               0x080035e1   Thumb Code    22  stm32f10x_adc.o(.text)
    ADC_ITConfig                             0x080035f7   Thumb Code    24  stm32f10x_adc.o(.text)
    ADC_ResetCalibration                     0x0800360f   Thumb Code    10  stm32f10x_adc.o(.text)
    ADC_GetResetCalibrationStatus            0x08003619   Thumb Code    20  stm32f10x_adc.o(.text)
    ADC_StartCalibration                     0x0800362d   Thumb Code    10  stm32f10x_adc.o(.text)
    ADC_GetCalibrationStatus                 0x08003637   Thumb Code    20  stm32f10x_adc.o(.text)
    ADC_SoftwareStartConvCmd                 0x0800364b   Thumb Code    22  stm32f10x_adc.o(.text)
    ADC_GetSoftwareStartConvStatus           0x08003661   Thumb Code    20  stm32f10x_adc.o(.text)
    ADC_DiscModeChannelCountConfig           0x08003675   Thumb Code    24  stm32f10x_adc.o(.text)
    ADC_DiscModeCmd                          0x0800368d   Thumb Code    22  stm32f10x_adc.o(.text)
    ADC_RegularChannelConfig                 0x080036a3   Thumb Code   184  stm32f10x_adc.o(.text)
    ADC_ExternalTrigConvCmd                  0x0800375b   Thumb Code    22  stm32f10x_adc.o(.text)
    ADC_GetConversionValue                   0x08003771   Thumb Code     8  stm32f10x_adc.o(.text)
    ADC_GetDualModeConversionValue           0x08003779   Thumb Code     8  stm32f10x_adc.o(.text)
    ADC_AutoInjectedConvCmd                  0x08003781   Thumb Code    22  stm32f10x_adc.o(.text)
    ADC_InjectedDiscModeCmd                  0x08003797   Thumb Code    22  stm32f10x_adc.o(.text)
    ADC_ExternalTrigInjectedConvConfig       0x080037ad   Thumb Code    16  stm32f10x_adc.o(.text)
    ADC_ExternalTrigInjectedConvCmd          0x080037bd   Thumb Code    22  stm32f10x_adc.o(.text)
    ADC_SoftwareStartInjectedConvCmd         0x080037d3   Thumb Code    22  stm32f10x_adc.o(.text)
    ADC_GetSoftwareStartInjectedConvCmdStatus 0x080037e9   Thumb Code    20  stm32f10x_adc.o(.text)
    ADC_InjectedChannelConfig                0x080037fd   Thumb Code   130  stm32f10x_adc.o(.text)
    ADC_InjectedSequencerLengthConfig        0x0800387f   Thumb Code    24  stm32f10x_adc.o(.text)
    ADC_SetInjectedOffset                    0x08003897   Thumb Code    20  stm32f10x_adc.o(.text)
    ADC_GetInjectedConversionValue           0x080038ab   Thumb Code    28  stm32f10x_adc.o(.text)
    ADC_AnalogWatchdogCmd                    0x080038c7   Thumb Code    16  stm32f10x_adc.o(.text)
    ADC_AnalogWatchdogThresholdsConfig       0x080038d7   Thumb Code     6  stm32f10x_adc.o(.text)
    ADC_AnalogWatchdogSingleChannelConfig    0x080038dd   Thumb Code    16  stm32f10x_adc.o(.text)
    ADC_TempSensorVrefintCmd                 0x080038ed   Thumb Code    64  stm32f10x_adc.o(.text)
    ADC_GetFlagStatus                        0x0800392d   Thumb Code    18  stm32f10x_adc.o(.text)
    ADC_ClearFlag                            0x0800393f   Thumb Code     6  stm32f10x_adc.o(.text)
    ADC_GetITStatus                          0x08003945   Thumb Code    36  stm32f10x_adc.o(.text)
    ADC_ClearITPendingBit                    0x08003969   Thumb Code    10  stm32f10x_adc.o(.text)
    gizwitsEventProcess                      0x08003975   Thumb Code   462  gizwits_product.o(.text)
    mcuRestart                               0x08003b43   Thumb Code     2  gizwits_product.o(.text)
    gizTimerMs                               0x08003b45   Thumb Code    12  gizwits_product.o(.text)
    gizGetTimerCount                         0x08003b51   Thumb Code     6  gizwits_product.o(.text)
    TIMER_IRQ_FUN                            0x08003b57   Thumb Code     8  gizwits_product.o(.text)
    UART_IRQ_FUN                             0x08003b5f   Thumb Code    16  gizwits_product.o(.text)
    uartWrite                                0x08003b6f   Thumb Code    82  gizwits_product.o(.text)
    gizPutData                               0x08003f57   Thumb Code    52  gizwits_protocol.o(.text)
    exchangeBytes                            0x080043db   Thumb Code    26  gizwits_protocol.o(.text)
    gizwitsInit                              0x0800566f   Thumb Code    32  gizwits_protocol.o(.text)
    gizwitsSetMode                           0x0800568f   Thumb Code   856  gizwits_protocol.o(.text)
    gizwitsGetNTP                            0x080059e7   Thumb Code    94  gizwits_protocol.o(.text)
    gizwitsHandle                            0x08005a45   Thumb Code   460  gizwits_protocol.o(.text)
    gizwitsPassthroughData                   0x08005c11   Thumb Code   172  gizwits_protocol.o(.text)
    stop_dry                                 0x08005de9   Thumb Code    72  dry.o(.text)
    dry_func                                 0x08005e31   Thumb Code   248  dry.o(.text)
    Rst_Dry                                  0x08005f29   Thumb Code    32  dry.o(.text)
    stop_wash                                0x08005f85   Thumb Code    58  washer.o(.text)
    wash_func                                0x08005fbf   Thumb Code   166  washer.o(.text)
    Rst_Wash                                 0x08006065   Thumb Code    58  washer.o(.text)
    WashDryfunc                              0x0800609f   Thumb Code   392  washer.o(.text)
    __use_no_semihosting                     0x0800626d   Thumb Code     2  use_no_semi_2.o(.text)
    __2printf                                0x08006271   Thumb Code    20  noretval__2printf.o(.text)
    _printf_pre_padding                      0x08006289   Thumb Code    44  _printf_pad.o(.text)
    _printf_post_padding                     0x080062b5   Thumb Code    34  _printf_pad.o(.text)
    _printf_int_dec                          0x080062d9   Thumb Code   104  _printf_dec.o(.text)
    __printf                                 0x08006351   Thumb Code   308  __printf_flags_wp.o(.text)
    __aeabi_memcpy                           0x08006489   Thumb Code     0  rt_memcpy_v6.o(.text)
    __rt_memcpy                              0x08006489   Thumb Code   138  rt_memcpy_v6.o(.text)
    _memcpy_lastbytes                        0x080064ef   Thumb Code     0  rt_memcpy_v6.o(.text)
    __aeabi_memcpy4                          0x08006513   Thumb Code     0  rt_memcpy_w.o(.text)
    __aeabi_memcpy8                          0x08006513   Thumb Code     0  rt_memcpy_w.o(.text)
    __rt_memcpy_w                            0x08006513   Thumb Code   100  rt_memcpy_w.o(.text)
    _memcpy_lastbytes_aligned                0x0800655b   Thumb Code     0  rt_memcpy_w.o(.text)
    __aeabi_memclr                           0x08006577   Thumb Code     0  rt_memclr.o(.text)
    __rt_memclr                              0x08006577   Thumb Code    68  rt_memclr.o(.text)
    _memset                                  0x0800657b   Thumb Code     0  rt_memclr.o(.text)
    __aeabi_memclr4                          0x080065bb   Thumb Code     0  rt_memclr_w.o(.text)
    __aeabi_memclr8                          0x080065bb   Thumb Code     0  rt_memclr_w.o(.text)
    __rt_memclr_w                            0x080065bb   Thumb Code    78  rt_memclr_w.o(.text)
    _memset_w                                0x080065bf   Thumb Code     0  rt_memclr_w.o(.text)
    __use_two_region_memory                  0x08006609   Thumb Code     2  heapauxi.o(.text)
    __rt_heap_escrow$2region                 0x0800660b   Thumb Code     2  heapauxi.o(.text)
    __rt_heap_expand$2region                 0x0800660d   Thumb Code     2  heapauxi.o(.text)
    __I$use$semihosting                      0x0800660f   Thumb Code     0  use_no_semi.o(.text)
    __use_no_semihosting_swi                 0x0800660f   Thumb Code     2  use_no_semi.o(.text)
    _printf_int_common                       0x08006611   Thumb Code   178  _printf_intcommon.o(.text)
    _printf_char_file                        0x080066c5   Thumb Code    32  _printf_char_file.o(.text)
    _printf_char_common                      0x080066f3   Thumb Code    32  _printf_char_common.o(.text)
    ferror                                   0x08006719   Thumb Code     8  ferror.o(.text)
    __user_setup_stackheap                   0x08006721   Thumb Code    74  sys_stackheap_outer.o(.text)
    exit                                     0x0800676b   Thumb Code    18  exit.o(.text)
    __user_libspace                          0x0800677d   Thumb Code     8  libspace.o(.text)
    __user_perproc_libspace                  0x0800677d   Thumb Code     0  libspace.o(.text)
    __user_perthread_libspace                0x0800677d   Thumb Code     0  libspace.o(.text)
    _is_digit                                0x08006785   Thumb Code    14  __printf_wp.o(i._is_digit)
    __aeabi_d2f                              0x08006795   Thumb Code     0  d2f.o(x$fpl$d2f)
    _d2f                                     0x08006795   Thumb Code    98  d2f.o(x$fpl$d2f)
    __aeabi_dadd                             0x080067f9   Thumb Code     0  daddsub_clz.o(x$fpl$dadd)
    _dadd                                    0x080067f9   Thumb Code   332  daddsub_clz.o(x$fpl$dadd)
    __fpl_dcmp_Inf                           0x08006949   Thumb Code    24  dcmpi.o(x$fpl$dcmpinf)
    __aeabi_ui2d                             0x08006961   Thumb Code     0  dflt_clz.o(x$fpl$dfltu)
    _dfltu                                   0x08006961   Thumb Code    38  dflt_clz.o(x$fpl$dfltu)
    __aeabi_cdcmple                          0x08006989   Thumb Code     0  dleqf.o(x$fpl$dleqf)
    _dcmple                                  0x08006989   Thumb Code   120  dleqf.o(x$fpl$dleqf)
    __fpl_dcmple_InfNaN                      0x080069eb   Thumb Code     0  dleqf.o(x$fpl$dleqf)
    __aeabi_dmul                             0x08006a01   Thumb Code     0  dmul.o(x$fpl$dmul)
    _dmul                                    0x08006a01   Thumb Code   332  dmul.o(x$fpl$dmul)
    __fpl_dnaninf                            0x08006b55   Thumb Code   156  dnaninf.o(x$fpl$dnaninf)
    __fpl_dretinf                            0x08006bf1   Thumb Code    12  dretinf.o(x$fpl$dretinf)
    __aeabi_cdrcmple                         0x08006bfd   Thumb Code     0  drleqf.o(x$fpl$drleqf)
    _drcmple                                 0x08006bfd   Thumb Code   108  drleqf.o(x$fpl$drleqf)
    __aeabi_dsub                             0x08006c69   Thumb Code     0  daddsub_clz.o(x$fpl$dsub)
    _dsub                                    0x08006c69   Thumb Code   464  daddsub_clz.o(x$fpl$dsub)
    __aeabi_f2d                              0x08006e3d   Thumb Code     0  f2d.o(x$fpl$f2d)
    _f2d                                     0x08006e3d   Thumb Code    86  f2d.o(x$fpl$f2d)
    __aeabi_fadd                             0x08006e95   Thumb Code     0  faddsub_clz.o(x$fpl$fadd)
    _fadd                                    0x08006e95   Thumb Code   196  faddsub_clz.o(x$fpl$fadd)
    __fpl_fcmp_Inf                           0x08006f59   Thumb Code    24  fcmpi.o(x$fpl$fcmpinf)
    __aeabi_fdiv                             0x08006f71   Thumb Code     0  fdiv.o(x$fpl$fdiv)
    _fdiv                                    0x08006f71   Thumb Code   384  fdiv.o(x$fpl$fdiv)
    __aeabi_cfcmpeq                          0x080070f5   Thumb Code     0  feqf.o(x$fpl$feqf)
    _fcmpeq                                  0x080070f5   Thumb Code   104  feqf.o(x$fpl$feqf)
    __aeabi_f2iz                             0x0800715d   Thumb Code     0  ffix.o(x$fpl$ffix)
    _ffix                                    0x0800715d   Thumb Code    54  ffix.o(x$fpl$ffix)
    __aeabi_f2uiz                            0x08007195   Thumb Code     0  ffixu.o(x$fpl$ffixu)
    _ffixu                                   0x08007195   Thumb Code    62  ffixu.o(x$fpl$ffixu)
    __aeabi_ui2f                             0x080071d5   Thumb Code     0  fflt_clz.o(x$fpl$ffltu)
    _ffltu                                   0x080071d5   Thumb Code    38  fflt_clz.o(x$fpl$ffltu)
    __aeabi_cfcmple                          0x080071fd   Thumb Code     0  fleqf.o(x$fpl$fleqf)
    _fcmple                                  0x080071fd   Thumb Code   104  fleqf.o(x$fpl$fleqf)
    __fpl_fcmple_InfNaN                      0x0800724f   Thumb Code     0  fleqf.o(x$fpl$fleqf)
    __aeabi_fmul                             0x08007265   Thumb Code     0  fmul.o(x$fpl$fmul)
    _fmul                                    0x08007265   Thumb Code   258  fmul.o(x$fpl$fmul)
    __fpl_fnaninf                            0x08007367   Thumb Code   140  fnaninf.o(x$fpl$fnaninf)
    __fpl_fretinf                            0x080073f3   Thumb Code    10  fretinf.o(x$fpl$fretinf)
    __aeabi_cfrcmple                         0x080073fd   Thumb Code     0  frleqf.o(x$fpl$frleqf)
    _frcmple                                 0x080073fd   Thumb Code    98  frleqf.o(x$fpl$frleqf)
    __aeabi_fsub                             0x08007461   Thumb Code     0  faddsub_clz.o(x$fpl$fsub)
    _fsub                                    0x08007461   Thumb Code   234  faddsub_clz.o(x$fpl$fsub)
    __I$use$fp                               0x0800754a   Number         0  usenofp.o(x$fpl$usenofp)
    Region$$Table$$Base                      0x080075a0   Number         0  anon$$obj.o(Region$$Table)
    Region$$Table$$Limit                     0x080075c0   Number         0  anon$$obj.o(Region$$Table)
    washing_flag                             0x20000000   Data           1  main.o(.data)
    drying_flag                              0x20000001   Data           1  main.o(.data)
    washDrying_flag                          0x20000002   Data           1  main.o(.data)
    SystemCoreClock                          0x20000004   Data           4  system_stm32f10x.o(.data)
    AHBPrescTable                            0x20000008   Data          16  system_stm32f10x.o(.data)
    KeyDownNum                               0x20000019   Data           1  tim4.o(.data)
    START_W_ARY                              0x2000001a   Data           7  tim4.o(.data)
    START_D_ARY                              0x20000021   Data           7  tim4.o(.data)
    START_WD_ARY                             0x20000028   Data           7  tim4.o(.data)
    TenMsCnt                                 0x2000002f   Data           1  tim4.o(.data)
    Cnt200Ms                                 0x20000030   Data           1  tim4.o(.data)
    waterin_count                            0x20000032   Data           2  tim5.o(.data)
    wash_count                               0x20000034   Data           2  tim5.o(.data)
    waterout_count                           0x20000036   Data           2  tim5.o(.data)
    dry_count                                0x20000038   Data           2  tim5.o(.data)
    work_count                               0x2000003a   Data           2  tim5.o(.data)
    USART2_RX_STA                            0x2000003c   Data           2  usart_to_lcd.o(.data)
    WASH_BT                                  0x2000003e   Data           9  usart_to_lcd.o(.data)
    DRY_BT                                   0x20000047   Data           9  usart_to_lcd.o(.data)
    WSH_D_B                                  0x20000050   Data           9  usart_to_lcd.o(.data)
    START_W                                  0x20000059   Data           9  usart_to_lcd.o(.data)
    START_D                                  0x20000062   Data           9  usart_to_lcd.o(.data)
    START_WD                                 0x2000006b   Data           9  usart_to_lcd.o(.data)
    END                                      0x20000074   Data           9  usart_to_lcd.o(.data)
    WSH_TIM                                  0x2000007d   Data           7  usart_to_lcd.o(.data)
    BRK_DRY                                  0x20000084   Data           9  usart_to_lcd.o(.data)
    PRE_ARY                                  0x2000008d   Data           8  usart_to_lcd.o(.data)
    TMP_ARY                                  0x20000095   Data           8  usart_to_lcd.o(.data)
    HUM_ARY                                  0x2000009d   Data           8  usart_to_lcd.o(.data)
    WSH_ARY_M                                0x200000a5   Data           8  usart_to_lcd.o(.data)
    WSH_ARY_S                                0x200000ad   Data           8  usart_to_lcd.o(.data)
    DRY_ARY_M                                0x200000b5   Data           8  usart_to_lcd.o(.data)
    DRY_ARY_S                                0x200000bd   Data           8  usart_to_lcd.o(.data)
    WLE_ARY_M                                0x200000c5   Data           8  usart_to_lcd.o(.data)
    WLE_ARY_S                                0x200000cd   Data           8  usart_to_lcd.o(.data)
    Temp                                     0x200000d8   Data           4  usart_to_lcd.o(.data)
    Humi                                     0x200000dc   Data           4  usart_to_lcd.o(.data)
    Pres                                     0x200000e0   Data           4  usart_to_lcd.o(.data)
    RemainWashTime                           0x200000e4   Data           4  usart_to_lcd.o(.data)
    DryTime                                  0x200000e8   Data           4  usart_to_lcd.o(.data)
    WashDryTime                              0x200000ec   Data           4  usart_to_lcd.o(.data)
    voiceWash_toggle_flag                    0x200000f0   Data           1  voice.o(.data)
    voiceDry_toggle_flag                     0x200000f1   Data           1  voice.o(.data)
    voiceWashDry_toggle_flag                 0x200000f2   Data           1  voice.o(.data)
    __stdout                                 0x200000f8   Data           4  usart.o(.data)
    USART_RX_STA                             0x200000fc   Data           2  usart.o(.data)
    Dry_Mode                                 0x20000124   Data           1  dry.o(.data)
    Washer_Mode                              0x20000126   Data           1  washer.o(.data)
    WATERIN_TIME                             0x20000128   Data           2  washer.o(.data)
    WASH_TIME                                0x2000012a   Data           2  washer.o(.data)
    WATEROUT_TIME                            0x2000012c   Data           2  washer.o(.data)
    currentDataPoint                         0x20000130   Data          27  main.o(.bss)
    USART2_RX_BUF                            0x2000014b   Data         200  usart_to_lcd.o(.bss)
    USART_RX_BUF                             0x20000213   Data         200  usart.o(.bss)
    gizwitsProtocol                          0x200002dc   Data        3020  gizwits_protocol.o(.bss)
    pRb                                      0x20000ea8   Data          16  gizwits_protocol.o(.bss)
    __libspace_start                         0x20001624   Data          96  libspace.o(.bss)
    __temporary_stack_top$libspace           0x20001684   Data           0  libspace.o(.bss)



==============================================================================

Memory Map of the image

  Image Entry point : 0x08000131

  Load Region LR_IROM1 (Base: 0x08000000, Size: 0x000076f0, Max: 0x00080000, ABSOLUTE, COMPRESSED[0x00007634])

    Execution Region ER_IROM1 (Base: 0x08000000, Size: 0x000075c0, Max: 0x00080000, ABSOLUTE)

    Base Addr    Size         Type   Attr      Idx    E Section Name        Object

    0x08000000   0x00000130   Data   RO          490    RESET               startup_stm32f10x_hd.o
    0x08000130   0x00000008   Code   RO          883  * !!!main             c_w.l(__main.o)
    0x08000138   0x00000034   Code   RO         1120    !!!scatter          c_w.l(__scatter.o)
    0x0800016c   0x0000005a   Code   RO         1118    !!dczerorl2         c_w.l(__dczerorl2.o)
    0x080001c6   0x00000002   PAD
    0x080001c8   0x0000001c   Code   RO         1122    !!handler_zi        c_w.l(__scatter_zi.o)
    0x080001e4   0x00000000   Code   RO          872    .ARM.Collect$$_printf_percent$$00000000  c_w.l(_printf_percent.o)
    0x080001e4   0x00000006   Code   RO          871    .ARM.Collect$$_printf_percent$$00000009  c_w.l(_printf_d.o)
    0x080001ea   0x00000004   Code   RO          944    .ARM.Collect$$_printf_percent$$00000017  c_w.l(_printf_percent_end.o)
    0x080001ee   0x00000002   Code   RO          992    .ARM.Collect$$libinit$$00000000  c_w.l(libinit.o)
    0x080001f0   0x00000000   Code   RO          999    .ARM.Collect$$libinit$$00000002  c_w.l(libinit2.o)
    0x080001f0   0x00000000   Code   RO         1001    .ARM.Collect$$libinit$$00000004  c_w.l(libinit2.o)
    0x080001f0   0x00000000   Code   RO         1004    .ARM.Collect$$libinit$$0000000A  c_w.l(libinit2.o)
    0x080001f0   0x00000000   Code   RO         1006    .ARM.Collect$$libinit$$0000000C  c_w.l(libinit2.o)
    0x080001f0   0x00000000   Code   RO         1008    .ARM.Collect$$libinit$$0000000E  c_w.l(libinit2.o)
    0x080001f0   0x00000000   Code   RO         1011    .ARM.Collect$$libinit$$00000011  c_w.l(libinit2.o)
    0x080001f0   0x00000000   Code   RO         1013    .ARM.Collect$$libinit$$00000013  c_w.l(libinit2.o)
    0x080001f0   0x00000000   Code   RO         1015    .ARM.Collect$$libinit$$00000015  c_w.l(libinit2.o)
    0x080001f0   0x00000000   Code   RO         1017    .ARM.Collect$$libinit$$00000017  c_w.l(libinit2.o)
    0x080001f0   0x00000000   Code   RO         1019    .ARM.Collect$$libinit$$00000019  c_w.l(libinit2.o)
    0x080001f0   0x00000000   Code   RO         1021    .ARM.Collect$$libinit$$0000001B  c_w.l(libinit2.o)
    0x080001f0   0x00000000   Code   RO         1023    .ARM.Collect$$libinit$$0000001D  c_w.l(libinit2.o)
    0x080001f0   0x00000000   Code   RO         1025    .ARM.Collect$$libinit$$0000001F  c_w.l(libinit2.o)
    0x080001f0   0x00000000   Code   RO         1027    .ARM.Collect$$libinit$$00000021  c_w.l(libinit2.o)
    0x080001f0   0x00000000   Code   RO         1029    .ARM.Collect$$libinit$$00000023  c_w.l(libinit2.o)
    0x080001f0   0x00000000   Code   RO         1031    .ARM.Collect$$libinit$$00000025  c_w.l(libinit2.o)
    0x080001f0   0x00000000   Code   RO         1035    .ARM.Collect$$libinit$$0000002C  c_w.l(libinit2.o)
    0x080001f0   0x00000000   Code   RO         1037    .ARM.Collect$$libinit$$0000002E  c_w.l(libinit2.o)
    0x080001f0   0x00000000   Code   RO         1039    .ARM.Collect$$libinit$$00000030  c_w.l(libinit2.o)
    0x080001f0   0x00000000   Code   RO         1041    .ARM.Collect$$libinit$$00000032  c_w.l(libinit2.o)
    0x080001f0   0x00000002   Code   RO         1042    .ARM.Collect$$libinit$$00000033  c_w.l(libinit2.o)
    0x080001f2   0x00000002   Code   RO         1060    .ARM.Collect$$libshutdown$$00000000  c_w.l(libshutdown.o)
    0x080001f4   0x00000000   Code   RO         1070    .ARM.Collect$$libshutdown$$00000002  c_w.l(libshutdown2.o)
    0x080001f4   0x00000000   Code   RO         1072    .ARM.Collect$$libshutdown$$00000004  c_w.l(libshutdown2.o)
    0x080001f4   0x00000000   Code   RO         1075    .ARM.Collect$$libshutdown$$00000007  c_w.l(libshutdown2.o)
    0x080001f4   0x00000000   Code   RO         1078    .ARM.Collect$$libshutdown$$0000000A  c_w.l(libshutdown2.o)
    0x080001f4   0x00000000   Code   RO         1080    .ARM.Collect$$libshutdown$$0000000C  c_w.l(libshutdown2.o)
    0x080001f4   0x00000000   Code   RO         1083    .ARM.Collect$$libshutdown$$0000000F  c_w.l(libshutdown2.o)
    0x080001f4   0x00000002   Code   RO         1084    .ARM.Collect$$libshutdown$$00000010  c_w.l(libshutdown2.o)
    0x080001f6   0x00000000   Code   RO          939    .ARM.Collect$$rtentry$$00000000  c_w.l(__rtentry.o)
    0x080001f6   0x00000000   Code   RO          961    .ARM.Collect$$rtentry$$00000002  c_w.l(__rtentry2.o)
    0x080001f6   0x00000006   Code   RO          973    .ARM.Collect$$rtentry$$00000004  c_w.l(__rtentry4.o)
    0x080001fc   0x00000000   Code   RO          963    .ARM.Collect$$rtentry$$00000009  c_w.l(__rtentry2.o)
    0x080001fc   0x00000004   Code   RO          964    .ARM.Collect$$rtentry$$0000000A  c_w.l(__rtentry2.o)
    0x08000200   0x00000000   Code   RO          966    .ARM.Collect$$rtentry$$0000000C  c_w.l(__rtentry2.o)
    0x08000200   0x00000008   Code   RO          967    .ARM.Collect$$rtentry$$0000000D  c_w.l(__rtentry2.o)
    0x08000208   0x00000002   Code   RO          996    .ARM.Collect$$rtexit$$00000000  c_w.l(rtexit.o)
    0x0800020a   0x00000000   Code   RO         1044    .ARM.Collect$$rtexit$$00000002  c_w.l(rtexit2.o)
    0x0800020a   0x00000004   Code   RO         1045    .ARM.Collect$$rtexit$$00000003  c_w.l(rtexit2.o)
    0x0800020e   0x00000006   Code   RO         1046    .ARM.Collect$$rtexit$$00000004  c_w.l(rtexit2.o)
    0x08000214   0x000001d4   Code   RO            1    .text               main.o
    0x080003e8   0x0000001a   Code   RO          179    .text               stm32f10x_it.o
    0x08000402   0x00000002   PAD
    0x08000404   0x000001e0   Code   RO          220    .text               system_stm32f10x.o
    0x080005e4   0x0000005c   Code   RO          238    .text               led.o
    0x08000640   0x000000fc   Code   RO          250    .text               key.o
    0x0800073c   0x00000078   Code   RO          263    .text               timer.o
    0x080007b4   0x000000d0   Code   RO          275    .text               usart3.o
    0x08000884   0x00000038   Code   RO          287    .text               beep.o
    0x080008bc   0x00000148   Code   RO          299    .text               adc.o
    0x08000a04   0x00000280   Code   RO          311    .text               myiic.o
    0x08000c84   0x00000064   Code   RO          326    .text               relay.o
    0x08000ce8   0x000001ac   Code   RO          338    .text               sht2x.o
    0x08000e94   0x0000019c   Code   RO          356    .text               tim4.o
    0x08001030   0x00000120   Code   RO          372    .text               tim5.o
    0x08001150   0x000006a4   Code   RO          388    .text               usart_to_lcd.o
    0x080017f4   0x000000dc   Code   RO          408    .text               voice.o
    0x080018d0   0x000000d4   Code   RO          424    .text               delay.o
    0x080019a4   0x00000140   Code   RO          455    .text               usart.o
    0x08001ae4   0x00000040   Code   RO          491    .text               startup_stm32f10x_hd.o
    0x08001b24   0x000000dc   Code   RO          495    .text               misc.o
    0x08001c00   0x0000035c   Code   RO          507    .text               stm32f10x_gpio.o
    0x08001f5c   0x000003a4   Code   RO          519    .text               stm32f10x_rcc.o
    0x08002300   0x00000e1a   Code   RO          533    .text               stm32f10x_tim.o
    0x0800311a   0x00000002   PAD
    0x0800311c   0x00000408   Code   RO          545    .text               stm32f10x_usart.o
    0x08003524   0x0000044e   Code   RO          557    .text               stm32f10x_adc.o
    0x08003972   0x00000002   PAD
    0x08003974   0x000003cc   Code   RO          773    .text               gizwits_product.o
    0x08003d40   0x000020a8   Code   RO          788    .text               gizwits_protocol.o
    0x08005de8   0x0000019c   Code   RO          805    .text               dry.o
    0x08005f84   0x000002e8   Code   RO          821    .text               washer.o
    0x0800626c   0x00000002   Code   RO          839    .text               c_w.l(use_no_semi_2.o)
    0x0800626e   0x00000002   PAD
    0x08006270   0x00000018   Code   RO          843    .text               c_w.l(noretval__2printf.o)
    0x08006288   0x0000004e   Code   RO          847    .text               c_w.l(_printf_pad.o)
    0x080062d6   0x00000002   PAD
    0x080062d8   0x00000078   Code   RO          849    .text               c_w.l(_printf_dec.o)
    0x08006350   0x00000138   Code   RO          863    .text               c_w.l(__printf_flags_wp.o)
    0x08006488   0x0000008a   Code   RO          873    .text               c_w.l(rt_memcpy_v6.o)
    0x08006512   0x00000064   Code   RO          875    .text               c_w.l(rt_memcpy_w.o)
    0x08006576   0x00000044   Code   RO          877    .text               c_w.l(rt_memclr.o)
    0x080065ba   0x0000004e   Code   RO          879    .text               c_w.l(rt_memclr_w.o)
    0x08006608   0x00000006   Code   RO          881    .text               c_w.l(heapauxi.o)
    0x0800660e   0x00000002   Code   RO          937    .text               c_w.l(use_no_semi.o)
    0x08006610   0x000000b2   Code   RO          940    .text               c_w.l(_printf_intcommon.o)
    0x080066c2   0x00000002   PAD
    0x080066c4   0x00000024   Code   RO          942    .text               c_w.l(_printf_char_file.o)
    0x080066e8   0x00000030   Code   RO          975    .text               c_w.l(_printf_char_common.o)
    0x08006718   0x00000008   Code   RO          977    .text               c_w.l(ferror.o)
    0x08006720   0x0000004a   Code   RO          981    .text               c_w.l(sys_stackheap_outer.o)
    0x0800676a   0x00000012   Code   RO          985    .text               c_w.l(exit.o)
    0x0800677c   0x00000008   Code   RO          993    .text               c_w.l(libspace.o)
    0x08006784   0x0000000e   Code   RO          861    i._is_digit         c_w.l(__printf_wp.o)
    0x08006792   0x00000002   PAD
    0x08006794   0x00000062   Code   RO          885    x$fpl$d2f           fz_ws.l(d2f.o)
    0x080067f6   0x00000002   PAD
    0x080067f8   0x00000150   Code   RO          887    x$fpl$dadd          fz_ws.l(daddsub_clz.o)
    0x08006948   0x00000018   Code   RO          945    x$fpl$dcmpinf       fz_ws.l(dcmpi.o)
    0x08006960   0x00000026   Code   RO          893    x$fpl$dfltu         fz_ws.l(dflt_clz.o)
    0x08006986   0x00000002   PAD
    0x08006988   0x00000078   Code   RO          899    x$fpl$dleqf         fz_ws.l(dleqf.o)
    0x08006a00   0x00000154   Code   RO          901    x$fpl$dmul          fz_ws.l(dmul.o)
    0x08006b54   0x0000009c   Code   RO          947    x$fpl$dnaninf       fz_ws.l(dnaninf.o)
    0x08006bf0   0x0000000c   Code   RO          949    x$fpl$dretinf       fz_ws.l(dretinf.o)
    0x08006bfc   0x0000006c   Code   RO          903    x$fpl$drleqf        fz_ws.l(drleqf.o)
    0x08006c68   0x000001d4   Code   RO          889    x$fpl$dsub          fz_ws.l(daddsub_clz.o)
    0x08006e3c   0x00000056   Code   RO          905    x$fpl$f2d           fz_ws.l(f2d.o)
    0x08006e92   0x00000002   PAD
    0x08006e94   0x000000c4   Code   RO          907    x$fpl$fadd          fz_ws.l(faddsub_clz.o)
    0x08006f58   0x00000018   Code   RO          951    x$fpl$fcmpinf       fz_ws.l(fcmpi.o)
    0x08006f70   0x00000184   Code   RO          914    x$fpl$fdiv          fz_ws.l(fdiv.o)
    0x080070f4   0x00000068   Code   RO          917    x$fpl$feqf          fz_ws.l(feqf.o)
    0x0800715c   0x00000036   Code   RO          919    x$fpl$ffix          fz_ws.l(ffix.o)
    0x08007192   0x00000002   PAD
    0x08007194   0x0000003e   Code   RO          923    x$fpl$ffixu         fz_ws.l(ffixu.o)
    0x080071d2   0x00000002   PAD
    0x080071d4   0x00000026   Code   RO          927    x$fpl$ffltu         fz_ws.l(fflt_clz.o)
    0x080071fa   0x00000002   PAD
    0x080071fc   0x00000068   Code   RO          953    x$fpl$fleqf         fz_ws.l(fleqf.o)
    0x08007264   0x00000102   Code   RO          933    x$fpl$fmul          fz_ws.l(fmul.o)
    0x08007366   0x0000008c   Code   RO          955    x$fpl$fnaninf       fz_ws.l(fnaninf.o)
    0x080073f2   0x0000000a   Code   RO          957    x$fpl$fretinf       fz_ws.l(fretinf.o)
    0x080073fc   0x00000062   Code   RO          935    x$fpl$frleqf        fz_ws.l(frleqf.o)
    0x0800745e   0x00000002   PAD
    0x08007460   0x000000ea   Code   RO          909    x$fpl$fsub          fz_ws.l(faddsub_clz.o)
    0x0800754a   0x00000000   Code   RO          959    x$fpl$usenofp       fz_ws.l(usenofp.o)
    0x0800754a   0x00000011   Data   RO          864    .constdata          c_w.l(__printf_flags_wp.o)
    0x0800755b   0x00000001   PAD
    0x0800755c   0x00000041   Data   RO          790    .conststring        gizwits_protocol.o
    0x0800759d   0x00000003   PAD
    0x080075a0   0x00000020   Data   RO         1116    Region$$Table       anon$$obj.o


    Execution Region RW_IRAM1 (Base: 0x20000000, Size: 0x00002888, Max: 0x00010000, ABSOLUTE, COMPRESSED[0x00000074])

    Base Addr    Size         Type   Attr      Idx    E Section Name        Object

    0x20000000   0x00000003   Data   RW            3    .data               main.o
    0x20000003   0x00000001   PAD
    0x20000004   0x00000014   Data   RW          221    .data               system_stm32f10x.o
    0x20000018   0x00000001   Data   RW          251    .data               key.o
    0x20000019   0x00000018   Data   RW          357    .data               tim4.o
    0x20000031   0x00000001   PAD
    0x20000032   0x0000000a   Data   RW          373    .data               tim5.o
    0x2000003c   0x000000b4   Data   RW          390    .data               usart_to_lcd.o
    0x200000f0   0x00000003   Data   RW          409    .data               voice.o
    0x200000f3   0x00000001   PAD
    0x200000f4   0x00000004   Data   RW          425    .data               delay.o
    0x200000f8   0x00000006   Data   RW          457    .data               usart.o
    0x200000fe   0x00000014   Data   RW          520    .data               stm32f10x_rcc.o
    0x20000112   0x00000002   PAD
    0x20000114   0x00000004   Data   RW          774    .data               gizwits_product.o
    0x20000118   0x0000000c   Data   RW          791    .data               gizwits_protocol.o
    0x20000124   0x00000001   Data   RW          806    .data               dry.o
    0x20000125   0x00000001   PAD
    0x20000126   0x00000008   Data   RW          822    .data               washer.o
    0x2000012e   0x00000002   PAD
    0x20000130   0x0000001b   Zero   RW            2    .bss                main.o
    0x2000014b   0x000000c8   Zero   RW          389    .bss                usart_to_lcd.o
    0x20000213   0x000000c8   Zero   RW          456    .bss                usart.o
    0x200002db   0x00000001   PAD
    0x200002dc   0x00001348   Zero   RW          789    .bss                gizwits_protocol.o
    0x20001624   0x00000060   Zero   RW          994    .bss                c_w.l(libspace.o)
    0x20001684   0x00000004   PAD
    0x20001688   0x00000200   Zero   RW          489    HEAP                startup_stm32f10x_hd.o
    0x20001888   0x00001000   Zero   RW          488    STACK               startup_stm32f10x_hd.o


==============================================================================

Image component sizes


      Code (inc. data)   RO Data    RW Data    ZI Data      Debug   Object Name

       328         24          0          0          0       1414   adc.o
        56          6          0          0          0        500   beep.o
       212         18          0          4          0       1067   delay.o
       412         60          0          1          0       1227   dry.o
       972        406          0          4          0       3406   gizwits_product.o
      8360       2330         65         12       4936      16883   gizwits_protocol.o
       252         12          0          1          0        852   key.o
        92          8          0          0          0        515   led.o
       468        130          0          3         27     270127   main.o
       220         22          0          0          0       1825   misc.o
       640          4          0          0          0       2147   myiic.o
       100          6          0          0          0        529   relay.o
       428         28          0          0          0       1461   sht2x.o
        64         26        304          0       4608        808   startup_stm32f10x_hd.o
      1102         26          0          0          0      11065   stm32f10x_adc.o
       860         38          0          0          0       5757   stm32f10x_gpio.o
        26          0          0          0          0       1190   stm32f10x_it.o
       932         36          0         20          0       8944   stm32f10x_rcc.o
      3610         88          0          0          0      22864   stm32f10x_tim.o
      1032         22          0          0          0       8480   stm32f10x_usart.o
         0          0          0          0          0         32   sys.o
       480         38          0         20          0       1775   system_stm32f10x.o
       412         60          0         24          0       2171   tim4.o
       288         50          0         10          0       1283   tim5.o
       120          4          0          0          0        800   timer.o
       320         18          0          6        200       3178   usart.o
       208          8          0          0          0        888   usart3.o
      1700        172          0        180        200       7172   usart_to_lcd.o
       220         34          0          3          0       1171   voice.o
       744         70          0          8          0       1702   washer.o

    ----------------------------------------------------------------------
     24664       3744        404        304       9972     381233   Object Totals
         0          0         32          0          0          0   (incl. Generated)
         6          0          3          8          1          0   (incl. Padding)

    ----------------------------------------------------------------------

      Code (inc. data)   RO Data    RW Data    ZI Data      Debug   Library Member Name

        90          0          0          0          0          0   __dczerorl2.o
         8          0          0          0          0         68   __main.o
       312          4         17          0          0         92   __printf_flags_wp.o
        14          0          0          0          0         68   __printf_wp.o
         0          0          0          0          0          0   __rtentry.o
        12          0          0          0          0          0   __rtentry2.o
         6          0          0          0          0          0   __rtentry4.o
        52          8          0          0          0          0   __scatter.o
        28          0          0          0          0          0   __scatter_zi.o
        48          6          0          0          0         96   _printf_char_common.o
        36          4          0          0          0         80   _printf_char_file.o
         6          0          0          0          0          0   _printf_d.o
       120         16          0          0          0         92   _printf_dec.o
       178          0          0          0          0         88   _printf_intcommon.o
        78          0          0          0          0        108   _printf_pad.o
         0          0          0          0          0          0   _printf_percent.o
         4          0          0          0          0          0   _printf_percent_end.o
        18          0          0          0          0         80   exit.o
         8          0          0          0          0         68   ferror.o
         6          0          0          0          0        152   heapauxi.o
         2          0          0          0          0          0   libinit.o
         2          0          0          0          0          0   libinit2.o
         2          0          0          0          0          0   libshutdown.o
         2          0          0          0          0          0   libshutdown2.o
         8          4          0          0         96         68   libspace.o
        24          4          0          0          0         84   noretval__2printf.o
        68          0          0          0          0         68   rt_memclr.o
        78          0          0          0          0         80   rt_memclr_w.o
       138          0          0          0          0         68   rt_memcpy_v6.o
       100          0          0          0          0         80   rt_memcpy_w.o
         2          0          0          0          0          0   rtexit.o
        10          0          0          0          0          0   rtexit2.o
        74          0          0          0          0         80   sys_stackheap_outer.o
         2          0          0          0          0         68   use_no_semi.o
         2          0          0          0          0         68   use_no_semi_2.o
        98          4          0          0          0         92   d2f.o
       804         16          0          0          0        272   daddsub_clz.o
        24          0          0          0          0         68   dcmpi.o
        38          0          0          0          0         68   dflt_clz.o
       120          4          0          0          0         92   dleqf.o
       340         12          0          0          0        104   dmul.o
       156          4          0          0          0         92   dnaninf.o
        12          0          0          0          0         68   dretinf.o
       108          0          0          0          0         80   drleqf.o
        86          4          0          0          0         84   f2d.o
       430          8          0          0          0        168   faddsub_clz.o
        24          0          0          0          0         68   fcmpi.o
       388         76          0          0          0         96   fdiv.o
       104          4          0          0          0         84   feqf.o
        54          4          0          0          0         84   ffix.o
        62          4          0          0          0         84   ffixu.o
        38          0          0          0          0         68   fflt_clz.o
       104          4          0          0          0         84   fleqf.o
       258          4          0          0          0         84   fmul.o
       140          4          0          0          0         84   fnaninf.o
        10          0          0          0          0         68   fretinf.o
        98          0          0          0          0         68   frleqf.o
         0          0          0          0          0          0   usenofp.o

    ----------------------------------------------------------------------
      5058        198         18          0        100       3716   Library Totals
        24          0          1          0          4          0   (incl. Padding)

    ----------------------------------------------------------------------

      Code (inc. data)   RO Data    RW Data    ZI Data      Debug   Library Name

      1538         46         17          0         96       1656   c_w.l
      3496        152          0          0          0       2060   fz_ws.l

    ----------------------------------------------------------------------
      5058        198         18          0        100       3716   Library Totals

    ----------------------------------------------------------------------

==============================================================================


      Code (inc. data)   RO Data    RW Data    ZI Data      Debug   

     29722       3942        422        304      10072     380629   Grand Totals
     29722       3942        422        116      10072     380629   ELF Image Totals (compressed)
     29722       3942        422        116          0          0   ROM Totals

==============================================================================

    Total RO  Size (Code + RO Data)                30144 (  29.44kB)
    Total RW  Size (RW Data + ZI Data)             10376 (  10.13kB)
    Total ROM Size (Code + RO Data + RW Data)      30260 (  29.55kB)

==============================================================================

